Component: ARM Compiler 5.06 update 3 (build 300) Tool: armlink [4d35c9]

==============================================================================

Section Cross References

    main.o(.text) refers to usart.o(.text) for uart_init
    main.o(.text) refers to delay.o(.text) for delay_init
    main.o(.text) refers to misc.o(.text) for NVIC_PriorityGroupConfig
    main.o(.text) refers to track.o(.text) for GPIOCLKInit
    main.o(.text) refers to motor_control.o(.text) for Reset_motors
    main.o(.text) refers to can.o(.text) for CAN1_Configuration
    main.o(.text) refers to myservo.o(.text) for Servo_Init
    main.o(.text) refers to cal_distance.o(.text) for cal_distance3
    main.o(.text) refers to main.o(.data) for k
    main.o(.text) refers to main.o(.bss) for Ebox_state
    system_stm32f4xx.o(.text) refers to system_stm32f4xx.o(.data) for SystemCoreClock
    can.o(.text) refers to stm32f4xx_rcc.o(.text) for RCC_AHB1PeriphClockCmd
    can.o(.text) refers to stm32f4xx_gpio.o(.text) for GPIO_Init
    can.o(.text) refers to stm32f4xx_can.o(.text) for CAN_DeInit
    can.o(.text) refers to misc.o(.text) for NVIC_Init
    can.o(.text) refers to f2d.o(x$fpl$f2d) for __aeabi_f2d
    can.o(.text) refers to ddiv.o(x$fpl$ddiv) for __aeabi_ddiv
    can.o(.text) refers to d2f.o(x$fpl$d2f) for __aeabi_d2f
    can.o(.text) refers to rt_memcpy_w.o(.text) for __aeabi_memcpy4
    can.o(.text) refers to motor_control.o(.text) for Get_RM3508_Distance
    can.o(.text) refers to motor_control.o(.bss) for Motor_1
    motor_control.o(.text) refers to motor_control.o(.bss) for Motor_1
    motor_control.o(.text) refers to can.o(.text) for Motor_Set_Current
    routeplan.o(.text) refers to f2d.o(x$fpl$f2d) for __aeabi_f2d
    routeplan.o(.text) refers to fabs.o(i.__hardfp_fabs) for __hardfp_fabs
    routeplan.o(.text) refers to daddsub_clz.o(x$fpl$dadd) for __aeabi_dadd
    routeplan.o(.text) refers to dmul.o(x$fpl$dmul) for __aeabi_dmul
    routeplan.o(.text) refers to ddiv.o(x$fpl$ddiv) for __aeabi_ddiv
    routeplan.o(.text) refers to d2f.o(x$fpl$d2f) for __aeabi_d2f
    routeplan.o(.text) refers to motor_control.o(.bss) for Motor_1
    routeplan.o(.text) refers to routeplan.o(.bss) for motor_Position_angle
    routeplan.o(.text) refers to routeplan.o(.data) for i
    routeplan.o(.text) refers to motor_control.o(.text) for MotorSpeedExpected
    routeplan.o(.text) refers to delay.o(.text) for delay_ms
    routeplan.o(.text) refers to dleqf.o(x$fpl$dleqf) for __aeabi_cdcmple
    routeplan.o(.text) refers to sin.o(i.__hardfp_sin) for __hardfp_sin
    routeplan.o(.text) refers to cos.o(i.__hardfp_cos) for __hardfp_cos
    routeplan.o(.text) refers to daddsub_clz.o(x$fpl$dsub) for __aeabi_dsub
    routeplan.o(.text) refers to myservo.o(.text) for Servo_Angle_Set
    myservo.o(.text) refers to stm32f4xx_tim.o(.text) for TIM_SetCompare2
    myservo.o(.text) refers to stm32f4xx_rcc.o(.text) for RCC_APB1PeriphClockCmd
    myservo.o(.text) refers to stm32f4xx_gpio.o(.text) for GPIO_PinAFConfig
    track.o(.text) refers to stm32f4xx_rcc.o(.text) for RCC_AHB1PeriphClockCmd
    track.o(.text) refers to stm32f4xx_gpio.o(.text) for GPIO_Init
    track.o(.text) refers to motor_control.o(.text) for MotorSpeedExpected
    track.o(.text) refers to delay.o(.text) for delay_ms
    track.o(.text) refers to track.o(.data) for lastRobotState
    cal_distance.o(.text) refers to motor_control.o(.text) for MotorSpeedExpected
    cal_distance.o(.text) refers to delay.o(.text) for delay_ms
    cal_distance.o(.text) refers to usart.o(.text) for Read_LaserDis_Usart3
    cal_distance.o(.text) refers to routeplan.o(.data) for i
    myiic.o(.text) refers to stm32f4xx_rcc.o(.text) for RCC_AHB1PeriphClockCmd
    myiic.o(.text) refers to stm32f4xx_gpio.o(.text) for GPIO_Init
    myiic.o(.text) refers to delay.o(.text) for delay_us
    mpu6050.o(.text) refers to myiic.o(.text) for IIC_Start
    mpu6050.o(.text) refers to delay.o(.text) for delay_ms
    mpu6050.o(.text) refers to dflt_clz.o(x$fpl$dflt) for __aeabi_i2d
    mpu6050.o(.text) refers to ddiv.o(x$fpl$ddiv) for __aeabi_ddiv
    mpu6050.o(.text) refers to daddsub_clz.o(x$fpl$dadd) for __aeabi_dadd
    mpu6050.o(.text) refers to d2f.o(x$fpl$d2f) for __aeabi_d2f
    delay.o(.text) refers to misc.o(.text) for SysTick_CLKSourceConfig
    delay.o(.text) refers to delay.o(.data) for fac_us
    usart.o(.rev16_text) refers (Special) to use_no_semi_2.o(.text) for __use_no_semihosting
    usart.o(.revsh_text) refers (Special) to use_no_semi_2.o(.text) for __use_no_semihosting
    usart.o(.text) refers (Special) to use_no_semi_2.o(.text) for __use_no_semihosting
    usart.o(.text) refers to stm32f4xx_rcc.o(.text) for RCC_AHB1PeriphClockCmd
    usart.o(.text) refers to stm32f4xx_gpio.o(.text) for GPIO_PinAFConfig
    usart.o(.text) refers to stm32f4xx_usart.o(.text) for USART_Init
    usart.o(.text) refers to misc.o(.text) for NVIC_Init
    usart.o(.text) refers to delay.o(.text) for delay_ms
[...]

52 unused section(s) (total 14076 bytes) removed from the image.

==============================================================================

Image Symbol Table

    Local Symbols

    Symbol Name                              Value     Ov Type        Size  Object(Section)

    ../clib/angel/boardlib.s                 0x00000000   Number         0  boardinit3.o ABSOLUTE
    ../clib/angel/boardlib.s                 0x00000000   Number         0  boardinit1.o ABSOLUTE
    ../clib/angel/boardlib.s                 0x00000000   Number         0  boardinit2.o ABSOLUTE
    ../clib/angel/boardlib.s                 0x00000000   Number         0  boardshut.o ABSOLUTE
    ../clib/angel/handlers.s                 0x00000000   Number         0  __scatter_zi.o ABSOLUTE
    ../clib/angel/handlers.s                 0x00000000   Number         0  __scatter_copy.o ABSOLUTE
    ../clib/angel/kernel.s                   0x00000000   Number         0  rtexit2.o ABSOLUTE
    ../clib/angel/kernel.s                   0x00000000   Number         0  rtexit.o ABSOLUTE
    ../clib/angel/kernel.s                   0x00000000   Number         0  __rtentry.o ABSOLUTE
    ../clib/angel/kernel.s                   0x00000000   Number         0  __rtentry4.o ABSOLUTE
    ../clib/angel/kernel.s                   0x00000000   Number         0  __rtentry2.o ABSOLUTE
    ../clib/angel/rt.s                       0x00000000   Number         0  rt_raise.o ABSOLUTE
    ../clib/angel/rt.s                       0x00000000   Number         0  rt_errno_addr.o ABSOLUTE
    ../clib/angel/rt.s                       0x00000000   Number         0  rt_errno_addr_intlibspace.o ABSOLUTE
    ../clib/angel/scatter.s                  0x00000000   Number         0  __scatter.o ABSOLUTE
    ../clib/angel/startup.s                  0x00000000   Number         0  __main.o ABSOLUTE
    ../clib/angel/sys.s                      0x00000000   Number         0  sys_stackheap_outer.o ABSOLUTE
    ../clib/angel/sys.s                      0x00000000   Number         0  use_no_semi.o ABSOLUTE
    ../clib/angel/sys.s                      0x00000000   Number         0  use_no_semi_2.o ABSOLUTE
    ../clib/angel/sys.s                      0x00000000   Number         0  libspace.o ABSOLUTE
    ../clib/angel/sys.s                      0x00000000   Number         0  indicate_semi.o ABSOLUTE
    ../clib/angel/sysapp.c                   0x00000000   Number         0  sys_wrch.o ABSOLUTE
    ../clib/angel/sysapp.c                   0x00000000   Number         0  sys_command.o ABSOLUTE
    ../clib/armsys.c                         0x00000000   Number         0  no_argv.o ABSOLUTE
    ../clib/armsys.c                         0x00000000   Number         0  argv_veneer.o ABSOLUTE
    ../clib/armsys.c                         0x00000000   Number         0  _get_argv_nomalloc.o ABSOLUTE
    ../clib/armsys.c                         0x00000000   Number         0  argv_veneer.o ABSOLUTE
    ../clib/fenv.c                           0x00000000   Number         0  _rserrno.o ABSOLUTE
    ../clib/heapalloc.c                      0x00000000   Number         0  hrguard.o ABSOLUTE
    ../clib/heapaux.c                        0x00000000   Number         0  heapauxi.o ABSOLUTE
    ../clib/libinit.s                        0x00000000   Number         0  libshutdown2.o ABSOLUTE
    ../clib/libinit.s                        0x00000000   Number         0  libinit.o ABSOLUTE
    ../clib/libinit.s                        0x00000000   Number         0  libinit2.o ABSOLUTE
    ../clib/libinit.s                        0x00000000   Number         0  libshutdown.o ABSOLUTE
    ../clib/memcpset.s                       0x00000000   Number         0  rt_memcpy_w.o ABSOLUTE
    ../clib/signal.c                         0x00000000   Number         0  defsig_rtmem_outer.o ABSOLUTE
    ../clib/signal.c                         0x00000000   Number         0  defsig_general.o ABSOLUTE
    ../clib/signal.c                         0x00000000   Number         0  defsig_pvfn_inner.o ABSOLUTE
    ../clib/signal.c                         0x00000000   Number         0  defsig_exit.o ABSOLUTE
    ../clib/signal.c                         0x00000000   Number         0  defsig_rtmem_inner.o ABSOLUTE
    ../clib/signal.c                         0x00000000   Number         0  __raise.o ABSOLUTE
    ../clib/signal.c                         0x00000000   Number         0  defsig_abrt_inner.o ABSOLUTE
    ../clib/signal.c                         0x00000000   Number         0  defsig_fpe_inner.o ABSOLUTE
    ../clib/signal.c                         0x00000000   Number         0  defsig_rtred_inner.o ABSOLUTE
    ../clib/signal.c                         0x00000000   Number         0  defsig_stak_inner.o ABSOLUTE
    ../clib/signal.c                         0x00000000   Number         0  defsig_cppl_inner.o ABSOLUTE
    ../clib/signal.c                         0x00000000   Number         0  defsig_segv_inner.o ABSOLUTE
    ../clib/signal.c                         0x00000000   Number         0  defsig_other.o ABSOLUTE
    ../clib/signal.c                         0x00000000   Number         0  defsig_rtmem_formal.o ABSOLUTE
    ../clib/signal.s                         0x00000000   Number         0  defsig.o ABSOLUTE
    ../clib/stdlib.c                         0x00000000   Number         0  exit.o ABSOLUTE
    ../fplib/basic.s                         0x00000000   Number         0  basic.o ABSOLUTE
    ../fplib/d2f.s                           0x00000000   Number         0  d2f.o ABSOLUTE
    ../fplib/daddsub.s                       0x00000000   Number         0  daddsub_clz.o ABSOLUTE
    ../fplib/dcmpi.s                         0x00000000   Number         0  dcmpi.o ABSOLUTE
    ../fplib/ddiv.s                          0x00000000   Number         0  ddiv.o ABSOLUTE
    ../fplib/dfix.s                          0x00000000   Number         0  dfix.o ABSOLUTE
    ../fplib/dflt.s                          0x00000000   Number         0  dflt_clz.o ABSOLUTE
    ../fplib/dleqf.s                         0x00000000   Number         0  dleqf.o ABSOLUTE
    ../fplib/dmul.s                          0x00000000   Number         0  dmul.o ABSOLUTE
    ../fplib/dnaninf.s                       0x00000000   Number         0  dnaninf.o ABSOLUTE
    ../fplib/dretinf.s                       0x00000000   Number         0  dretinf.o ABSOLUTE
    ../fplib/f2d.s                           0x00000000   Number         0  f2d.o ABSOLUTE
    ../fplib/fnaninf.s                       0x00000000   Number         0  fnaninf.o ABSOLUTE
    ../fplib/fpinit.s                        0x00000000   Number         0  fpinit.o ABSOLUTE
    ../fplib/fretinf.s                       0x00000000   Number         0  fretinf.o ABSOLUTE
    ../fplib/usenofp.s                       0x00000000   Number         0  usenofp.o ABSOLUTE
    ../mathlib/cos.c                         0x00000000   Number         0  cos.o ABSOLUTE
    ../mathlib/cos.c                         0x00000000   Number         0  cos_x.o ABSOLUTE
    ../mathlib/cos_i.c                       0x00000000   Number         0  cos_i.o ABSOLUTE
    ../mathlib/dunder.c                      0x00000000   Number         0  dunder.o ABSOLUTE
    ../mathlib/fabs.c                        0x00000000   Number         0  fabs.o ABSOLUTE
    ../mathlib/fpclassify.c                  0x00000000   Number         0  fpclassify.o ABSOLUTE
    ../mathlib/poly.c                        0x00000000   Number         0  poly.o ABSOLUTE
    ../mathlib/rred.c                        0x00000000   Number         0  rred.o ABSOLUTE
    ../mathlib/sin.c                         0x00000000   Number         0  sin.o ABSOLUTE
    ../mathlib/sin.c                         0x00000000   Number         0  sin_x.o ABSOLUTE
    ../mathlib/sin_i.c                       0x00000000   Number         0  sin_i_x.o ABSOLUTE
    ../mathlib/sin_i.c                       0x00000000   Number         0  sin_i.o ABSOLUTE
    ..\CORE\startup_stm32f40_41xxx.s         0x00000000   Number         0  startup_stm32f40_41xxx.o ABSOLUTE
    ..\FWLIB\src\misc.c                      0x00000000   Number         0  misc.o ABSOLUTE
    ..\FWLIB\src\stm32f4xx_can.c             0x00000000   Number         0  stm32f4xx_can.o ABSOLUTE
    ..\FWLIB\src\stm32f4xx_fsmc.c            0x00000000   Number         0  stm32f4xx_fsmc.o ABSOLUTE
    ..\FWLIB\src\stm32f4xx_gpio.c            0x00000000   Number         0  stm32f4xx_gpio.o ABSOLUTE
    ..\FWLIB\src\stm32f4xx_rcc.c             0x00000000   Number         0  stm32f4xx_rcc.o ABSOLUTE
    ..\FWLIB\src\stm32f4xx_syscfg.c          0x00000000   Number         0  stm32f4xx_syscfg.o ABSOLUTE
    ..\FWLIB\src\stm32f4xx_tim.c             0x00000000   Number         0  stm32f4xx_tim.o ABSOLUTE
    ..\FWLIB\src\stm32f4xx_usart.c           0x00000000   Number         0  stm32f4xx_usart.o ABSOLUTE
    ..\HARDWARE\CAN\can.c                    0x00000000   Number         0  can.o ABSOLUTE
    ..\HARDWARE\IIC\myiic.c                  0x00000000   Number         0  myiic.o ABSOLUTE
    ..\HARDWARE\MPU6050\mpu6050.c            0x00000000   Number         0  mpu6050.o ABSOLUTE
    ..\HARDWARE\MotorControl\motor_control.c 0x00000000   Number         0  motor_control.o ABSOLUTE
    ..\HARDWARE\RoutePlan\routeplan.c        0x00000000   Number         0  routeplan.o ABSOLUTE
    ..\HARDWARE\Servo\MyServo.c              0x00000000   Number         0  myservo.o ABSOLUTE
    ..\HARDWARE\Track\track.c                0x00000000   Number         0  track.o ABSOLUTE
    ..\HARDWARE\WL_LaserDis_V2\cal_distance.c 0x00000000   Number         0  cal_distance.o ABSOLUTE
    ..\SYSTEM\delay\delay.c                  0x00000000   Number         0  delay.o ABSOLUTE
    ..\SYSTEM\sys\sys.c                      0x00000000   Number         0  sys.o ABSOLUTE
    ..\SYSTEM\usart\usart.c                  0x00000000   Number         0  usart.o ABSOLUTE
    ..\\FWLIB\\src\\misc.c                   0x00000000   Number         0  misc.o ABSOLUTE
    ..\\FWLIB\\src\\stm32f4xx_can.c          0x00000000   Number         0  stm32f4xx_can.o ABSOLUTE
    ..\\FWLIB\\src\\stm32f4xx_fsmc.c         0x00000000   Number         0  stm32f4xx_fsmc.o ABSOLUTE
    ..\\FWLIB\\src\\stm32f4xx_gpio.c         0x00000000   Number         0  stm32f4xx_gpio.o ABSOLUTE
    ..\\FWLIB\\src\\stm32f4xx_rcc.c          0x00000000   Number         0  stm32f4xx_rcc.o ABSOLUTE
    ..\\FWLIB\\src\\stm32f4xx_syscfg.c       0x00000000   Number         0  stm32f4xx_syscfg.o ABSOLUTE
    ..\\FWLIB\\src\\stm32f4xx_tim.c          0x00000000   Number         0  stm32f4xx_tim.o ABSOLUTE
    ..\\FWLIB\\src\\stm32f4xx_usart.c        0x00000000   Number         0  stm32f4xx_usart.o ABSOLUTE
    ..\\HARDWARE\\CAN\\can.c                 0x00000000   Number         0  can.o ABSOLUTE
    ..\\HARDWARE\\IIC\\myiic.c               0x00000000   Number         0  myiic.o ABSOLUTE
    ..\\HARDWARE\\MPU6050\\mpu6050.c         0x00000000   Number         0  mpu6050.o ABSOLUTE
    ..\\HARDWARE\\MotorControl\\motor_control.c 0x00000000   Number         0  motor_control.o ABSOLUTE
    ..\\HARDWARE\\RoutePlan\\routeplan.c     0x00000000   Number         0  routeplan.o ABSOLUTE
    ..\\HARDWARE\\Servo\\MyServo.c           0x00000000   Number         0  myservo.o ABSOLUTE
    ..\\HARDWARE\\Track\\track.c             0x00000000   Number         0  track.o ABSOLUTE
    ..\\HARDWARE\\WL_LaserDis_V2\\cal_distance.c 0x00000000   Number         0  cal_distance.o ABSOLUTE
    ..\\SYSTEM\\delay\\delay.c               0x00000000   Number         0  delay.o ABSOLUTE
    ..\\SYSTEM\\sys\\sys.c                   0x00000000   Number         0  sys.o ABSOLUTE
    ..\\SYSTEM\\usart\\usart.c               0x00000000   Number         0  usart.o ABSOLUTE
    dc.s                                     0x00000000   Number         0  dc.o ABSOLUTE
    main.c                                   0x00000000   Number         0  main.o ABSOLUTE
    main.c                                   0x00000000   Number         0  main.o ABSOLUTE
    stm32f4xx_it.c                           0x00000000   Number         0  stm32f4xx_it.o ABSOLUTE
    stm32f4xx_it.c                           0x00000000   Number         0  stm32f4xx_it.o ABSOLUTE
    system_stm32f4xx.c                       0x00000000   Number         0  system_stm32f4xx.o ABSOLUTE
    system_stm32f4xx.c                       0x00000000   Number         0  system_stm32f4xx.o ABSOLUTE
    RESET                                    0x08000000   Section      392  startup_stm32f40_41xxx.o(RESET)
    !!!main                                  0x08000188   Section        8  __main.o(!!!main)
    !!!scatter                               0x08000190   Section       52  __scatter.o(!!!scatter)
    !!handler_copy                           0x080001c4   Section       26  __scatter_copy.o(!!handler_copy)
    !!handler_zi                             0x080001e0   Section       28  __scatter_zi.o(!!handler_zi)
    .ARM.Collect$$libinit$$00000000          0x080001fc   Section        2  libinit.o(.ARM.Collect$$libinit$$00000000)
    .ARM.Collect$$libinit$$00000001          0x080001fe   Section        4  libinit2.o(.ARM.Collect$$libinit$$00000001)
    .ARM.Collect$$libinit$$00000004          0x08000202   Section        0  libinit2.o(.ARM.Collect$$libinit$$00000004)
    .ARM.Collect$$libinit$$0000000A          0x08000202   Section        0  libinit2.o(.ARM.Collect$$libinit$$0000000A)
    .ARM.Collect$$libinit$$0000000C          0x08000202   Section        0  libinit2.o(.ARM.Collect$$libinit$$0000000C)
    .ARM.Collect$$libinit$$0000000E          0x08000202   Section        0  libinit2.o(.ARM.Collect$$libinit$$0000000E)
    .ARM.Collect$$libinit$$00000011          0x08000202   Section        0  libinit2.o(.ARM.Collect$$libinit$$00000011)
    .ARM.Collect$$libinit$$00000013          0x08000202   Section        0  libinit2.o(.ARM.Collect$$libinit$$00000013)
    .ARM.Collect$$libinit$$00000015          0x08000202   Section        0  libinit2.o(.ARM.Collect$$libinit$$00000015)
    .ARM.Collect$$libinit$$00000017          0x08000202   Section        0  libinit2.o(.ARM.Collect$$libinit$$00000017)
    .ARM.Collect$$libinit$$00000019          0x08000202   Section        0  libinit2.o(.ARM.Collect$$libinit$$00000019)
    .ARM.Collect$$libinit$$0000001B          0x08000202   Section        0  libinit2.o(.ARM.Collect$$libinit$$0000001B)
    .ARM.Collect$$libinit$$0000001D          0x08000202   Section        0  libinit2.o(.ARM.Collect$$libinit$$0000001D)
    .ARM.Collect$$libinit$$0000001F          0x08000202   Section        0  libinit2.o(.ARM.Collect$$libinit$$0000001F)
    .ARM.Collect$$libinit$$00000021          0x08000202   Section        0  libinit2.o(.ARM.Collect$$libinit$$00000021)
    .ARM.Collect$$libinit$$00000023          0x08000202   Section        0  libinit2.o(.ARM.Collect$$libinit$$00000023)
    .ARM.Collect$$libinit$$00000025          0x08000202   Section        0  libinit2.o(.ARM.Collect$$libinit$$00000025)
    .ARM.Collect$$libinit$$0000002C          0x08000202   Section        0  libinit2.o(.ARM.Collect$$libinit$$0000002C)
    .ARM.Collect$$libinit$$0000002E          0x08000202   Section        0  libinit2.o(.ARM.Collect$$libinit$$0000002E)
    .ARM.Collect$$libinit$$00000030          0x08000202   Section        0  libinit2.o(.ARM.Collect$$libinit$$00000030)
    .ARM.Collect$$libinit$$00000032          0x08000202   Section        0  libinit2.o(.ARM.Collect$$libinit$$00000032)
    .ARM.Collect$$libinit$$00000033          0x08000202   Section        2  libinit2.o(.ARM.Collect$$libinit$$00000033)
    .ARM.Collect$$libshutdown$$00000000      0x08000204   Section        2  libshutdown.o(.ARM.Collect$$libshutdown$$00000000)
    .ARM.Collect$$libshutdown$$00000002      0x08000206   Section        0  libshutdown2.o(.ARM.Collect$$libshutdown$$00000002)
    .ARM.Collect$$libshutdown$$00000004      0x08000206   Section        0  libshutdown2.o(.ARM.Collect$$libshutdown$$00000004)
    .ARM.Collect$$libshutdown$$00000007      0x08000206   Section        0  libshutdown2.o(.ARM.Collect$$libshutdown$$00000007)
    .ARM.Collect$$libshutdown$$0000000A      0x08000206   Section        0  libshutdown2.o(.ARM.Collect$$libshutdown$$0000000A)
    .ARM.Collect$$libshutdown$$0000000C      0x08000206   Section        0  libshutdown2.o(.ARM.Collect$$libshutdown$$0000000C)
    .ARM.Collect$$libshutdown$$0000000F      0x08000206   Section        0  libshutdown2.o(.ARM.Collect$$libshutdown$$0000000F)
    .ARM.Collect$$libshutdown$$00000010      0x08000206   Section        2  libshutdown2.o(.ARM.Collect$$libshutdown$$00000010)
    .ARM.Collect$$rtentry$$00000000          0x08000208   Section        0  __rtentry.o(.ARM.Collect$$rtentry$$00000000)
    .ARM.Collect$$rtentry$$00000002          0x08000208   Section        0  __rtentry2.o(.ARM.Collect$$rtentry$$00000002)
    .ARM.Collect$$rtentry$$00000004          0x08000208   Section        6  __rtentry4.o(.ARM.Collect$$rtentry$$00000004)
    .ARM.Collect$$rtentry$$00000009          0x0800020e   Section        0  __rtentry2.o(.ARM.Collect$$rtentry$$00000009)
    .ARM.Collect$$rtentry$$0000000A          0x0800020e   Section        4  __rtentry2.o(.ARM.Collect$$rtentry$$0000000A)
    .ARM.Collect$$rtentry$$0000000C          0x08000212   Section        0  __rtentry2.o(.ARM.Collect$$rtentry$$0000000C)
    .ARM.Collect$$rtentry$$0000000D          0x08000212   Section        8  __rtentry2.o(.ARM.Collect$$rtentry$$0000000D)
    .ARM.Collect$$rtexit$$00000000           0x0800021a   Section        2  rtexit.o(.ARM.Collect$$rtexit$$00000000)
    .ARM.Collect$$rtexit$$00000002           0x0800021c   Section        0  rtexit2.o(.ARM.Collect$$rtexit$$00000002)
    .ARM.Collect$$rtexit$$00000003           0x0800021c   Section        4  rtexit2.o(.ARM.Collect$$rtexit$$00000003)
    .ARM.Collect$$rtexit$$00000004           0x08000220   Section        6  rtexit2.o(.ARM.Collect$$rtexit$$00000004)
    .text                                    0x08000228   Section        0  main.o(.text)
    .text                                    0x08000384   Section        0  stm32f4xx_it.o(.text)
    .text                                    0x080003a0   Section        0  system_stm32f4xx.o(.text)
    SetSysClock                              0x080003a1   Thumb Code   220  system_stm32f4xx.o(.text)
    .text                                    0x080005b0   Section        0  can.o(.text)
    .text                                    0x08000d14   Section        0  motor_control.o(.text)
    .text                                    0x0800185c   Section        0  myservo.o(.text)
    .text                                    0x08001984   Section        0  track.o(.text)
    .text                                    0x08002dc0   Section        0  cal_distance.o(.text)
    .text                                    0x0800302c   Section        0  delay.o(.text)
    .text                                    0x08003130   Section        0  usart.o(.text)
    .text                                    0x080039e0   Section       64  startup_stm32f40_41xxx.o(.text)
    $v0                                      0x080039e0   Number         0  startup_stm32f40_41xxx.o(.text)
    .text                                    0x08003a20   Section        0  misc.o(.text)
    .text                                    0x08003b00   Section        0  stm32f4xx_gpio.o(.text)
    .text                                    0x08003d94   Section        0  stm32f4xx_rcc.o(.text)
    .text                                    0x080043f0   Section        0  stm32f4xx_usart.o(.text)
    .text                                    0x08004844   Section        0  stm32f4xx_can.o(.text)
    CheckITStatus                            0x08005047   Thumb Code    18  stm32f4xx_can.o(.text)
    .text                                    0x08005234   Section        0  stm32f4xx_tim.o(.text)
    TI4_Config                               0x080059d3   Thumb Code    80  stm32f4xx_tim.o(.text)
    TI3_Config                               0x08005a35   Thumb Code    72  stm32f4xx_tim.o(.text)
    TI2_Config                               0x08005a97   Thumb Code    90  stm32f4xx_tim.o(.text)
    TI1_Config                               0x08005b03   Thumb Code    58  stm32f4xx_tim.o(.text)
    .text                                    0x08005ed6   Section        2  use_no_semi_2.o(.text)
    .text                                    0x08005ed8   Section      100  rt_memcpy_w.o(.text)
    .text                                    0x08005f3c   Section        0  heapauxi.o(.text)
    .text                                    0x08005f42   Section        2  use_no_semi.o(.text)
    .text                                    0x08005f44   Section        8  libspace.o(.text)
    .text                                    0x08005f4c   Section       74  sys_stackheap_outer.o(.text)
    .text                                    0x08005f96   Section        0  exit.o(.text)
    x$fpl$d2f                                0x08005fa8   Section       98  d2f.o(x$fpl$d2f)
    $v0                                      0x08005fa8   Number         0  d2f.o(x$fpl$d2f)
    x$fpl$ddiv                               0x0800600c   Section      688  ddiv.o(x$fpl$ddiv)
    $v0                                      0x0800600c   Number         0  ddiv.o(x$fpl$ddiv)
    ddiv_entry                               0x08006013   Thumb Code     0  ddiv.o(x$fpl$ddiv)
    x$fpl$dnaninf                            0x080062bc   Section      156  dnaninf.o(x$fpl$dnaninf)
    $v0                                      0x080062bc   Number         0  dnaninf.o(x$fpl$dnaninf)
    x$fpl$dretinf                            0x08006358   Section       12  dretinf.o(x$fpl$dretinf)
    $v0                                      0x08006358   Number         0  dretinf.o(x$fpl$dretinf)
    x$fpl$f2d                                0x08006364   Section       86  f2d.o(x$fpl$f2d)
    $v0                                      0x08006364   Number         0  f2d.o(x$fpl$f2d)
    x$fpl$fnaninf                            0x080063ba   Section      140  fnaninf.o(x$fpl$fnaninf)
    $v0                                      0x080063ba   Number         0  fnaninf.o(x$fpl$fnaninf)
    x$fpl$fpinit                             0x08006446   Section       10  fpinit.o(x$fpl$fpinit)
    $v0                                      0x08006446   Number         0  fpinit.o(x$fpl$fpinit)
    x$fpl$fretinf                            0x08006450   Section       10  fretinf.o(x$fpl$fretinf)
    $v0                                      0x08006450   Number         0  fretinf.o(x$fpl$fretinf)
    x$fpl$usenofp                            0x0800645a   Section        0  usenofp.o(x$fpl$usenofp)
    .data                                    0x20000000   Section       20  main.o(.data)
    .data                                    0x20000014   Section       20  system_stm32f4xx.o(.data)
    .data                                    0x20000028   Section        4  routeplan.o(.data)
    .data                                    0x2000002c   Section        6  track.o(.data)
    currentRobotState                        0x2000002c   Data           1  track.o(.data)
    lastRobotState                           0x2000002d   Data           1  track.o(.data)
    flag                                     0x2000002e   Data           1  track.o(.data)
    posFlag                                  0x2000002f   Data           1  track.o(.data)
    rotateFlag                               0x20000030   Data           1  track.o(.data)
    stopRightFlag                            0x20000031   Data           1  track.o(.data)
    .data                                    0x20000032   Section        4  delay.o(.data)
    fac_us                                   0x20000032   Data           1  delay.o(.data)
    fac_ms                                   0x20000034   Data           2  delay.o(.data)
    .data                                    0x20000038   Section        9  usart.o(.data)
    .data                                    0x20000041   Section       16  stm32f4xx_rcc.o(.data)
    APBAHBPrescTable                         0x20000041   Data          16  stm32f4xx_rcc.o(.data)
    .bss                                     0x20000054   Section       36  main.o(.bss)
    .bss                                     0x20000078   Section      780  motor_control.o(.bss)
    .bss                                     0x20000384   Section      296  usart.o(.bss)
    .bss                                     0x200004ac   Section       96  libspace.o(.bss)
    HEAP                                     0x20000510   Section      512  startup_stm32f40_41xxx.o(HEAP)
    Heap_Mem                                 0x20000510   Data         512  startup_stm32f40_41xxx.o(HEAP)
    STACK                                    0x20000710   Section     1024  startup_stm32f40_41xxx.o(STACK)
    Stack_Mem                                0x20000710   Data        1024  startup_stm32f40_41xxx.o(STACK)
    __initial_sp                             0x20000b10   Data           0  startup_stm32f40_41xxx.o(STACK)

    Global Symbols

    Symbol Name                              Value     Ov Type        Size  Object(Section)

    BuildAttributes$$THM_ISAv4$E$P$D$K$B$S$7EM$VFPi3$EXTD16$VFPS$VFMA$PE$A:L22UL41UL21$X:L11$S22US41US21$IEEE1$IW$USESV6$~STKCKD$USESV7$~SHL$OTIME$ROPI$IEEEX$EBA8$UX$STANDARDLIB$REQ8$PRES8$EABIv2 0x00000000   Number         0  anon$$obj.o ABSOLUTE
    __ARM_use_no_argv                        0x00000000   Number         0  main.o ABSOLUTE
    __ARM_exceptions_init                     - Undefined Weak Reference
    __alloca_initialize                       - Undefined Weak Reference
    __arm_preinit_                            - Undefined Weak Reference
    __cpp_initialize__aeabi_                  - Undefined Weak Reference
    __cxa_finalize                            - Undefined Weak Reference
    __rt_locale                               - Undefined Weak Reference
    __sigvec_lookup                           - Undefined Weak Reference
    _atexit_init                              - Undefined Weak Reference
    _call_atexit_fns                          - Undefined Weak Reference
    _clock_init                               - Undefined Weak Reference
    _fp_trap_init                             - Undefined Weak Reference
    _fp_trap_shutdown                         - Undefined Weak Reference
    _get_lc_collate                           - Undefined Weak Reference
    _get_lc_ctype                             - Undefined Weak Reference
    _get_lc_monetary                          - Undefined Weak Reference
    _get_lc_numeric                           - Undefined Weak Reference
    _get_lc_time                              - Undefined Weak Reference
    _getenv_init                              - Undefined Weak Reference
    _handle_redirection                       - Undefined Weak Reference
    _init_alloc                               - Undefined Weak Reference
    _init_user_alloc                          - Undefined Weak Reference
    _initio                                   - Undefined Weak Reference
    _rand_init                                - Undefined Weak Reference
    _signal_finish                            - Undefined Weak Reference
    _signal_init                              - Undefined Weak Reference
    _terminate_alloc                          - Undefined Weak Reference
    _terminate_user_alloc                     - Undefined Weak Reference
    _terminateio                              - Undefined Weak Reference
    __Vectors_Size                           0x00000188   Number         0  startup_stm32f40_41xxx.o ABSOLUTE
    __Vectors                                0x08000000   Data           4  startup_stm32f40_41xxx.o(RESET)
    __Vectors_End                            0x08000188   Data           0  startup_stm32f40_41xxx.o(RESET)
    __main                                   0x08000189   Thumb Code     8  __main.o(!!!main)
    __scatterload                            0x08000191   Thumb Code     0  __scatter.o(!!!scatter)
    __scatterload_rt2                        0x08000191   Thumb Code    44  __scatter.o(!!!scatter)
    __scatterload_rt2_thumb_only             0x08000191   Thumb Code     0  __scatter.o(!!!scatter)
    __scatterload_null                       0x0800019f   Thumb Code     0  __scatter.o(!!!scatter)
    __scatterload_copy                       0x080001c5   Thumb Code    26  __scatter_copy.o(!!handler_copy)
    __scatterload_zeroinit                   0x080001e1   Thumb Code    28  __scatter_zi.o(!!handler_zi)
    __rt_lib_init                            0x080001fd   Thumb Code     0  libinit.o(.ARM.Collect$$libinit$$00000000)
    __rt_lib_init_fp_1                       0x080001ff   Thumb Code     0  libinit2.o(.ARM.Collect$$libinit$$00000001)
    __rt_lib_init_alloca_1                   0x08000203   Thumb Code     0  libinit2.o(.ARM.Collect$$libinit$$0000002E)
    __rt_lib_init_argv_1                     0x08000203   Thumb Code     0  libinit2.o(.ARM.Collect$$libinit$$0000002C)
    __rt_lib_init_atexit_1                   0x08000203   Thumb Code     0  libinit2.o(.ARM.Collect$$libinit$$0000001B)
    __rt_lib_init_clock_1                    0x08000203   Thumb Code     0  libinit2.o(.ARM.Collect$$libinit$$00000021)
    __rt_lib_init_cpp_1                      0x08000203   Thumb Code     0  libinit2.o(.ARM.Collect$$libinit$$00000032)
    __rt_lib_init_exceptions_1               0x08000203   Thumb Code     0  libinit2.o(.ARM.Collect$$libinit$$00000030)
    __rt_lib_init_fp_trap_1                  0x08000203   Thumb Code     0  libinit2.o(.ARM.Collect$$libinit$$0000001F)
    __rt_lib_init_getenv_1                   0x08000203   Thumb Code     0  libinit2.o(.ARM.Collect$$libinit$$00000023)
    __rt_lib_init_heap_1                     0x08000203   Thumb Code     0  libinit2.o(.ARM.Collect$$libinit$$0000000A)
    __rt_lib_init_lc_collate_1               0x08000203   Thumb Code     0  libinit2.o(.ARM.Collect$$libinit$$00000011)
    __rt_lib_init_lc_ctype_1                 0x08000203   Thumb Code     0  libinit2.o(.ARM.Collect$$libinit$$00000013)
    __rt_lib_init_lc_monetary_1              0x08000203   Thumb Code     0  libinit2.o(.ARM.Collect$$libinit$$00000015)
    __rt_lib_init_lc_numeric_1               0x08000203   Thumb Code     0  libinit2.o(.ARM.Collect$$libinit$$00000017)
    __rt_lib_init_lc_time_1                  0x08000203   Thumb Code     0  libinit2.o(.ARM.Collect$$libinit$$00000019)
    __rt_lib_init_preinit_1                  0x08000203   Thumb Code     0  libinit2.o(.ARM.Collect$$libinit$$00000004)
    __rt_lib_init_rand_1                     0x08000203   Thumb Code     0  libinit2.o(.ARM.Collect$$libinit$$0000000E)
    __rt_lib_init_return                     0x08000203   Thumb Code     0  libinit2.o(.ARM.Collect$$libinit$$00000033)
    __rt_lib_init_signal_1                   0x08000203   Thumb Code     0  libinit2.o(.ARM.Collect$$libinit$$0000001D)
    __rt_lib_init_stdio_1                    0x08000203   Thumb Code     0  libinit2.o(.ARM.Collect$$libinit$$00000025)
    __rt_lib_init_user_alloc_1               0x08000203   Thumb Code     0  libinit2.o(.ARM.Collect$$libinit$$0000000C)
    __rt_lib_shutdown                        0x08000205   Thumb Code     0  libshutdown.o(.ARM.Collect$$libshutdown$$00000000)
    __rt_lib_shutdown_cpp_1                  0x08000207   Thumb Code     0  libshutdown2.o(.ARM.Collect$$libshutdown$$00000002)
    __rt_lib_shutdown_fp_trap_1              0x08000207   Thumb Code     0  libshutdown2.o(.ARM.Collect$$libshutdown$$00000007)
    __rt_lib_shutdown_heap_1                 0x08000207   Thumb Code     0  libshutdown2.o(.ARM.Collect$$libshutdown$$0000000F)
    __rt_lib_shutdown_return                 0x08000207   Thumb Code     0  libshutdown2.o(.ARM.Collect$$libshutdown$$00000010)
    __rt_lib_shutdown_signal_1               0x08000207   Thumb Code     0  libshutdown2.o(.ARM.Collect$$libshutdown$$0000000A)
    __rt_lib_shutdown_stdio_1                0x08000207   Thumb Code     0  libshutdown2.o(.ARM.Collect$$libshutdown$$00000004)
    __rt_lib_shutdown_user_alloc_1           0x08000207   Thumb Code     0  libshutdown2.o(.ARM.Collect$$libshutdown$$0000000C)
    __rt_entry                               0x08000209   Thumb Code     0  __rtentry.o(.ARM.Collect$$rtentry$$00000000)
    __rt_entry_presh_1                       0x08000209   Thumb Code     0  __rtentry2.o(.ARM.Collect$$rtentry$$00000002)
    __rt_entry_sh                            0x08000209   Thumb Code     0  __rtentry4.o(.ARM.Collect$$rtentry$$00000004)
    __rt_entry_li                            0x0800020f   Thumb Code     0  __rtentry2.o(.ARM.Collect$$rtentry$$0000000A)
    __rt_entry_postsh_1                      0x0800020f   Thumb Code     0  __rtentry2.o(.ARM.Collect$$rtentry$$00000009)
    __rt_entry_main                          0x08000213   Thumb Code     0  __rtentry2.o(.ARM.Collect$$rtentry$$0000000D)
    __rt_entry_postli_1                      0x08000213   Thumb Code     0  __rtentry2.o(.ARM.Collect$$rtentry$$0000000C)
    __rt_exit                                0x0800021b   Thumb Code     0  rtexit.o(.ARM.Collect$$rtexit$$00000000)
    __rt_exit_ls                             0x0800021d   Thumb Code     0  rtexit2.o(.ARM.Collect$$rtexit$$00000003)
    __rt_exit_prels_1                        0x0800021d   Thumb Code     0  rtexit2.o(.ARM.Collect$$rtexit$$00000002)
    __rt_exit_exit                           0x08000221   Thumb Code     0  rtexit2.o(.ARM.Collect$$rtexit$$00000004)
    ChooseEndPoint                           0x08000229   Thumb Code   156  main.o(.text)
    ChooseStartPoint                         0x080002c5   Thumb Code    42  main.o(.text)
    main                                     0x080002ef   Thumb Code   132  main.o(.text)
    NMI_Handler                              0x08000385   Thumb Code     2  stm32f4xx_it.o(.text)
    HardFault_Handler                        0x08000387   Thumb Code     4  stm32f4xx_it.o(.text)
    MemManage_Handler                        0x0800038b   Thumb Code     4  stm32f4xx_it.o(.text)
    BusFault_Handler                         0x0800038f   Thumb Code     4  stm32f4xx_it.o(.text)
    UsageFault_Handler                       0x08000393   Thumb Code     4  stm32f4xx_it.o(.text)
    SVC_Handler                              0x08000397   Thumb Code     2  stm32f4xx_it.o(.text)
    DebugMon_Handler                         0x08000399   Thumb Code     2  stm32f4xx_it.o(.text)
    PendSV_Handler                           0x0800039b   Thumb Code     2  stm32f4xx_it.o(.text)
    SysTick_Handler                          0x0800039d   Thumb Code     2  stm32f4xx_it.o(.text)
    SystemInit                               0x0800047d   Thumb Code    88  system_stm32f4xx.o(.text)
    SystemCoreClockUpdate                    0x080004d5   Thumb Code   174  system_stm32f4xx.o(.text)
    CAN1_Configuration                       0x080005b1   Thumb Code   280  can.o(.text)
    CAN1_TX_IRQHandler                       0x080006c9   Thumb Code    22  can.o(.text)
    CAN1_RX0_IRQHandler                      0x080006df   Thumb Code  1430  can.o(.text)
    Motor_Set_Current                        0x08000c75   Thumb Code    92  can.o(.text)
    Lift_Motor_Set_Current                   0x08000cd1   Thumb Code    50  can.o(.text)
    Myabs                                    0x08000d15   Thumb Code    20  motor_control.o(.text)
    Get_RM3508_Distance                      0x08000d29   Thumb Code   108  motor_control.o(.text)
    Reset_motors                             0x08000d95   Thumb Code   134  motor_control.o(.text)
    MotorCurrentPidInit                      0x08000e1b   Thumb Code   322  motor_control.o(.text)
    MotorSpeedPidInit                        0x08000f5d   Thumb Code   412  motor_control.o(.text)
    MotorPositionPidInit                     0x080010f9   Thumb Code   544  motor_control.o(.text)
    PidInit                                  0x08001319   Thumb Code    16  motor_control.o(.text)
    ClassicPidRegulate                       0x08001329   Thumb Code   252  motor_control.o(.text)
    motor_driver                             0x08001425   Thumb Code   740  motor_control.o(.text)
    MotorSpeedExpected                       0x08001709   Thumb Code    98  motor_control.o(.text)
    MotorCurrentExpected                     0x0800176b   Thumb Code    98  motor_control.o(.text)
    MotorPositionExpected                    0x080017cd   Thumb Code    98  motor_control.o(.text)
    Servo_Angle_Set                          0x0800185d   Thumb Code   110  myservo.o(.text)
    Servo_Init                               0x080018cb   Thumb Code   160  myservo.o(.text)
    GPIOCLKInit                              0x08001985   Thumb Code    60  track.o(.text)
    RedRayInit                               0x080019c1   Thumb Code   434  track.o(.text)
    wayAllBlack                              0x08001b73   Thumb Code    92  track.o(.text)
    canRotate                                0x08001bcf   Thumb Code    64  track.o(.text)
    needRotateClockwise                      0x08001c0f   Thumb Code    94  track.o(.text)
    needRotateCounterClockwise               0x08001c6d   Thumb Code    94  track.o(.text)
    lightBlack                               0x08001ccb   Thumb Code   388  track.o(.text)
    rotateToTrack                            0x08001e4f   Thumb Code  1462  track.o(.text)
    way1AllWhite                             0x08002405   Thumb Code    86  track.o(.text)
    way2AllWhite                             0x0800245b   Thumb Code    84  track.o(.text)
    reachTarget                              0x080024af   Thumb Code   136  track.o(.text)
    needRight                                0x08002537   Thumb Code    92  track.o(.text)
    needLeft                                 0x08002593   Thumb Code   118  track.o(.text)
    needForward                              0x08002609   Thumb Code    64  track.o(.text)
    runFront                                 0x08002649   Thumb Code    34  track.o(.text)
    runBack                                  0x0800266b   Thumb Code    34  track.o(.text)
    runLeft                                  0x0800268d   Thumb Code    34  track.o(.text)
    runRight                                 0x080026af   Thumb Code    34  track.o(.text)
    runStop                                  0x080026d1   Thumb Code    34  track.o(.text)
    clockwiseRotate                          0x080026f3   Thumb Code    34  track.o(.text)
    clockwiseCounterRotate                   0x08002715   Thumb Code    34  track.o(.text)
    stateInit                                0x08002737   Thumb Code    28  track.o(.text)
    startTrack                               0x08002753   Thumb Code  1602  track.o(.text)
    cal_distance1                            0x08002dc1   Thumb Code   244  cal_distance.o(.text)
    cal_distance2                            0x08002eb5   Thumb Code   244  cal_distance.o(.text)
    cal_distance3                            0x08002fa9   Thumb Code   120  cal_distance.o(.text)
    delay_init                               0x0800302d   Thumb Code    52  delay.o(.text)
    delay_us                                 0x08003061   Thumb Code    72  delay.o(.text)
    delay_xms                                0x080030a9   Thumb Code    72  delay.o(.text)
    delay_ms                                 0x080030f1   Thumb Code    56  delay.o(.text)
    _sys_exit                                0x08003131   Thumb Code     4  usart.o(.text)
    fputc                                    0x08003135   Thumb Code    22  usart.o(.text)
    uart_init                                0x0800314b   Thumb Code   164  usart.o(.text)
    uart3_init                               0x080031ef   Thumb Code   166  usart.o(.text)
    uart2_init                               0x08003295   Thumb Code   164  usart.o(.text)
    uart6_init                               0x08003339   Thumb Code   164  usart.o(.text)
    Read_LaserDis_Usart3                     0x080033dd   Thumb Code   242  usart.o(.text)
    Read_LaserDis_Usart2                     0x080034cf   Thumb Code   280  usart.o(.text)
    Read_LaserDis_Usart6                     0x080035e7   Thumb Code   242  usart.o(.text)
    Set_LaserDis_Usart3                      0x080036d9   Thumb Code   154  usart.o(.text)
    Set_LaserDis_Usart2                      0x08003773   Thumb Code   154  usart.o(.text)
    Set_LaserDis_Usart6                      0x0800380d   Thumb Code   154  usart.o(.text)
    USART1_IRQHandler                        0x080038a7   Thumb Code   122  usart.o(.text)
    USART3_IRQHandler                        0x08003921   Thumb Code    88  usart.o(.text)
    USART2_IRQHandler                        0x08003979   Thumb Code    40  usart.o(.text)
    USART6_IRQHandler                        0x080039a1   Thumb Code    40  usart.o(.text)
    Reset_Handler                            0x080039e1   Thumb Code     8  startup_stm32f40_41xxx.o(.text)
    ADC_IRQHandler                           0x080039fb   Thumb Code     0  startup_stm32f40_41xxx.o(.text)
    CAN1_RX1_IRQHandler                      0x080039fb   Thumb Code     0  startup_stm32f40_41xxx.o(.text)
    CAN1_SCE_IRQHandler                      0x080039fb   Thumb Code     0  startup_stm32f40_41xxx.o(.text)
    CAN2_RX0_IRQHandler                      0x080039fb   Thumb Code     0  startup_stm32f40_41xxx.o(.text)
    CAN2_RX1_IRQHandler                      0x080039fb   Thumb Code     0  startup_stm32f40_41xxx.o(.text)
    CAN2_SCE_IRQHandler                      0x080039fb   Thumb Code     0  startup_stm32f40_41xxx.o(.text)
    CAN2_TX_IRQHandler                       0x080039fb   Thumb Code     0  startup_stm32f40_41xxx.o(.text)
    CRYP_IRQHandler                          0x080039fb   Thumb Code     0  startup_stm32f40_41xxx.o(.text)
    DCMI_IRQHandler                          0x080039fb   Thumb Code     0  startup_stm32f40_41xxx.o(.text)
    DMA1_Stream0_IRQHandler                  0x080039fb   Thumb Code     0  startup_stm32f40_41xxx.o(.text)
    DMA1_Stream1_IRQHandler                  0x080039fb   Thumb Code     0  startup_stm32f40_41xxx.o(.text)
    DMA1_Stream2_IRQHandler                  0x080039fb   Thumb Code     0  startup_stm32f40_41xxx.o(.text)
    DMA1_Stream3_IRQHandler                  0x080039fb   Thumb Code     0  startup_stm32f40_41xxx.o(.text)
    DMA1_Stream4_IRQHandler                  0x080039fb   Thumb Code     0  startup_stm32f40_41xxx.o(.text)
    DMA1_Stream5_IRQHandler                  0x080039fb   Thumb Code     0  startup_stm32f40_41xxx.o(.text)
    DMA1_Stream6_IRQHandler                  0x080039fb   Thumb Code     0  startup_stm32f40_41xxx.o(.text)
    DMA1_Stream7_IRQHandler                  0x080039fb   Thumb Code     0  startup_stm32f40_41xxx.o(.text)
    DMA2_Stream0_IRQHandler                  0x080039fb   Thumb Code     0  startup_stm32f40_41xxx.o(.text)
    DMA2_Stream1_IRQHandler                  0x080039fb   Thumb Code     0  startup_stm32f40_41xxx.o(.text)
    DMA2_Stream2_IRQHandler                  0x080039fb   Thumb Code     0  startup_stm32f40_41xxx.o(.text)
    DMA2_Stream3_IRQHandler                  0x080039fb   Thumb Code     0  startup_stm32f40_41xxx.o(.text)
    DMA2_Stream4_IRQHandler                  0x080039fb   Thumb Code     0  startup_stm32f40_41xxx.o(.text)
    DMA2_Stream5_IRQHandler                  0x080039fb   Thumb Code     0  startup_stm32f40_41xxx.o(.text)
    DMA2_Stream6_IRQHandler                  0x080039fb   Thumb Code     0  startup_stm32f40_41xxx.o(.text)
    DMA2_Stream7_IRQHandler                  0x080039fb   Thumb Code     0  startup_stm32f40_41xxx.o(.text)
    ETH_IRQHandler                           0x080039fb   Thumb Code     0  startup_stm32f40_41xxx.o(.text)
    ETH_WKUP_IRQHandler                      0x080039fb   Thumb Code     0  startup_stm32f40_41xxx.o(.text)
    EXTI0_IRQHandler                         0x080039fb   Thumb Code     0  startup_stm32f40_41xxx.o(.text)
    EXTI15_10_IRQHandler                     0x080039fb   Thumb Code     0  startup_stm32f40_41xxx.o(.text)
    EXTI1_IRQHandler                         0x080039fb   Thumb Code     0  startup_stm32f40_41xxx.o(.text)
    EXTI2_IRQHandler                         0x080039fb   Thumb Code     0  startup_stm32f40_41xxx.o(.text)
    EXTI3_IRQHandler                         0x080039fb   Thumb Code     0  startup_stm32f40_41xxx.o(.text)
    EXTI4_IRQHandler                         0x080039fb   Thumb Code     0  startup_stm32f40_41xxx.o(.text)
    EXTI9_5_IRQHandler                       0x080039fb   Thumb Code     0  startup_stm32f40_41xxx.o(.text)
    FLASH_IRQHandler                         0x080039fb   Thumb Code     0  startup_stm32f40_41xxx.o(.text)
    FPU_IRQHandler                           0x080039fb   Thumb Code     0  startup_stm32f40_41xxx.o(.text)
    FSMC_IRQHandler                          0x080039fb   Thumb Code     0  startup_stm32f40_41xxx.o(.text)
    HASH_RNG_IRQHandler                      0x080039fb   Thumb Code     0  startup_stm32f40_41xxx.o(.text)
    I2C1_ER_IRQHandler                       0x080039fb   Thumb Code     0  startup_stm32f40_41xxx.o(.text)
    I2C1_EV_IRQHandler                       0x080039fb   Thumb Code     0  startup_stm32f40_41xxx.o(.text)
    I2C2_ER_IRQHandler                       0x080039fb   Thumb Code     0  startup_stm32f40_41xxx.o(.text)
    I2C2_EV_IRQHandler                       0x080039fb   Thumb Code     0  startup_stm32f40_41xxx.o(.text)
    I2C3_ER_IRQHandler                       0x080039fb   Thumb Code     0  startup_stm32f40_41xxx.o(.text)
    I2C3_EV_IRQHandler                       0x080039fb   Thumb Code     0  startup_stm32f40_41xxx.o(.text)
    OTG_FS_IRQHandler                        0x080039fb   Thumb Code     0  startup_stm32f40_41xxx.o(.text)
    OTG_FS_WKUP_IRQHandler                   0x080039fb   Thumb Code     0  startup_stm32f40_41xxx.o(.text)
    OTG_HS_EP1_IN_IRQHandler                 0x080039fb   Thumb Code     0  startup_stm32f40_41xxx.o(.text)
    OTG_HS_EP1_OUT_IRQHandler                0x080039fb   Thumb Code     0  startup_stm32f40_41xxx.o(.text)
    OTG_HS_IRQHandler                        0x080039fb   Thumb Code     0  startup_stm32f40_41xxx.o(.text)
    OTG_HS_WKUP_IRQHandler                   0x080039fb   Thumb Code     0  startup_stm32f40_41xxx.o(.text)
    PVD_IRQHandler                           0x080039fb   Thumb Code     0  startup_stm32f40_41xxx.o(.text)
    RCC_IRQHandler                           0x080039fb   Thumb Code     0  startup_stm32f40_41xxx.o(.text)
    RTC_Alarm_IRQHandler                     0x080039fb   Thumb Code     0  startup_stm32f40_41xxx.o(.text)
    RTC_WKUP_IRQHandler                      0x080039fb   Thumb Code     0  startup_stm32f40_41xxx.o(.text)
    SDIO_IRQHandler                          0x080039fb   Thumb Code     0  startup_stm32f40_41xxx.o(.text)
    SPI1_IRQHandler                          0x080039fb   Thumb Code     0  startup_stm32f40_41xxx.o(.text)
    SPI2_IRQHandler                          0x080039fb   Thumb Code     0  startup_stm32f40_41xxx.o(.text)
    SPI3_IRQHandler                          0x080039fb   Thumb Code     0  startup_stm32f40_41xxx.o(.text)
    TAMP_STAMP_IRQHandler                    0x080039fb   Thumb Code     0  startup_stm32f40_41xxx.o(.text)
    TIM1_BRK_TIM9_IRQHandler                 0x080039fb   Thumb Code     0  startup_stm32f40_41xxx.o(.text)
    TIM1_CC_IRQHandler                       0x080039fb   Thumb Code     0  startup_stm32f40_41xxx.o(.text)
    TIM1_TRG_COM_TIM11_IRQHandler            0x080039fb   Thumb Code     0  startup_stm32f40_41xxx.o(.text)
    TIM1_UP_TIM10_IRQHandler                 0x080039fb   Thumb Code     0  startup_stm32f40_41xxx.o(.text)
    TIM2_IRQHandler                          0x080039fb   Thumb Code     0  startup_stm32f40_41xxx.o(.text)
    TIM3_IRQHandler                          0x080039fb   Thumb Code     0  startup_stm32f40_41xxx.o(.text)
    TIM4_IRQHandler                          0x080039fb   Thumb Code     0  startup_stm32f40_41xxx.o(.text)
    TIM5_IRQHandler                          0x080039fb   Thumb Code     0  startup_stm32f40_41xxx.o(.text)
    TIM6_DAC_IRQHandler                      0x080039fb   Thumb Code     0  startup_stm32f40_41xxx.o(.text)
    TIM7_IRQHandler                          0x080039fb   Thumb Code     0  startup_stm32f40_41xxx.o(.text)
    TIM8_BRK_TIM12_IRQHandler                0x080039fb   Thumb Code     0  startup_stm32f40_41xxx.o(.text)
    TIM8_CC_IRQHandler                       0x080039fb   Thumb Code     0  startup_stm32f40_41xxx.o(.text)
    TIM8_TRG_COM_TIM14_IRQHandler            0x080039fb   Thumb Code     0  startup_stm32f40_41xxx.o(.text)
    TIM8_UP_TIM13_IRQHandler                 0x080039fb   Thumb Code     0  startup_stm32f40_41xxx.o(.text)
    UART4_IRQHandler                         0x080039fb   Thumb Code     0  startup_stm32f40_41xxx.o(.text)
    UART5_IRQHandler                         0x080039fb   Thumb Code     0  startup_stm32f40_41xxx.o(.text)
    WWDG_IRQHandler                          0x080039fb   Thumb Code     0  startup_stm32f40_41xxx.o(.text)
    __user_initial_stackheap                 0x080039fd   Thumb Code     0  startup_stm32f40_41xxx.o(.text)
    NVIC_PriorityGroupConfig                 0x08003a21   Thumb Code    10  misc.o(.text)
    NVIC_Init                                0x08003a2b   Thumb Code   106  misc.o(.text)
    NVIC_SetVectorTable                      0x08003a95   Thumb Code    14  misc.o(.text)
    NVIC_SystemLPConfig                      0x08003aa3   Thumb Code    34  misc.o(.text)
    SysTick_CLKSourceConfig                  0x08003ac5   Thumb Code    40  misc.o(.text)
    GPIO_DeInit                              0x08003b01   Thumb Code   268  stm32f4xx_gpio.o(.text)
    GPIO_Init                                0x08003c0d   Thumb Code   144  stm32f4xx_gpio.o(.text)
    GPIO_StructInit                          0x08003c9d   Thumb Code    18  stm32f4xx_gpio.o(.text)
    GPIO_PinLockConfig                       0x08003caf   Thumb Code    34  stm32f4xx_gpio.o(.text)
    GPIO_ReadInputDataBit                    0x08003cd1   Thumb Code    18  stm32f4xx_gpio.o(.text)
    GPIO_ReadInputData                       0x08003ce3   Thumb Code     8  stm32f4xx_gpio.o(.text)
    GPIO_ReadOutputDataBit                   0x08003ceb   Thumb Code    18  stm32f4xx_gpio.o(.text)
    GPIO_ReadOutputData                      0x08003cfd   Thumb Code     8  stm32f4xx_gpio.o(.text)
    GPIO_SetBits                             0x08003d05   Thumb Code     4  stm32f4xx_gpio.o(.text)
    GPIO_ResetBits                           0x08003d09   Thumb Code     4  stm32f4xx_gpio.o(.text)
    GPIO_WriteBit                            0x08003d0d   Thumb Code    10  stm32f4xx_gpio.o(.text)
    GPIO_Write                               0x08003d17   Thumb Code     4  stm32f4xx_gpio.o(.text)
    GPIO_ToggleBits                          0x08003d1b   Thumb Code     8  stm32f4xx_gpio.o(.text)
    GPIO_PinAFConfig                         0x08003d23   Thumb Code    70  stm32f4xx_gpio.o(.text)
    RCC_DeInit                               0x08003d95   Thumb Code    82  stm32f4xx_rcc.o(.text)
    RCC_HSEConfig                            0x08003de7   Thumb Code    14  stm32f4xx_rcc.o(.text)
    RCC_GetFlagStatus                        0x08003df5   Thumb Code    60  stm32f4xx_rcc.o(.text)
    RCC_WaitForHSEStartUp                    0x08003e31   Thumb Code    56  stm32f4xx_rcc.o(.text)
    RCC_AdjustHSICalibrationValue            0x08003e69   Thumb Code    20  stm32f4xx_rcc.o(.text)
    RCC_HSICmd                               0x08003e7d   Thumb Code     6  stm32f4xx_rcc.o(.text)
    RCC_LSEConfig                            0x08003e83   Thumb Code    46  stm32f4xx_rcc.o(.text)
    RCC_LSICmd                               0x08003eb1   Thumb Code     6  stm32f4xx_rcc.o(.text)
    RCC_PLLConfig                            0x08003eb7   Thumb Code    32  stm32f4xx_rcc.o(.text)
    RCC_PLLCmd                               0x08003ed7   Thumb Code     6  stm32f4xx_rcc.o(.text)
    RCC_PLLI2SConfig                         0x08003edd   Thumb Code    14  stm32f4xx_rcc.o(.text)
    RCC_PLLI2SCmd                            0x08003eeb   Thumb Code     6  stm32f4xx_rcc.o(.text)
    RCC_PLLSAIConfig                         0x08003ef1   Thumb Code    20  stm32f4xx_rcc.o(.text)
    RCC_PLLSAICmd                            0x08003f05   Thumb Code     6  stm32f4xx_rcc.o(.text)
    RCC_ClockSecuritySystemCmd               0x08003f0b   Thumb Code     6  stm32f4xx_rcc.o(.text)
    RCC_MCO1Config                           0x08003f11   Thumb Code    28  stm32f4xx_rcc.o(.text)
    RCC_MCO2Config                           0x08003f2d   Thumb Code    28  stm32f4xx_rcc.o(.text)
    RCC_SYSCLKConfig                         0x08003f49   Thumb Code    20  stm32f4xx_rcc.o(.text)
    RCC_GetSYSCLKSource                      0x08003f5d   Thumb Code    12  stm32f4xx_rcc.o(.text)
    RCC_HCLKConfig                           0x08003f69   Thumb Code    20  stm32f4xx_rcc.o(.text)
    RCC_PCLK1Config                          0x08003f7d   Thumb Code    20  stm32f4xx_rcc.o(.text)
    RCC_PCLK2Config                          0x08003f91   Thumb Code    22  stm32f4xx_rcc.o(.text)
    RCC_GetClocksFreq                        0x08003fa7   Thumb Code   222  stm32f4xx_rcc.o(.text)
    RCC_RTCCLKConfig                         0x08004085   Thumb Code    54  stm32f4xx_rcc.o(.text)
    RCC_RTCCLKCmd                            0x080040bb   Thumb Code     8  stm32f4xx_rcc.o(.text)
    RCC_BackupResetCmd                       0x080040c3   Thumb Code     8  stm32f4xx_rcc.o(.text)
    RCC_I2SCLKConfig                         0x080040cb   Thumb Code     6  stm32f4xx_rcc.o(.text)
    RCC_SAIPLLI2SClkDivConfig                0x080040d1   Thumb Code    26  stm32f4xx_rcc.o(.text)
    RCC_SAIPLLSAIClkDivConfig                0x080040eb   Thumb Code    28  stm32f4xx_rcc.o(.text)
    RCC_SAIBlockACLKConfig                   0x08004107   Thumb Code    20  stm32f4xx_rcc.o(.text)
    RCC_SAIBlockBCLKConfig                   0x0800411b   Thumb Code    20  stm32f4xx_rcc.o(.text)
    RCC_LTDCCLKDivConfig                     0x0800412f   Thumb Code    20  stm32f4xx_rcc.o(.text)
    RCC_TIMCLKPresConfig                     0x08004143   Thumb Code     6  stm32f4xx_rcc.o(.text)
    RCC_AHB1PeriphClockCmd                   0x08004149   Thumb Code    34  stm32f4xx_rcc.o(.text)
    RCC_AHB2PeriphClockCmd                   0x0800416b   Thumb Code    78  stm32f4xx_rcc.o(.text)
    RCC_AHB3PeriphClockCmd                   0x080041b9   Thumb Code    34  stm32f4xx_rcc.o(.text)
    RCC_APB1PeriphClockCmd                   0x080041db   Thumb Code    34  stm32f4xx_rcc.o(.text)
    RCC_APB2PeriphClockCmd                   0x080041fd   Thumb Code    34  stm32f4xx_rcc.o(.text)
    RCC_AHB1PeriphResetCmd                   0x0800421f   Thumb Code    34  stm32f4xx_rcc.o(.text)
    RCC_AHB2PeriphResetCmd                   0x08004241   Thumb Code    34  stm32f4xx_rcc.o(.text)
    RCC_AHB3PeriphResetCmd                   0x08004263   Thumb Code    34  stm32f4xx_rcc.o(.text)
    RCC_APB1PeriphResetCmd                   0x08004285   Thumb Code    34  stm32f4xx_rcc.o(.text)
    RCC_APB2PeriphResetCmd                   0x080042a7   Thumb Code    34  stm32f4xx_rcc.o(.text)
    RCC_AHB1PeriphClockLPModeCmd             0x080042c9   Thumb Code    34  stm32f4xx_rcc.o(.text)
    RCC_AHB2PeriphClockLPModeCmd             0x080042eb   Thumb Code    34  stm32f4xx_rcc.o(.text)
    RCC_AHB3PeriphClockLPModeCmd             0x0800430d   Thumb Code    34  stm32f4xx_rcc.o(.text)
    RCC_APB1PeriphClockLPModeCmd             0x0800432f   Thumb Code    34  stm32f4xx_rcc.o(.text)
    RCC_APB2PeriphClockLPModeCmd             0x08004351   Thumb Code    34  stm32f4xx_rcc.o(.text)
    RCC_LSEModeConfig                        0x08004373   Thumb Code    40  stm32f4xx_rcc.o(.text)
    RCC_ITConfig                             0x0800439b   Thumb Code    34  stm32f4xx_rcc.o(.text)
    RCC_ClearFlag                            0x080043bd   Thumb Code    18  stm32f4xx_rcc.o(.text)
    RCC_GetITStatus                          0x080043cf   Thumb Code    22  stm32f4xx_rcc.o(.text)
    RCC_ClearITPendingBit                    0x080043e5   Thumb Code     8  stm32f4xx_rcc.o(.text)
    USART_DeInit                             0x080043f1   Thumb Code   206  stm32f4xx_usart.o(.text)
    USART_Init                               0x080044bf   Thumb Code   204  stm32f4xx_usart.o(.text)
    USART_StructInit                         0x0800458b   Thumb Code    24  stm32f4xx_usart.o(.text)
    USART_ClockInit                          0x080045a3   Thumb Code    32  stm32f4xx_usart.o(.text)
    USART_ClockStructInit                    0x080045c3   Thumb Code    12  stm32f4xx_usart.o(.text)
    USART_Cmd                                0x080045cf   Thumb Code    24  stm32f4xx_usart.o(.text)
    USART_SetPrescaler                       0x080045e7   Thumb Code    16  stm32f4xx_usart.o(.text)
    USART_OverSampling8Cmd                   0x080045f7   Thumb Code    22  stm32f4xx_usart.o(.text)
    USART_OneBitMethodCmd                    0x0800460d   Thumb Code    24  stm32f4xx_usart.o(.text)
    USART_SendData                           0x08004625   Thumb Code     8  stm32f4xx_usart.o(.text)
    USART_ReceiveData                        0x0800462d   Thumb Code    10  stm32f4xx_usart.o(.text)
    USART_SetAddress                         0x08004637   Thumb Code    18  stm32f4xx_usart.o(.text)
    USART_ReceiverWakeUpCmd                  0x08004649   Thumb Code    24  stm32f4xx_usart.o(.text)
    USART_WakeUpConfig                       0x08004661   Thumb Code    18  stm32f4xx_usart.o(.text)
    USART_LINBreakDetectLengthConfig         0x08004673   Thumb Code    18  stm32f4xx_usart.o(.text)
    USART_LINCmd                             0x08004685   Thumb Code    24  stm32f4xx_usart.o(.text)
    USART_SendBreak                          0x0800469d   Thumb Code    10  stm32f4xx_usart.o(.text)
    USART_HalfDuplexCmd                      0x080046a7   Thumb Code    24  stm32f4xx_usart.o(.text)
    USART_SetGuardTime                       0x080046bf   Thumb Code    16  stm32f4xx_usart.o(.text)
    USART_SmartCardCmd                       0x080046cf   Thumb Code    24  stm32f4xx_usart.o(.text)
    USART_SmartCardNACKCmd                   0x080046e7   Thumb Code    24  stm32f4xx_usart.o(.text)
    USART_IrDAConfig                         0x080046ff   Thumb Code    18  stm32f4xx_usart.o(.text)
    USART_IrDACmd                            0x08004711   Thumb Code    24  stm32f4xx_usart.o(.text)
    USART_DMACmd                             0x08004729   Thumb Code    18  stm32f4xx_usart.o(.text)
    USART_ITConfig                           0x0800473b   Thumb Code    74  stm32f4xx_usart.o(.text)
    USART_GetFlagStatus                      0x08004785   Thumb Code    26  stm32f4xx_usart.o(.text)
    USART_ClearFlag                          0x0800479f   Thumb Code    18  stm32f4xx_usart.o(.text)
    USART_GetITStatus                        0x080047b1   Thumb Code   118  stm32f4xx_usart.o(.text)
    USART_ClearITPendingBit                  0x08004827   Thumb Code    30  stm32f4xx_usart.o(.text)
    CAN_DeInit                               0x08004845   Thumb Code    50  stm32f4xx_can.o(.text)
    CAN_Init                                 0x08004877   Thumb Code   276  stm32f4xx_can.o(.text)
    CAN_FilterInit                           0x0800498b   Thumb Code   258  stm32f4xx_can.o(.text)
    CAN_StructInit                           0x08004a8d   Thumb Code    32  stm32f4xx_can.o(.text)
    CAN_SlaveStartBank                       0x08004aad   Thumb Code    48  stm32f4xx_can.o(.text)
    CAN_DBGFreeze                            0x08004add   Thumb Code    22  stm32f4xx_can.o(.text)
    CAN_TTComModeCmd                         0x08004af3   Thumb Code   118  stm32f4xx_can.o(.text)
    CAN_Transmit                             0x08004b69   Thumb Code   304  stm32f4xx_can.o(.text)
    CAN_TransmitStatus                       0x08004c99   Thumb Code   138  stm32f4xx_can.o(.text)
    CAN_CancelTransmit                       0x08004d23   Thumb Code    48  stm32f4xx_can.o(.text)
    CAN_Receive                              0x08004d53   Thumb Code   240  stm32f4xx_can.o(.text)
    CAN_FIFORelease                          0x08004e43   Thumb Code    22  stm32f4xx_can.o(.text)
    CAN_MessagePending                       0x08004e59   Thumb Code    30  stm32f4xx_can.o(.text)
    CAN_OperatingModeRequest                 0x08004e77   Thumb Code   162  stm32f4xx_can.o(.text)
    CAN_Sleep                                0x08004f19   Thumb Code    30  stm32f4xx_can.o(.text)
    CAN_WakeUp                               0x08004f37   Thumb Code    48  stm32f4xx_can.o(.text)
    CAN_GetLastErrorCode                     0x08004f67   Thumb Code    12  stm32f4xx_can.o(.text)
    CAN_GetReceiveErrorCounter               0x08004f73   Thumb Code    10  stm32f4xx_can.o(.text)
    CAN_GetLSBTransmitErrorCounter           0x08004f7d   Thumb Code    12  stm32f4xx_can.o(.text)
    CAN_ITConfig                             0x08004f89   Thumb Code    18  stm32f4xx_can.o(.text)
    CAN_GetFlagStatus                        0x08004f9b   Thumb Code   120  stm32f4xx_can.o(.text)
    CAN_ClearFlag                            0x08005013   Thumb Code    52  stm32f4xx_can.o(.text)
    CAN_GetITStatus                          0x08005059   Thumb Code   310  stm32f4xx_can.o(.text)
    CAN_ClearITPendingBit                    0x0800518f   Thumb Code   162  stm32f4xx_can.o(.text)
    TIM_DeInit                               0x08005235   Thumb Code   346  stm32f4xx_tim.o(.text)
    TIM_TimeBaseInit                         0x0800538f   Thumb Code   104  stm32f4xx_tim.o(.text)
    TIM_TimeBaseStructInit                   0x080053f7   Thumb Code    18  stm32f4xx_tim.o(.text)
    TIM_PrescalerConfig                      0x08005409   Thumb Code     6  stm32f4xx_tim.o(.text)
    TIM_CounterModeConfig                    0x0800540f   Thumb Code    18  stm32f4xx_tim.o(.text)
    TIM_SetCounter                           0x08005421   Thumb Code     4  stm32f4xx_tim.o(.text)
    TIM_SetAutoreload                        0x08005425   Thumb Code     4  stm32f4xx_tim.o(.text)
    TIM_GetCounter                           0x08005429   Thumb Code     6  stm32f4xx_tim.o(.text)
    TIM_GetPrescaler                         0x0800542f   Thumb Code     6  stm32f4xx_tim.o(.text)
    TIM_UpdateDisableConfig                  0x08005435   Thumb Code    24  stm32f4xx_tim.o(.text)
    TIM_UpdateRequestConfig                  0x0800544d   Thumb Code    24  stm32f4xx_tim.o(.text)
    TIM_ARRPreloadConfig                     0x08005465   Thumb Code    24  stm32f4xx_tim.o(.text)
    TIM_SelectOnePulseMode                   0x0800547d   Thumb Code    18  stm32f4xx_tim.o(.text)
    TIM_SetClockDivision                     0x0800548f   Thumb Code    18  stm32f4xx_tim.o(.text)
    TIM_Cmd                                  0x080054a1   Thumb Code    24  stm32f4xx_tim.o(.text)
    TIM_OC1Init                              0x080054b9   Thumb Code   114  stm32f4xx_tim.o(.text)
    TIM_OC2Init                              0x0800552b   Thumb Code   154  stm32f4xx_tim.o(.text)
    TIM_OC3Init                              0x080055c5   Thumb Code   204  stm32f4xx_tim.o(.text)
    TIM_OC4Init                              0x08005691   Thumb Code   112  stm32f4xx_tim.o(.text)
    TIM_OCStructInit                         0x08005701   Thumb Code    20  stm32f4xx_tim.o(.text)
    TIM_SelectOCxM                           0x08005715   Thumb Code    86  stm32f4xx_tim.o(.text)
    TIM_SetCompare1                          0x0800576b   Thumb Code     4  stm32f4xx_tim.o(.text)
    TIM_SetCompare2                          0x0800576f   Thumb Code     4  stm32f4xx_tim.o(.text)
    TIM_SetCompare3                          0x08005773   Thumb Code     4  stm32f4xx_tim.o(.text)
    TIM_SetCompare4                          0x08005777   Thumb Code     4  stm32f4xx_tim.o(.text)
    TIM_ForcedOC1Config                      0x0800577b   Thumb Code    18  stm32f4xx_tim.o(.text)
    TIM_ForcedOC2Config                      0x0800578d   Thumb Code    26  stm32f4xx_tim.o(.text)
    TIM_ForcedOC3Config                      0x080057a7   Thumb Code    18  stm32f4xx_tim.o(.text)
    TIM_ForcedOC4Config                      0x080057b9   Thumb Code    26  stm32f4xx_tim.o(.text)
    TIM_OC1PreloadConfig                     0x080057d3   Thumb Code    18  stm32f4xx_tim.o(.text)
    TIM_OC2PreloadConfig                     0x080057e5   Thumb Code    26  stm32f4xx_tim.o(.text)
    TIM_OC3PreloadConfig                     0x080057ff   Thumb Code    18  stm32f4xx_tim.o(.text)
    TIM_OC4PreloadConfig                     0x08005811   Thumb Code    26  stm32f4xx_tim.o(.text)
    TIM_OC1FastConfig                        0x0800582b   Thumb Code    18  stm32f4xx_tim.o(.text)
    TIM_OC2FastConfig                        0x0800583d   Thumb Code    26  stm32f4xx_tim.o(.text)
    TIM_OC3FastConfig                        0x08005857   Thumb Code    18  stm32f4xx_tim.o(.text)
    TIM_OC4FastConfig                        0x08005869   Thumb Code    26  stm32f4xx_tim.o(.text)
    TIM_ClearOC1Ref                          0x08005883   Thumb Code    18  stm32f4xx_tim.o(.text)
    TIM_ClearOC2Ref                          0x08005895   Thumb Code    24  stm32f4xx_tim.o(.text)
    TIM_ClearOC3Ref                          0x080058ad   Thumb Code    18  stm32f4xx_tim.o(.text)
    TIM_ClearOC4Ref                          0x080058bf   Thumb Code    24  stm32f4xx_tim.o(.text)
    TIM_OC1PolarityConfig                    0x080058d7   Thumb Code    18  stm32f4xx_tim.o(.text)
    TIM_OC1NPolarityConfig                   0x080058e9   Thumb Code    18  stm32f4xx_tim.o(.text)
    TIM_OC2PolarityConfig                    0x080058fb   Thumb Code    26  stm32f4xx_tim.o(.text)
    TIM_OC2NPolarityConfig                   0x08005915   Thumb Code    26  stm32f4xx_tim.o(.text)
    TIM_OC3PolarityConfig                    0x0800592f   Thumb Code    26  stm32f4xx_tim.o(.text)
    TIM_OC3NPolarityConfig                   0x08005949   Thumb Code    26  stm32f4xx_tim.o(.text)
    TIM_OC4PolarityConfig                    0x08005963   Thumb Code    26  stm32f4xx_tim.o(.text)
    TIM_CCxCmd                               0x0800597d   Thumb Code    30  stm32f4xx_tim.o(.text)
    TIM_CCxNCmd                              0x0800599b   Thumb Code    30  stm32f4xx_tim.o(.text)
    TIM_SetIC4Prescaler                      0x080059b9   Thumb Code    26  stm32f4xx_tim.o(.text)
    TIM_SetIC3Prescaler                      0x08005a23   Thumb Code    18  stm32f4xx_tim.o(.text)
    TIM_SetIC2Prescaler                      0x08005a7d   Thumb Code    26  stm32f4xx_tim.o(.text)
    TIM_SetIC1Prescaler                      0x08005af1   Thumb Code    18  stm32f4xx_tim.o(.text)
    TIM_ICInit                               0x08005b3d   Thumb Code   110  stm32f4xx_tim.o(.text)
    TIM_ICStructInit                         0x08005bab   Thumb Code    18  stm32f4xx_tim.o(.text)
    TIM_PWMIConfig                           0x08005bbd   Thumb Code   124  stm32f4xx_tim.o(.text)
    TIM_GetCapture1                          0x08005c39   Thumb Code     6  stm32f4xx_tim.o(.text)
    TIM_GetCapture2                          0x08005c3f   Thumb Code     6  stm32f4xx_tim.o(.text)
    TIM_GetCapture3                          0x08005c45   Thumb Code     6  stm32f4xx_tim.o(.text)
    TIM_GetCapture4                          0x08005c4b   Thumb Code     6  stm32f4xx_tim.o(.text)
    TIM_BDTRConfig                           0x08005c51   Thumb Code    32  stm32f4xx_tim.o(.text)
    TIM_BDTRStructInit                       0x08005c71   Thumb Code    18  stm32f4xx_tim.o(.text)
    TIM_CtrlPWMOutputs                       0x08005c83   Thumb Code    30  stm32f4xx_tim.o(.text)
    TIM_SelectCOM                            0x08005ca1   Thumb Code    24  stm32f4xx_tim.o(.text)
    TIM_CCPreloadControl                     0x08005cb9   Thumb Code    24  stm32f4xx_tim.o(.text)
    TIM_ITConfig                             0x08005cd1   Thumb Code    18  stm32f4xx_tim.o(.text)
    TIM_GenerateEvent                        0x08005ce3   Thumb Code     4  stm32f4xx_tim.o(.text)
    TIM_GetFlagStatus                        0x08005ce7   Thumb Code    18  stm32f4xx_tim.o(.text)
    TIM_ClearFlag                            0x08005cf9   Thumb Code     6  stm32f4xx_tim.o(.text)
    TIM_GetITStatus                          0x08005cff   Thumb Code    34  stm32f4xx_tim.o(.text)
    TIM_ClearITPendingBit                    0x08005d21   Thumb Code     6  stm32f4xx_tim.o(.text)
    TIM_DMAConfig                            0x08005d27   Thumb Code    10  stm32f4xx_tim.o(.text)
    TIM_DMACmd                               0x08005d31   Thumb Code    18  stm32f4xx_tim.o(.text)
    TIM_SelectCCDMA                          0x08005d43   Thumb Code    24  stm32f4xx_tim.o(.text)
    TIM_InternalClockConfig                  0x08005d5b   Thumb Code    12  stm32f4xx_tim.o(.text)
    TIM_SelectInputTrigger                   0x08005d67   Thumb Code    18  stm32f4xx_tim.o(.text)
    TIM_ITRxExternalClockConfig              0x08005d79   Thumb Code    24  stm32f4xx_tim.o(.text)
    TIM_TIxExternalClockConfig               0x08005d91   Thumb Code    62  stm32f4xx_tim.o(.text)
    TIM_ETRConfig                            0x08005dcf   Thumb Code    28  stm32f4xx_tim.o(.text)
    TIM_ETRClockMode1Config                  0x08005deb   Thumb Code    54  stm32f4xx_tim.o(.text)
    TIM_ETRClockMode2Config                  0x08005e21   Thumb Code    32  stm32f4xx_tim.o(.text)
    TIM_SelectOutputTrigger                  0x08005e41   Thumb Code    18  stm32f4xx_tim.o(.text)
    TIM_SelectSlaveMode                      0x08005e53   Thumb Code    18  stm32f4xx_tim.o(.text)
    TIM_SelectMasterSlaveMode                0x08005e65   Thumb Code    18  stm32f4xx_tim.o(.text)
    TIM_EncoderInterfaceConfig               0x08005e77   Thumb Code    66  stm32f4xx_tim.o(.text)
    TIM_SelectHallSensor                     0x08005eb9   Thumb Code    24  stm32f4xx_tim.o(.text)
    TIM_RemapConfig                          0x08005ed1   Thumb Code     6  stm32f4xx_tim.o(.text)
    __use_no_semihosting                     0x08005ed7   Thumb Code     2  use_no_semi_2.o(.text)
    __aeabi_memcpy4                          0x08005ed9   Thumb Code     0  rt_memcpy_w.o(.text)
    __aeabi_memcpy8                          0x08005ed9   Thumb Code     0  rt_memcpy_w.o(.text)
    __rt_memcpy_w                            0x08005ed9   Thumb Code   100  rt_memcpy_w.o(.text)
    _memcpy_lastbytes_aligned                0x08005f21   Thumb Code     0  rt_memcpy_w.o(.text)
    __use_two_region_memory                  0x08005f3d   Thumb Code     2  heapauxi.o(.text)
    __rt_heap_escrow$2region                 0x08005f3f   Thumb Code     2  heapauxi.o(.text)
    __rt_heap_expand$2region                 0x08005f41   Thumb Code     2  heapauxi.o(.text)
    __I$use$semihosting                      0x08005f43   Thumb Code     0  use_no_semi.o(.text)
    __use_no_semihosting_swi                 0x08005f43   Thumb Code     2  use_no_semi.o(.text)
    __user_libspace                          0x08005f45   Thumb Code     8  libspace.o(.text)
    __user_perproc_libspace                  0x08005f45   Thumb Code     0  libspace.o(.text)
    __user_perthread_libspace                0x08005f45   Thumb Code     0  libspace.o(.text)
    __user_setup_stackheap                   0x08005f4d   Thumb Code    74  sys_stackheap_outer.o(.text)
    exit                                     0x08005f97   Thumb Code    18  exit.o(.text)
    __aeabi_d2f                              0x08005fa9   Thumb Code     0  d2f.o(x$fpl$d2f)
    _d2f                                     0x08005fa9   Thumb Code    98  d2f.o(x$fpl$d2f)
    __aeabi_ddiv                             0x0800600d   Thumb Code     0  ddiv.o(x$fpl$ddiv)
    _ddiv                                    0x0800600d   Thumb Code   552  ddiv.o(x$fpl$ddiv)
    __fpl_dnaninf                            0x080062bd   Thumb Code   156  dnaninf.o(x$fpl$dnaninf)
    __fpl_dretinf                            0x08006359   Thumb Code    12  dretinf.o(x$fpl$dretinf)
    __aeabi_f2d                              0x08006365   Thumb Code     0  f2d.o(x$fpl$f2d)
    _f2d                                     0x08006365   Thumb Code    86  f2d.o(x$fpl$f2d)
    __fpl_fnaninf                            0x080063bb   Thumb Code   140  fnaninf.o(x$fpl$fnaninf)
    _fp_init                                 0x08006447   Thumb Code    10  fpinit.o(x$fpl$fpinit)
    __fplib_config_fpu_vfp                   0x0800644f   Thumb Code     0  fpinit.o(x$fpl$fpinit)
    __fplib_config_pureend_doubles           0x0800644f   Thumb Code     0  fpinit.o(x$fpl$fpinit)
    __fpl_fretinf                            0x08006451   Thumb Code    10  fretinf.o(x$fpl$fretinf)
    __I$use$fp                               0x0800645a   Number         0  usenofp.o(x$fpl$usenofp)
    Region$$Table$$Base                      0x0800645c   Number         0  anon$$obj.o(Region$$Table)
    Region$$Table$$Limit                     0x0800647c   Number         0  anon$$obj.o(Region$$Table)
    mobile_box_state                         0x20000000   Data           4  main.o(.data)
    motor_park_space_start                   0x20000004   Data           4  main.o(.data)
    motor_park_space_end                     0x20000008   Data           4  main.o(.data)
    motor_Location                           0x2000000c   Data           4  main.o(.data)
    k                                        0x20000010   Data           4  main.o(.data)
    SystemCoreClock                          0x20000014   Data           4  system_stm32f4xx.o(.data)
    AHBPrescTable                            0x20000018   Data          16  system_stm32f4xx.o(.data)
    i                                        0x20000028   Data           4  routeplan.o(.data)
    __stdout                                 0x20000038   Data           4  usart.o(.data)
    USART_RX_STA                             0x2000003c   Data           2  usart.o(.data)
    Num3                                     0x2000003e   Data           1  usart.o(.data)
    Num2                                     0x2000003f   Data           1  usart.o(.data)
    Num6                                     0x20000040   Data           1  usart.o(.data)
    Sbox_state                               0x20000054   Data          24  main.o(.bss)
    Ebox_state                               0x2000006c   Data          12  main.o(.bss)
    Motor_1                                  0x20000078   Data          36  motor_control.o(.bss)
    Motor_2                                  0x2000009c   Data          36  motor_control.o(.bss)
    Motor_3                                  0x200000c0   Data          36  motor_control.o(.bss)
    Motor_4                                  0x200000e4   Data          36  motor_control.o(.bss)
    Motor_5                                  0x20000108   Data          36  motor_control.o(.bss)
    MotorPositionPid1                        0x2000012c   Data          40  motor_control.o(.bss)
    MotorSpeedPid1                           0x20000154   Data          40  motor_control.o(.bss)
    MotorCurrentPid1                         0x2000017c   Data          40  motor_control.o(.bss)
    MotorPositionPid2                        0x200001a4   Data          40  motor_control.o(.bss)
    MotorSpeedPid2                           0x200001cc   Data          40  motor_control.o(.bss)
    MotorCurrentPid2                         0x200001f4   Data          40  motor_control.o(.bss)
    MotorPositionPid3                        0x2000021c   Data          40  motor_control.o(.bss)
    MotorSpeedPid3                           0x20000244   Data          40  motor_control.o(.bss)
    MotorCurrentPid3                         0x2000026c   Data          40  motor_control.o(.bss)
    MotorPositionPid4                        0x20000294   Data          40  motor_control.o(.bss)
    MotorSpeedPid4                           0x200002bc   Data          40  motor_control.o(.bss)
    MotorCurrentPid4                         0x200002e4   Data          40  motor_control.o(.bss)
    MotorPositionPid5                        0x2000030c   Data          40  motor_control.o(.bss)
    MotorSpeedPid5                           0x20000334   Data          40  motor_control.o(.bss)
    MotorCurrentPid5                         0x2000035c   Data          40  motor_control.o(.bss)
    USART_RX_BUF                             0x20000384   Data         200  usart.o(.bss)
    USART_RX_STA0                            0x2000044c   Data          32  usart.o(.bss)
    USART_RX_STA1                            0x2000046c   Data          32  usart.o(.bss)
    USART_RX_STA2                            0x2000048c   Data          32  usart.o(.bss)
    __libspace_start                         0x200004ac   Data          96  libspace.o(.bss)
    __temporary_stack_top$libspace           0x2000050c   Data           0  libspace.o(.bss)



==============================================================================

Memory Map of the image

  Image Entry point : 0x08000189

  Load Region LR_IROM1 (Base: 0x08000000, Size: 0x000064d0, Max: 0x00100000, ABSOLUTE)

    Execution Region ER_IROM1 (Exec base: 0x08000000, Load base: 0x08000000, Size: 0x0000647c, Max: 0x00100000, ABSOLUTE)

    Exec Addr    Load Addr    Size         Type   Attr      Idx    E Section Name        Object

    0x08000000   0x08000000   0x00000188   Data   RO          502    RESET               startup_stm32f40_41xxx.o
    0x08000188   0x08000188   0x00000008   Code   RO          680  * !!!main             c_w.l(__main.o)
    0x08000190   0x08000190   0x00000034   Code   RO          945    !!!scatter          c_w.l(__scatter.o)
    0x080001c4   0x080001c4   0x0000001a   Code   RO          947    !!handler_copy      c_w.l(__scatter_copy.o)
    0x080001de   0x080001de   0x00000002   PAD
    0x080001e0   0x080001e0   0x0000001c   Code   RO          949    !!handler_zi        c_w.l(__scatter_zi.o)
    0x080001fc   0x080001fc   0x00000002   Code   RO          822    .ARM.Collect$$libinit$$00000000  c_w.l(libinit.o)
    0x080001fe   0x080001fe   0x00000004   Code   RO          825    .ARM.Collect$$libinit$$00000001  c_w.l(libinit2.o)
    0x08000202   0x08000202   0x00000000   Code   RO          828    .ARM.Collect$$libinit$$00000004  c_w.l(libinit2.o)
    0x08000202   0x08000202   0x00000000   Code   RO          831    .ARM.Collect$$libinit$$0000000A  c_w.l(libinit2.o)
    0x08000202   0x08000202   0x00000000   Code   RO          833    .ARM.Collect$$libinit$$0000000C  c_w.l(libinit2.o)
    0x08000202   0x08000202   0x00000000   Code   RO          835    .ARM.Collect$$libinit$$0000000E  c_w.l(libinit2.o)
    0x08000202   0x08000202   0x00000000   Code   RO          838    .ARM.Collect$$libinit$$00000011  c_w.l(libinit2.o)
    0x08000202   0x08000202   0x00000000   Code   RO          840    .ARM.Collect$$libinit$$00000013  c_w.l(libinit2.o)
    0x08000202   0x08000202   0x00000000   Code   RO          842    .ARM.Collect$$libinit$$00000015  c_w.l(libinit2.o)
    0x08000202   0x08000202   0x00000000   Code   RO          844    .ARM.Collect$$libinit$$00000017  c_w.l(libinit2.o)
    0x08000202   0x08000202   0x00000000   Code   RO          846    .ARM.Collect$$libinit$$00000019  c_w.l(libinit2.o)
    0x08000202   0x08000202   0x00000000   Code   RO          848    .ARM.Collect$$libinit$$0000001B  c_w.l(libinit2.o)
    0x08000202   0x08000202   0x00000000   Code   RO          850    .ARM.Collect$$libinit$$0000001D  c_w.l(libinit2.o)
    0x08000202   0x08000202   0x00000000   Code   RO          852    .ARM.Collect$$libinit$$0000001F  c_w.l(libinit2.o)
    0x08000202   0x08000202   0x00000000   Code   RO          854    .ARM.Collect$$libinit$$00000021  c_w.l(libinit2.o)
    0x08000202   0x08000202   0x00000000   Code   RO          856    .ARM.Collect$$libinit$$00000023  c_w.l(libinit2.o)
    0x08000202   0x08000202   0x00000000   Code   RO          858    .ARM.Collect$$libinit$$00000025  c_w.l(libinit2.o)
    0x08000202   0x08000202   0x00000000   Code   RO          862    .ARM.Collect$$libinit$$0000002C  c_w.l(libinit2.o)
    0x08000202   0x08000202   0x00000000   Code   RO          864    .ARM.Collect$$libinit$$0000002E  c_w.l(libinit2.o)
    0x08000202   0x08000202   0x00000000   Code   RO          866    .ARM.Collect$$libinit$$00000030  c_w.l(libinit2.o)
    0x08000202   0x08000202   0x00000000   Code   RO          868    .ARM.Collect$$libinit$$00000032  c_w.l(libinit2.o)
    0x08000202   0x08000202   0x00000002   Code   RO          869    .ARM.Collect$$libinit$$00000033  c_w.l(libinit2.o)
    0x08000204   0x08000204   0x00000002   Code   RO          887    .ARM.Collect$$libshutdown$$00000000  c_w.l(libshutdown.o)
    0x08000206   0x08000206   0x00000000   Code   RO          897    .ARM.Collect$$libshutdown$$00000002  c_w.l(libshutdown2.o)
    0x08000206   0x08000206   0x00000000   Code   RO          899    .ARM.Collect$$libshutdown$$00000004  c_w.l(libshutdown2.o)
    0x08000206   0x08000206   0x00000000   Code   RO          902    .ARM.Collect$$libshutdown$$00000007  c_w.l(libshutdown2.o)
    0x08000206   0x08000206   0x00000000   Code   RO          905    .ARM.Collect$$libshutdown$$0000000A  c_w.l(libshutdown2.o)
    0x08000206   0x08000206   0x00000000   Code   RO          907    .ARM.Collect$$libshutdown$$0000000C  c_w.l(libshutdown2.o)
    0x08000206   0x08000206   0x00000000   Code   RO          910    .ARM.Collect$$libshutdown$$0000000F  c_w.l(libshutdown2.o)
    0x08000206   0x08000206   0x00000002   Code   RO          911    .ARM.Collect$$libshutdown$$00000010  c_w.l(libshutdown2.o)
    0x08000208   0x08000208   0x00000000   Code   RO          738    .ARM.Collect$$rtentry$$00000000  c_w.l(__rtentry.o)
    0x08000208   0x08000208   0x00000000   Code   RO          783    .ARM.Collect$$rtentry$$00000002  c_w.l(__rtentry2.o)
    0x08000208   0x08000208   0x00000006   Code   RO          795    .ARM.Collect$$rtentry$$00000004  c_w.l(__rtentry4.o)
    0x0800020e   0x0800020e   0x00000000   Code   RO          785    .ARM.Collect$$rtentry$$00000009  c_w.l(__rtentry2.o)
    0x0800020e   0x0800020e   0x00000004   Code   RO          786    .ARM.Collect$$rtentry$$0000000A  c_w.l(__rtentry2.o)
    0x08000212   0x08000212   0x00000000   Code   RO          788    .ARM.Collect$$rtentry$$0000000C  c_w.l(__rtentry2.o)
    0x08000212   0x08000212   0x00000008   Code   RO          789    .ARM.Collect$$rtentry$$0000000D  c_w.l(__rtentry2.o)
    0x0800021a   0x0800021a   0x00000002   Code   RO          823    .ARM.Collect$$rtexit$$00000000  c_w.l(rtexit.o)
    0x0800021c   0x0800021c   0x00000000   Code   RO          871    .ARM.Collect$$rtexit$$00000002  c_w.l(rtexit2.o)
    0x0800021c   0x0800021c   0x00000004   Code   RO          872    .ARM.Collect$$rtexit$$00000003  c_w.l(rtexit2.o)
    0x08000220   0x08000220   0x00000006   Code   RO          873    .ARM.Collect$$rtexit$$00000004  c_w.l(rtexit2.o)
    0x08000226   0x08000226   0x00000002   PAD
    0x08000228   0x08000228   0x0000015c   Code   RO            3    .text               main.o
    0x08000384   0x08000384   0x0000001a   Code   RO          178    .text               stm32f4xx_it.o
    0x0800039e   0x0800039e   0x00000002   PAD
    0x080003a0   0x080003a0   0x00000210   Code   RO          227    .text               system_stm32f4xx.o
    0x080005b0   0x080005b0   0x00000764   Code   RO          253    .text               can.o
    0x08000d14   0x08000d14   0x00000b48   Code   RO          274    .text               motor_control.o
    0x0800185c   0x0800185c   0x00000128   Code   RO          322    .text               myservo.o
    0x08001984   0x08001984   0x0000143c   Code   RO          342    .text               track.o
    0x08002dc0   0x08002dc0   0x0000026c   Code   RO          364    .text               cal_distance.o
    0x0800302c   0x0800302c   0x00000104   Code   RO          431    .text               delay.o
    0x08003130   0x08003130   0x000008b0   Code   RO          471    .text               usart.o
    0x080039e0   0x080039e0   0x00000040   Code   RO          503    .text               startup_stm32f40_41xxx.o
    0x08003a20   0x08003a20   0x000000e0   Code   RO          509    .text               misc.o
    0x08003b00   0x08003b00   0x00000294   Code   RO          529    .text               stm32f4xx_gpio.o
    0x08003d94   0x08003d94   0x0000065c   Code   RO          572    .text               stm32f4xx_rcc.o
    0x080043f0   0x080043f0   0x00000454   Code   RO          614    .text               stm32f4xx_usart.o
    0x08004844   0x08004844   0x000009f0   Code   RO          634    .text               stm32f4xx_can.o
    0x08005234   0x08005234   0x00000ca2   Code   RO          654    .text               stm32f4xx_tim.o
    0x08005ed6   0x08005ed6   0x00000002   Code   RO          674    .text               c_w.l(use_no_semi_2.o)
    0x08005ed8   0x08005ed8   0x00000064   Code   RO          676    .text               c_w.l(rt_memcpy_w.o)
    0x08005f3c   0x08005f3c   0x00000006   Code   RO          678    .text               c_w.l(heapauxi.o)
    0x08005f42   0x08005f42   0x00000002   Code   RO          736    .text               c_w.l(use_no_semi.o)
    0x08005f44   0x08005f44   0x00000008   Code   RO          810    .text               c_w.l(libspace.o)
    0x08005f4c   0x08005f4c   0x0000004a   Code   RO          813    .text               c_w.l(sys_stackheap_outer.o)
    0x08005f96   0x08005f96   0x00000012   Code   RO          815    .text               c_w.l(exit.o)
    0x08005fa8   0x08005fa8   0x00000062   Code   RO          682    x$fpl$d2f           fz_wm.l(d2f.o)
    0x0800600a   0x0800600a   0x00000002   PAD
    0x0800600c   0x0800600c   0x000002b0   Code   RO          691    x$fpl$ddiv          fz_wm.l(ddiv.o)
    0x080062bc   0x080062bc   0x0000009c   Code   RO          745    x$fpl$dnaninf       fz_wm.l(dnaninf.o)
    0x08006358   0x08006358   0x0000000c   Code   RO          747    x$fpl$dretinf       fz_wm.l(dretinf.o)
    0x08006364   0x08006364   0x00000056   Code   RO          704    x$fpl$f2d           fz_wm.l(f2d.o)
    0x080063ba   0x080063ba   0x0000008c   Code   RO          749    x$fpl$fnaninf       fz_wm.l(fnaninf.o)
    0x08006446   0x08006446   0x0000000a   Code   RO          879    x$fpl$fpinit        fz_wm.l(fpinit.o)
    0x08006450   0x08006450   0x0000000a   Code   RO          751    x$fpl$fretinf       fz_wm.l(fretinf.o)
    0x0800645a   0x0800645a   0x00000000   Code   RO          753    x$fpl$usenofp       fz_wm.l(usenofp.o)
    0x0800645a   0x0800645a   0x00000002   PAD
    0x0800645c   0x0800645c   0x00000020   Data   RO          943    Region$$Table       anon$$obj.o


    Execution Region RW_IRAM1 (Exec base: 0x20000000, Load base: 0x0800647c, Size: 0x00000b10, Max: 0x00020000, ABSOLUTE)

    Exec Addr    Load Addr    Size         Type   Attr      Idx    E Section Name        Object

    0x20000000   0x0800647c   0x00000014   Data   RW            5    .data               main.o
    0x20000014   0x08006490   0x00000014   Data   RW          228    .data               system_stm32f4xx.o
    0x20000028   0x080064a4   0x00000004   Data   RW          299    .data               routeplan.o
    0x2000002c   0x080064a8   0x00000006   Data   RW          343    .data               track.o
    0x20000032   0x080064ae   0x00000004   Data   RW          432    .data               delay.o
    0x20000036   0x080064b2   0x00000002   PAD
    0x20000038   0x080064b4   0x00000009   Data   RW          473    .data               usart.o
    0x20000041   0x080064bd   0x00000010   Data   RW          573    .data               stm32f4xx_rcc.o
    0x20000051   0x080064cd   0x00000003   PAD
    0x20000054        -       0x00000024   Zero   RW            4    .bss                main.o
    0x20000078        -       0x0000030c   Zero   RW          275    .bss                motor_control.o
    0x20000384        -       0x00000128   Zero   RW          472    .bss                usart.o
    0x200004ac        -       0x00000060   Zero   RW          811    .bss                c_w.l(libspace.o)
    0x2000050c   0x080064cd   0x00000004   PAD
    0x20000510        -       0x00000200   Zero   RW          501    HEAP                startup_stm32f40_41xxx.o
    0x20000710        -       0x00000400   Zero   RW          500    STACK               startup_stm32f40_41xxx.o


==============================================================================

Image component sizes


      Code (inc. data)   RO Data    RW Data    ZI Data      Debug   Object Name

       620         12          0          0          0       1864   cal_distance.o
      1892         46          0          0          0       2097   can.o
       260          8          0          4          0       1485   delay.o
       348         18          0         20         36     293756   main.o
       224         20          0          0          0       1821   misc.o
      2888        244          0          0        780       6350   motor_control.o
       296         26          0          0          0        941   myservo.o
         0          0          0          4          0        881   routeplan.o
        64         26        392          0       1536        840   startup_stm32f40_41xxx.o
      2544         38          0          0          0       8148   stm32f4xx_can.o
       660         44          0          0          0       4161   stm32f4xx_gpio.o
        26          0          0          0          0       1226   stm32f4xx_it.o
      1628         52          0         16          0      13040   stm32f4xx_rcc.o
      3234         60          0          0          0      23020   stm32f4xx_tim.o
      1108         34          0          0          0       7888   stm32f4xx_usart.o
       528         46          0         20          0       1783   system_stm32f4xx.o
      5180        186          0          6          0       7850   track.o
      2224        110          0          9        296       7581   usart.o

    ----------------------------------------------------------------------
     23726        970        424         84       2648     384732   Object Totals
         0          0         32          0          0          0   (incl. Generated)
         2          0          0          5          0          0   (incl. Padding)

    ----------------------------------------------------------------------

      Code (inc. data)   RO Data    RW Data    ZI Data      Debug   Library Member Name

         8          0          0          0          0         68   __main.o
         0          0          0          0          0          0   __rtentry.o
        12          0          0          0          0          0   __rtentry2.o
         6          0          0          0          0          0   __rtentry4.o
        52          8          0          0          0          0   __scatter.o
        26          0          0          0          0          0   __scatter_copy.o
        28          0          0          0          0          0   __scatter_zi.o
        18          0          0          0          0         80   exit.o
         6          0          0          0          0        152   heapauxi.o
         2          0          0          0          0          0   libinit.o
         6          0          0          0          0          0   libinit2.o
         2          0          0          0          0          0   libshutdown.o
         2          0          0          0          0          0   libshutdown2.o
         8          4          0          0         96         68   libspace.o
       100          0          0          0          0         80   rt_memcpy_w.o
         2          0          0          0          0          0   rtexit.o
        10          0          0          0          0          0   rtexit2.o
        74          0          0          0          0         80   sys_stackheap_outer.o
         2          0          0          0          0         68   use_no_semi.o
         2          0          0          0          0         68   use_no_semi_2.o
        98          4          0          0          0        140   d2f.o
       688        140          0          0          0        256   ddiv.o
       156          4          0          0          0        140   dnaninf.o
        12          0          0          0          0        116   dretinf.o
        86          4          0          0          0        132   f2d.o
       140          4          0          0          0        132   fnaninf.o
        10          0          0          0          0        116   fpinit.o
        10          0          0          0          0        116   fretinf.o
         0          0          0          0          0          0   usenofp.o

    ----------------------------------------------------------------------
      1574        168          0          0        100       1812   Library Totals
         8          0          0          0          4          0   (incl. Padding)

    ----------------------------------------------------------------------

      Code (inc. data)   RO Data    RW Data    ZI Data      Debug   Library Name

       366         12          0          0         96        664   c_w.l
      1200        156          0          0          0       1148   fz_wm.l

    ----------------------------------------------------------------------
      1574        168          0          0        100       1812   Library Totals

    ----------------------------------------------------------------------

==============================================================================


      Code (inc. data)   RO Data    RW Data    ZI Data      Debug   

     25300       1138        424         84       2748     382336   Grand Totals
     25300       1138        424         84       2748     382336   ELF Image Totals
     25300       1138        424         84          0          0   ROM Totals

==============================================================================

    Total RO  Size (Code + RO Data)                25724 (  25.12kB)
    Total RW  Size (RW Data + ZI Data)              2832 (   2.77kB)
    Total ROM Size (Code + RO Data + RW Data)      25808 (  25.20kB)

==============================================================================

