<html>
<body>
<pre>
<h1>µVision Build Log</h1>
<h2>Tool Versions:</h2>
IDE-Version: ¦ÌVision V5.26.2.0
Copyright (C) 2018 ARM Ltd and ARM Germany GmbH. All rights reserved.
License Information: a a, a, LIC=76F5U-S6CKX-9U24U-S1B1V-SL42H-1LC8V
 
Tool Versions:
Toolchain:       MDK-ARM Plus  Version: 5.26.2.0
Toolchain Path:  C:\Program Files\Keil5\ARM\ARMCC\Bin
C Compiler:      Armcc.exe V5.06 update 6 (build 750)
Assembler:       Armasm.exe V5.06 update 6 (build 750)
Linker/Locator:  ArmLink.exe V5.06 update 6 (build 750)
Library Manager: ArmAr.exe V5.06 update 6 (build 750)
Hex Converter:   FromElf.exe V5.06 update 6 (build 750)
CPU DLL:         SARMCM3.DLL V5.26.2.0
Dialog DLL:      DCM.DLL V1.17.2.0
Target DLL:      STLink\ST-LINKIII-KEIL_SWO.dll V3.0.5.0
Dialog DLL:      TCM.DLL V1.36.1.0
 
<h2>Project:</h2>
C:\Users\admin\Desktop\×ÀÃæÎÄµµ\repo\Motor_can\USER\CAN.uvprojx
Project File Date:  08/21/2022

<h2>Output:</h2>
*** Using Compiler 'V5.06 update 6 (build 750)', folder: 'C:\Program Files\Keil5\ARM\ARMCC\Bin'
Build target 'CAN'
compiling stm32f4xx_it.c...
compiling motor_control.c...
compiling cal_distance.c...
..\HARDWARE\HCSR04\hcsr04.h(12): warning:  #1-D: last line of file ends without a newline
   
..\HARDWARE\WL_LaserDis_V2\cal_distance.h(10): warning:  #1-D: last line of file ends without a newline
  int cal_distance3(void);
..\HARDWARE\WL_LaserDis_V2\cal_distance.c: 2 warnings, 0 errors
compiling led.c...
compiling key.c...
compiling system_stm32f4xx.c...
compiling MyServo.c...
compiling can.c...
..\HARDWARE\CAN\can.c(87): warning:  #1035-D: single-precision operand implicitly converted to double-precision
  		Motor_1.SpeedMeasure =((float)(short)(RxMessage.Data[2]<<8 | RxMessage.Data[3]))/19.0;//*187.0/3591;   
..\HARDWARE\CAN\can.c(100): warning:  #1035-D: single-precision operand implicitly converted to double-precision
  		Motor_2.SpeedMeasure =((float)(short)(RxMessage.Data[2]<<8 | RxMessage.Data[3]))/19.0;//*187.0/3591;   
..\HARDWARE\CAN\can.c(114): warning:  #1035-D: single-precision operand implicitly converted to double-precision
  		Motor_3.SpeedMeasure =((float)(short)(RxMessage.Data[2]<<8 | RxMessage.Data[3]))/19.0;//*187.0/3591;   
..\HARDWARE\CAN\can.c(129): warning:  #1035-D: single-precision operand implicitly converted to double-precision
  		Motor_4.SpeedMeasure =((float)(short)(RxMessage.Data[2]<<8 | RxMessage.Data[3]))/19.0;//*187.0/3591;   
..\HARDWARE\CAN\can.c(143): warning:  #1035-D: single-precision operand implicitly converted to double-precision
  		Motor_5.SpeedMeasure =((float)(short)(RxMessage.Data[2]<<8 | RxMessage.Data[3]))/19.0;//*187.0/3591;   
..\HARDWARE\CAN\can.c: 5 warnings, 0 errors
compiling main.c...
..\HARDWARE\HCSR04\hcsr04.h(12): warning:  #1-D: last line of file ends without a newline
   
..\HARDWARE\WL_LaserDis_V2\cal_distance.h(10): warning:  #1-D: last line of file ends without a newline
  int cal_distance3(void);
main.c(88): warning:  #940-D: missing return statement at end of non-void function "ChooseEndPoint" 
  }
main.c(119): warning:  #177-D: variable "keepCommCnt"  was declared but never referenced
  	u32 keepCommCnt = 0;
main.c: 4 warnings, 0 errors
compiling track.c...
..\HARDWARE\Track\track.c(277): warning:  #940-D: missing return statement at end of non-void function "lightBlack" 
  }
..\HARDWARE\Track\track.c: 1 warning, 0 errors
compiling routeplan.c...
compiling myiic.c...
compiling sys.c...
compiling misc.c...
compiling mpu6050.c...
compiling delay.c...
compiling stm32f4xx_gpio.c...
compiling usart.c...
compiling stm32f4xx_syscfg.c...
compiling stm32f4xx_fsmc.c...
compiling stm32f4xx_usart.c...
compiling stm32f4xx_rcc.c...
compiling stm32f4xx_can.c...
compiling stm32f4xx_tim.c...
linking...
Program Size: Code=39840 RO-data=712 RW-data=84 ZI-data=2796  
FromELF: creating hex file...
"..\OBJ\CAN.axf" - 0 Error(s), 12 Warning(s).

<h2>Software Packages used:</h2>

Package Vendor: Keil
                http://www.keil.com/pack/Keil.STM32F4xx_DFP.2.13.0.pack
                Keil.STM32F4xx_DFP.2.13.0
                STMicroelectronics STM32F4 Series Device Support, Drivers and Examples

<h2>Collection of Component include folders:</h2>
  .\RTE\_CAN
  C:\Program Files\Keil5\ARM\PACK\Keil\STM32F4xx_DFP\2.13.0\Drivers\CMSIS\Device\ST\STM32F4xx\Include

<h2>Collection of Component Files used:</h2>
Build Time Elapsed:  00:00:02
</pre>
</body>
</html>
