Component: ARM Compiler 5.06 update 6 (build 750) Tool: armlink [4d35ed]

==============================================================================

Section Cross References

    main.o(.text) refers to usart.o(.text) for uart_init
    main.o(.text) refers to delay.o(.text) for delay_init
    main.o(.text) refers to led.o(.text) for LED_Init
    main.o(.text) refers to key.o(.text) for KEY_Init
    main.o(.text) refers to misc.o(.text) for NVIC_PriorityGroupConfig
    main.o(.text) refers to track.o(.text) for GPIOCLKInit
    main.o(.text) refers to motor_control.o(.text) for Reset_motors
    main.o(.text) refers to can.o(.text) for CAN1_Configuration
    main.o(.text) refers to myservo.o(.text) for Servo_Init
    main.o(.text) refers to cal_distance.o(.text) for cal_distance1
    main.o(.text) refers to routeplan.o(.text) for CTransY
    main.o(.text) refers to main.o(.data) for k
    main.o(.text) refers to main.o(.bss) for Ebox_state
    main.o(.text) refers to routeplan.o(.bss) for motor_Position
    system_stm32f4xx.o(.text) refers to system_stm32f4xx.o(.data) for SystemCoreClock
    can.o(.text) refers to stm32f4xx_rcc.o(.text) for RCC_AHB1PeriphClockCmd
    can.o(.text) refers to stm32f4xx_gpio.o(.text) for GPIO_Init
    can.o(.text) refers to stm32f4xx_can.o(.text) for CAN_DeInit
    can.o(.text) refers to misc.o(.text) for NVIC_Init
    can.o(.text) refers to f2d.o(x$fpl$f2d) for __aeabi_f2d
    can.o(.text) refers to ddiv.o(x$fpl$ddiv) for __aeabi_ddiv
    can.o(.text) refers to d2f.o(x$fpl$d2f) for __aeabi_d2f
    can.o(.text) refers to rt_memcpy_w.o(.text) for __aeabi_memcpy4
    can.o(.text) refers to motor_control.o(.text) for Get_RM3508_Distance
    can.o(.text) refers to motor_control.o(.bss) for Motor_1
    motor_control.o(.text) refers to motor_control.o(.bss) for Motor_1
    motor_control.o(.text) refers to can.o(.text) for Motor_Set_Current
    routeplan.o(.text) refers to f2d.o(x$fpl$f2d) for __aeabi_f2d
    routeplan.o(.text) refers to fabs.o(i.__hardfp_fabs) for __hardfp_fabs
    routeplan.o(.text) refers to daddsub_clz.o(x$fpl$dadd) for __aeabi_dadd
    routeplan.o(.text) refers to dmul.o(x$fpl$dmul) for __aeabi_dmul
    routeplan.o(.text) refers to ddiv.o(x$fpl$ddiv) for __aeabi_ddiv
    routeplan.o(.text) refers to d2f.o(x$fpl$d2f) for __aeabi_d2f
    routeplan.o(.text) refers to motor_control.o(.bss) for Motor_1
    routeplan.o(.text) refers to routeplan.o(.bss) for motor_Position_angle
    routeplan.o(.text) refers to routeplan.o(.data) for i
    routeplan.o(.text) refers to motor_control.o(.text) for MotorSpeedExpected
    routeplan.o(.text) refers to delay.o(.text) for delay_ms
    routeplan.o(.text) refers to dleqf.o(x$fpl$dleqf) for __aeabi_cdcmple
    routeplan.o(.text) refers to sin.o(i.__hardfp_sin) for __hardfp_sin
    routeplan.o(.text) refers to cos.o(i.__hardfp_cos) for __hardfp_cos
    routeplan.o(.text) refers to daddsub_clz.o(x$fpl$dsub) for __aeabi_dsub
    routeplan.o(.text) refers to myservo.o(.text) for Servo_Angle_Set
    led.o(.text) refers to stm32f4xx_rcc.o(.text) for RCC_AHB1PeriphClockCmd
    led.o(.text) refers to stm32f4xx_gpio.o(.text) for GPIO_Init
    key.o(.text) refers to stm32f4xx_rcc.o(.text) for RCC_AHB1PeriphClockCmd
    key.o(.text) refers to stm32f4xx_gpio.o(.text) for GPIO_Init
    key.o(.text) refers to delay.o(.text) for delay_ms
    key.o(.text) refers to key.o(.data) for key_up
    myservo.o(.text) refers to stm32f4xx_tim.o(.text) for TIM_SetCompare2
    myservo.o(.text) refers to stm32f4xx_rcc.o(.text) for RCC_APB1PeriphClockCmd
    myservo.o(.text) refers to stm32f4xx_gpio.o(.text) for GPIO_PinAFConfig
    track.o(.text) refers to stm32f4xx_rcc.o(.text) for RCC_AHB1PeriphClockCmd
    track.o(.text) refers to stm32f4xx_gpio.o(.text) for GPIO_Init
    track.o(.text) refers to motor_control.o(.text) for MotorSpeedExpected
    track.o(.text) refers to delay.o(.text) for delay_ms
    track.o(.text) refers to track.o(.data) for lastRobotState
    cal_distance.o(.text) refers to delay.o(.text) for delay_us
    cal_distance.o(.text) refers to usart.o(.text) for Read_LaserDis_Usart3
    cal_distance.o(.text) refers to motor_control.o(.text) for MotorSpeedExpected
    myiic.o(.text) refers to stm32f4xx_rcc.o(.text) for RCC_AHB1PeriphClockCmd
    myiic.o(.text) refers to stm32f4xx_gpio.o(.text) for GPIO_Init
    myiic.o(.text) refers to delay.o(.text) for delay_us
    mpu6050.o(.text) refers to myiic.o(.text) for IIC_Start
    mpu6050.o(.text) refers to delay.o(.text) for delay_ms
    mpu6050.o(.text) refers to dflt_clz.o(x$fpl$dflt) for __aeabi_i2d
    mpu6050.o(.text) refers to ddiv.o(x$fpl$ddiv) for __aeabi_ddiv
    mpu6050.o(.text) refers to daddsub_clz.o(x$fpl$dadd) for __aeabi_dadd
    mpu6050.o(.text) refers to d2f.o(x$fpl$d2f) for __aeabi_d2f
    delay.o(.text) refers to misc.o(.text) for SysTick_CLKSourceConfig
    delay.o(.text) refers to delay.o(.data) for fac_us
[...]
    .ARM.Collect$$libshutdown$$00000002      0x08000206   Section        0  libshutdown2.o(.ARM.Collect$$libshutdown$$00000002)
    .ARM.Collect$$libshutdown$$00000004      0x08000206   Section        0  libshutdown2.o(.ARM.Collect$$libshutdown$$00000004)
    .ARM.Collect$$libshutdown$$00000007      0x08000206   Section        0  libshutdown2.o(.ARM.Collect$$libshutdown$$00000007)
    .ARM.Collect$$libshutdown$$0000000A      0x08000206   Section        0  libshutdown2.o(.ARM.Collect$$libshutdown$$0000000A)
    .ARM.Collect$$libshutdown$$0000000C      0x08000206   Section        0  libshutdown2.o(.ARM.Collect$$libshutdown$$0000000C)
    .ARM.Collect$$libshutdown$$0000000F      0x08000206   Section        0  libshutdown2.o(.ARM.Collect$$libshutdown$$0000000F)
    .ARM.Collect$$libshutdown$$00000010      0x08000206   Section        2  libshutdown2.o(.ARM.Collect$$libshutdown$$00000010)
    .ARM.Collect$$rtentry$$00000000          0x08000208   Section        0  __rtentry.o(.ARM.Collect$$rtentry$$00000000)
    .ARM.Collect$$rtentry$$00000002          0x08000208   Section        0  __rtentry2.o(.ARM.Collect$$rtentry$$00000002)
    .ARM.Collect$$rtentry$$00000004          0x08000208   Section        6  __rtentry4.o(.ARM.Collect$$rtentry$$00000004)
    .ARM.Collect$$rtentry$$00000009          0x0800020e   Section        0  __rtentry2.o(.ARM.Collect$$rtentry$$00000009)
    .ARM.Collect$$rtentry$$0000000A          0x0800020e   Section        4  __rtentry2.o(.ARM.Collect$$rtentry$$0000000A)
    .ARM.Collect$$rtentry$$0000000C          0x08000212   Section        0  __rtentry2.o(.ARM.Collect$$rtentry$$0000000C)
    .ARM.Collect$$rtentry$$0000000D          0x08000212   Section        8  __rtentry2.o(.ARM.Collect$$rtentry$$0000000D)
    .ARM.Collect$$rtexit$$00000000           0x0800021a   Section        2  rtexit.o(.ARM.Collect$$rtexit$$00000000)
    .ARM.Collect$$rtexit$$00000002           0x0800021c   Section        0  rtexit2.o(.ARM.Collect$$rtexit$$00000002)
    .ARM.Collect$$rtexit$$00000003           0x0800021c   Section        4  rtexit2.o(.ARM.Collect$$rtexit$$00000003)
    .ARM.Collect$$rtexit$$00000004           0x08000220   Section        6  rtexit2.o(.ARM.Collect$$rtexit$$00000004)
    .text                                    0x08000228   Section        0  main.o(.text)
    .text                                    0x0800063c   Section        0  stm32f4xx_it.o(.text)
    .text                                    0x08000658   Section        0  system_stm32f4xx.o(.text)
    SetSysClock                              0x08000659   Thumb Code   220  system_stm32f4xx.o(.text)
    .text                                    0x08000868   Section        0  can.o(.text)
    .text                                    0x08000fcc   Section        0  motor_control.o(.text)
    .text                                    0x08001b14   Section        0  routeplan.o(.text)
    .text                                    0x08004500   Section        0  led.o(.text)
    .text                                    0x08004540   Section        0  key.o(.text)
    .text                                    0x08004644   Section        0  myservo.o(.text)
    .text                                    0x0800476c   Section        0  track.o(.text)
    .text                                    0x08005708   Section        0  cal_distance.o(.text)
    .text                                    0x080058d4   Section        0  delay.o(.text)
    .text                                    0x080059d8   Section        0  usart.o(.text)
    .text                                    0x08006288   Section       64  startup_stm32f40_41xxx.o(.text)
    $v0                                      0x08006288   Number         0  startup_stm32f40_41xxx.o(.text)
    .text                                    0x080062c8   Section        0  misc.o(.text)
    .text                                    0x080063a8   Section        0  stm32f4xx_gpio.o(.text)
    .text                                    0x0800663c   Section        0  stm32f4xx_rcc.o(.text)
    .text                                    0x08006c98   Section        0  stm32f4xx_usart.o(.text)
    .text                                    0x080070ec   Section        0  stm32f4xx_can.o(.text)
    CheckITStatus                            0x080078ef   Thumb Code    18  stm32f4xx_can.o(.text)
    .text                                    0x08007adc   Section        0  stm32f4xx_tim.o(.text)
    TI4_Config                               0x0800827b   Thumb Code    80  stm32f4xx_tim.o(.text)
    TI3_Config                               0x080082dd   Thumb Code    72  stm32f4xx_tim.o(.text)
    TI2_Config                               0x0800833f   Thumb Code    90  stm32f4xx_tim.o(.text)
    TI1_Config                               0x080083ab   Thumb Code    58  stm32f4xx_tim.o(.text)
    .text                                    0x0800877e   Section        2  use_no_semi_2.o(.text)
    .text                                    0x08008780   Section      100  rt_memcpy_w.o(.text)
    .text                                    0x080087e4   Section        0  heapauxi.o(.text)
    .text                                    0x080087ea   Section        2  use_no_semi.o(.text)
    .text                                    0x080087ec   Section        0  _rserrno.o(.text)
    .text                                    0x08008804   Section        8  rt_errno_addr_intlibspace.o(.text)
    .text                                    0x0800880c   Section        8  libspace.o(.text)
    .text                                    0x08008814   Section       74  sys_stackheap_outer.o(.text)
    .text                                    0x0800885e   Section        0  exit.o(.text)
    i.__ARM_fpclassify                       0x08008870   Section        0  fpclassify.o(i.__ARM_fpclassify)
    i.__hardfp_cos                           0x080088a0   Section        0  cos.o(i.__hardfp_cos)
    i.__hardfp_fabs                          0x08008968   Section        0  fabs.o(i.__hardfp_fabs)
    i.__hardfp_sin                           0x08008980   Section        0  sin.o(i.__hardfp_sin)
    i.__ieee754_rem_pio2                     0x08008a48   Section        0  rred.o(i.__ieee754_rem_pio2)
    i.__kernel_cos                           0x08008e80   Section        0  cos_i.o(i.__kernel_cos)
    i.__kernel_poly                          0x08008ff0   Section        0  poly.o(i.__kernel_poly)
    i.__kernel_sin                           0x080090e8   Section        0  sin_i.o(i.__kernel_sin)
    i.__mathlib_dbl_infnan                   0x08009218   Section        0  dunder.o(i.__mathlib_dbl_infnan)
    i.__mathlib_dbl_invalid                  0x08009230   Section        0  dunder.o(i.__mathlib_dbl_invalid)
    i.__mathlib_dbl_underflow                0x08009250   Section        0  dunder.o(i.__mathlib_dbl_underflow)
    i.fabs                                   0x08009270   Section        0  fabs.o(i.fabs)
    x$fpl$basic                              0x08009288   Section       24  basic.o(x$fpl$basic)
    $v0                                      0x08009288   Number         0  basic.o(x$fpl$basic)
    x$fpl$d2f                                0x080092a0   Section       98  d2f.o(x$fpl$d2f)
    $v0                                      0x080092a0   Number         0  d2f.o(x$fpl$d2f)
    x$fpl$dadd                               0x08009304   Section      336  daddsub_clz.o(x$fpl$dadd)
    $v0                                      0x08009304   Number         0  daddsub_clz.o(x$fpl$dadd)
    _dadd1                                   0x08009315   Thumb Code     0  daddsub_clz.o(x$fpl$dadd)
    x$fpl$dcmpinf                            0x08009454   Section       24  dcmpi.o(x$fpl$dcmpinf)
    $v0                                      0x08009454   Number         0  dcmpi.o(x$fpl$dcmpinf)
    x$fpl$ddiv                               0x0800946c   Section      688  ddiv.o(x$fpl$ddiv)
    $v0                                      0x0800946c   Number         0  ddiv.o(x$fpl$ddiv)
    ddiv_entry                               0x08009473   Thumb Code     0  ddiv.o(x$fpl$ddiv)
    x$fpl$dfix                               0x0800971c   Section       94  dfix.o(x$fpl$dfix)
    $v0                                      0x0800971c   Number         0  dfix.o(x$fpl$dfix)
    x$fpl$dflt                               0x0800977a   Section       46  dflt_clz.o(x$fpl$dflt)
    $v0                                      0x0800977a   Number         0  dflt_clz.o(x$fpl$dflt)
    x$fpl$dfltu                              0x080097a8   Section       38  dflt_clz.o(x$fpl$dfltu)
    $v0                                      0x080097a8   Number         0  dflt_clz.o(x$fpl$dfltu)
    x$fpl$dleqf                              0x080097d0   Section      120  dleqf.o(x$fpl$dleqf)
    $v0                                      0x080097d0   Number         0  dleqf.o(x$fpl$dleqf)
    x$fpl$dmul                               0x08009848   Section      340  dmul.o(x$fpl$dmul)
    $v0                                      0x08009848   Number         0  dmul.o(x$fpl$dmul)
    x$fpl$dnaninf                            0x0800999c   Section      156  dnaninf.o(x$fpl$dnaninf)
    $v0                                      0x0800999c   Number         0  dnaninf.o(x$fpl$dnaninf)
    x$fpl$dretinf                            0x08009a38   Section       12  dretinf.o(x$fpl$dretinf)
    $v0                                      0x08009a38   Number         0  dretinf.o(x$fpl$dretinf)
    x$fpl$drsb                               0x08009a44   Section       22  daddsub_clz.o(x$fpl$drsb)
    $v0                                      0x08009a44   Number         0  daddsub_clz.o(x$fpl$drsb)
    x$fpl$dsub                               0x08009a5c   Section      468  daddsub_clz.o(x$fpl$dsub)
    $v0                                      0x08009a5c   Number         0  daddsub_clz.o(x$fpl$dsub)
    _dsub1                                   0x08009a6d   Thumb Code     0  daddsub_clz.o(x$fpl$dsub)
    x$fpl$f2d                                0x08009c30   Section       86  f2d.o(x$fpl$f2d)
    $v0                                      0x08009c30   Number         0  f2d.o(x$fpl$f2d)
    x$fpl$fnaninf                            0x08009c86   Section      140  fnaninf.o(x$fpl$fnaninf)
    $v0                                      0x08009c86   Number         0  fnaninf.o(x$fpl$fnaninf)
    x$fpl$fpinit                             0x08009d12   Section       10  fpinit.o(x$fpl$fpinit)
    $v0                                      0x08009d12   Number         0  fpinit.o(x$fpl$fpinit)
    x$fpl$fretinf                            0x08009d1c   Section       10  fretinf.o(x$fpl$fretinf)
    $v0                                      0x08009d1c   Number         0  fretinf.o(x$fpl$fretinf)
    x$fpl$usenofp                            0x08009d26   Section        0  usenofp.o(x$fpl$usenofp)
    .constdata                               0x08009d28   Section       48  cos_i.o(.constdata)
    C                                        0x08009d28   Data          48  cos_i.o(.constdata)
    .constdata                               0x08009d58   Section      200  rred.o(.constdata)
    pio2s                                    0x08009d58   Data          48  rred.o(.constdata)
    twooverpi                                0x08009d88   Data         152  rred.o(.constdata)
    .constdata                               0x08009e20   Section       40  sin_i.o(.constdata)
    S                                        0x08009e20   Data          40  sin_i.o(.constdata)
    .data                                    0x20000000   Section       20  main.o(.data)
    .data                                    0x20000014   Section       20  system_stm32f4xx.o(.data)
    .data                                    0x20000028   Section        4  routeplan.o(.data)
    .data                                    0x2000002c   Section        1  key.o(.data)
    key_up                                   0x2000002c   Data           1  key.o(.data)
    .data                                    0x2000002d   Section        4  track.o(.data)
    currentRobotState                        0x2000002d   Data           1  track.o(.data)
    lastRobotState                           0x2000002e   Data           1  track.o(.data)
    flag                                     0x2000002f   Data           1  track.o(.data)
    rotateFlag                               0x20000030   Data           1  track.o(.data)
    .data                                    0x20000032   Section        4  delay.o(.data)
    fac_us                                   0x20000032   Data           1  delay.o(.data)
    fac_ms                                   0x20000034   Data           2  delay.o(.data)
    .data                                    0x20000038   Section        9  usart.o(.data)
    .data                                    0x20000041   Section       16  stm32f4xx_rcc.o(.data)
    APBAHBPrescTable                         0x20000041   Data          16  stm32f4xx_rcc.o(.data)
    .bss                                     0x20000054   Section       36  main.o(.bss)
    .bss                                     0x20000078   Section      780  motor_control.o(.bss)
    .bss                                     0x20000384   Section       52  routeplan.o(.bss)
    .bss                                     0x200003b8   Section      296  usart.o(.bss)
    .bss                                     0x200004e0   Section       96  libspace.o(.bss)
    HEAP                                     0x20000540   Section      512  startup_stm32f40_41xxx.o(HEAP)
    Heap_Mem                                 0x20000540   Data         512  startup_stm32f40_41xxx.o(HEAP)
    STACK                                    0x20000740   Section     1024  startup_stm32f40_41xxx.o(STACK)
    Stack_Mem                                0x20000740   Data        1024  startup_stm32f40_41xxx.o(STACK)
    __initial_sp                             0x20000b40   Data           0  startup_stm32f40_41xxx.o(STACK)

    Global Symbols

    Symbol Name                              Value     Ov Type        Size  Object(Section)

    BuildAttributes$$THM_ISAv4$E$P$D$K$B$S$7EM$VFPi3$EXTD16$VFPS$VFMA$PE$A:L22UL41UL21$X:L11$S22US41US21$IEEE1$IW$USESV6$~STKCKD$USESV7$~SHL$OTIME$ROPI$IEEEX$EBA8$UX$STANDARDLIB$REQ8$PRES8$EABIv2 0x00000000   Number         0  anon$$obj.o ABSOLUTE
    __ARM_use_no_argv                        0x00000000   Number         0  main.o ABSOLUTE
    __ARM_exceptions_init                     - Undefined Weak Reference
    __alloca_initialize                       - Undefined Weak Reference
    __arm_preinit_                            - Undefined Weak Reference
    __cpp_initialize__aeabi_                  - Undefined Weak Reference
    __cxa_finalize                            - Undefined Weak Reference
    __rt_locale                               - Undefined Weak Reference
    __sigvec_lookup                           - Undefined Weak Reference
    _atexit_init                              - Undefined Weak Reference
    _call_atexit_fns                          - Undefined Weak Reference
    _clock_init                               - Undefined Weak Reference
    _fp_trap_init                             - Undefined Weak Reference
    _fp_trap_shutdown                         - Undefined Weak Reference
    _get_lc_collate                           - Undefined Weak Reference
    _get_lc_ctype                             - Undefined Weak Reference
    _get_lc_monetary                          - Undefined Weak Reference
    _get_lc_numeric                           - Undefined Weak Reference
    _get_lc_time                              - Undefined Weak Reference
    _getenv_init                              - Undefined Weak Reference
    _handle_redirection                       - Undefined Weak Reference
    _init_alloc                               - Undefined Weak Reference
    _init_user_alloc                          - Undefined Weak Reference
    _initio                                   - Undefined Weak Reference
    _rand_init                                - Undefined Weak Reference
    _signal_finish                            - Undefined Weak Reference
    _signal_init                              - Undefined Weak Reference
    _terminate_alloc                          - Undefined Weak Reference
    _terminate_user_alloc                     - Undefined Weak Reference
    _terminateio                              - Undefined Weak Reference
    __Vectors_Size                           0x00000188   Number         0  startup_stm32f40_41xxx.o ABSOLUTE
    __Vectors                                0x08000000   Data           4  startup_stm32f40_41xxx.o(RESET)
    __Vectors_End                            0x08000188   Data           0  startup_stm32f40_41xxx.o(RESET)
    __main                                   0x08000189   Thumb Code     8  __main.o(!!!main)
    __scatterload                            0x08000191   Thumb Code     0  __scatter.o(!!!scatter)
    __scatterload_rt2                        0x08000191   Thumb Code    44  __scatter.o(!!!scatter)
    __scatterload_rt2_thumb_only             0x08000191   Thumb Code     0  __scatter.o(!!!scatter)
    __scatterload_null                       0x0800019f   Thumb Code     0  __scatter.o(!!!scatter)
    __scatterload_copy                       0x080001c5   Thumb Code    26  __scatter_copy.o(!!handler_copy)
    __scatterload_zeroinit                   0x080001e1   Thumb Code    28  __scatter_zi.o(!!handler_zi)
    __rt_lib_init                            0x080001fd   Thumb Code     0  libinit.o(.ARM.Collect$$libinit$$00000000)
    __rt_lib_init_fp_1                       0x080001ff   Thumb Code     0  libinit2.o(.ARM.Collect$$libinit$$00000001)
    __rt_lib_init_alloca_1                   0x08000203   Thumb Code     0  libinit2.o(.ARM.Collect$$libinit$$0000002E)
    __rt_lib_init_argv_1                     0x08000203   Thumb Code     0  libinit2.o(.ARM.Collect$$libinit$$0000002C)
    __rt_lib_init_atexit_1                   0x08000203   Thumb Code     0  libinit2.o(.ARM.Collect$$libinit$$0000001B)
    __rt_lib_init_clock_1                    0x08000203   Thumb Code     0  libinit2.o(.ARM.Collect$$libinit$$00000021)
    __rt_lib_init_cpp_1                      0x08000203   Thumb Code     0  libinit2.o(.ARM.Collect$$libinit$$00000032)
    __rt_lib_init_exceptions_1               0x08000203   Thumb Code     0  libinit2.o(.ARM.Collect$$libinit$$00000030)
    __rt_lib_init_fp_trap_1                  0x08000203   Thumb Code     0  libinit2.o(.ARM.Collect$$libinit$$0000001F)
    __rt_lib_init_getenv_1                   0x08000203   Thumb Code     0  libinit2.o(.ARM.Collect$$libinit$$00000023)
    __rt_lib_init_heap_1                     0x08000203   Thumb Code     0  libinit2.o(.ARM.Collect$$libinit$$0000000A)
    __rt_lib_init_lc_collate_1               0x08000203   Thumb Code     0  libinit2.o(.ARM.Collect$$libinit$$00000011)
    __rt_lib_init_lc_ctype_1                 0x08000203   Thumb Code     0  libinit2.o(.ARM.Collect$$libinit$$00000013)
    __rt_lib_init_lc_monetary_1              0x08000203   Thumb Code     0  libinit2.o(.ARM.Collect$$libinit$$00000015)
    __rt_lib_init_lc_numeric_1               0x08000203   Thumb Code     0  libinit2.o(.ARM.Collect$$libinit$$00000017)
    __rt_lib_init_lc_time_1                  0x08000203   Thumb Code     0  libinit2.o(.ARM.Collect$$libinit$$00000019)
    __rt_lib_init_preinit_1                  0x08000203   Thumb Code     0  libinit2.o(.ARM.Collect$$libinit$$00000004)
    __rt_lib_init_rand_1                     0x08000203   Thumb Code     0  libinit2.o(.ARM.Collect$$libinit$$0000000E)
    __rt_lib_init_return                     0x08000203   Thumb Code     0  libinit2.o(.ARM.Collect$$libinit$$00000033)
    __rt_lib_init_signal_1                   0x08000203   Thumb Code     0  libinit2.o(.ARM.Collect$$libinit$$0000001D)
    __rt_lib_init_stdio_1                    0x08000203   Thumb Code     0  libinit2.o(.ARM.Collect$$libinit$$00000025)
    __rt_lib_init_user_alloc_1               0x08000203   Thumb Code     0  libinit2.o(.ARM.Collect$$libinit$$0000000C)
    __rt_lib_shutdown                        0x08000205   Thumb Code     0  libshutdown.o(.ARM.Collect$$libshutdown$$00000000)
    __rt_lib_shutdown_cpp_1                  0x08000207   Thumb Code     0  libshutdown2.o(.ARM.Collect$$libshutdown$$00000002)
    __rt_lib_shutdown_fp_trap_1              0x08000207   Thumb Code     0  libshutdown2.o(.ARM.Collect$$libshutdown$$00000007)
    __rt_lib_shutdown_heap_1                 0x08000207   Thumb Code     0  libshutdown2.o(.ARM.Collect$$libshutdown$$0000000F)
    __rt_lib_shutdown_return                 0x08000207   Thumb Code     0  libshutdown2.o(.ARM.Collect$$libshutdown$$00000010)
    __rt_lib_shutdown_signal_1               0x08000207   Thumb Code     0  libshutdown2.o(.ARM.Collect$$libshutdown$$0000000A)
    __rt_lib_shutdown_stdio_1                0x08000207   Thumb Code     0  libshutdown2.o(.ARM.Collect$$libshutdown$$00000004)
    __rt_lib_shutdown_user_alloc_1           0x08000207   Thumb Code     0  libshutdown2.o(.ARM.Collect$$libshutdown$$0000000C)
    __rt_entry                               0x08000209   Thumb Code     0  __rtentry.o(.ARM.Collect$$rtentry$$00000000)
    __rt_entry_presh_1                       0x08000209   Thumb Code     0  __rtentry2.o(.ARM.Collect$$rtentry$$00000002)
    __rt_entry_sh                            0x08000209   Thumb Code     0  __rtentry4.o(.ARM.Collect$$rtentry$$00000004)
    __rt_entry_li                            0x0800020f   Thumb Code     0  __rtentry2.o(.ARM.Collect$$rtentry$$0000000A)
    __rt_entry_postsh_1                      0x0800020f   Thumb Code     0  __rtentry2.o(.ARM.Collect$$rtentry$$00000009)
    __rt_entry_main                          0x08000213   Thumb Code     0  __rtentry2.o(.ARM.Collect$$rtentry$$0000000D)
    __rt_entry_postli_1                      0x08000213   Thumb Code     0  __rtentry2.o(.ARM.Collect$$rtentry$$0000000C)
    __rt_exit                                0x0800021b   Thumb Code     0  rtexit.o(.ARM.Collect$$rtexit$$00000000)
    __rt_exit_ls                             0x0800021d   Thumb Code     0  rtexit2.o(.ARM.Collect$$rtexit$$00000003)
    __rt_exit_prels_1                        0x0800021d   Thumb Code     0  rtexit2.o(.ARM.Collect$$rtexit$$00000002)
    __rt_exit_exit                           0x08000221   Thumb Code     0  rtexit2.o(.ARM.Collect$$rtexit$$00000004)
    ChooseEndPoint                           0x08000229   Thumb Code   156  main.o(.text)
    ChooseStartPoint                         0x080002c5   Thumb Code    42  main.o(.text)
    main                                     0x080002ef   Thumb Code   788  main.o(.text)
    NMI_Handler                              0x0800063d   Thumb Code     2  stm32f4xx_it.o(.text)
    HardFault_Handler                        0x0800063f   Thumb Code     4  stm32f4xx_it.o(.text)
    MemManage_Handler                        0x08000643   Thumb Code     4  stm32f4xx_it.o(.text)
    BusFault_Handler                         0x08000647   Thumb Code     4  stm32f4xx_it.o(.text)
    UsageFault_Handler                       0x0800064b   Thumb Code     4  stm32f4xx_it.o(.text)
    SVC_Handler                              0x0800064f   Thumb Code     2  stm32f4xx_it.o(.text)
    DebugMon_Handler                         0x08000651   Thumb Code     2  stm32f4xx_it.o(.text)
    PendSV_Handler                           0x08000653   Thumb Code     2  stm32f4xx_it.o(.text)
    SysTick_Handler                          0x08000655   Thumb Code     2  stm32f4xx_it.o(.text)
    SystemInit                               0x08000735   Thumb Code    88  system_stm32f4xx.o(.text)
    SystemCoreClockUpdate                    0x0800078d   Thumb Code   174  system_stm32f4xx.o(.text)
    CAN1_Configuration                       0x08000869   Thumb Code   280  can.o(.text)
    CAN1_TX_IRQHandler                       0x08000981   Thumb Code    22  can.o(.text)
    CAN1_RX0_IRQHandler                      0x08000997   Thumb Code  1430  can.o(.text)
    Motor_Set_Current                        0x08000f2d   Thumb Code    92  can.o(.text)
    Lift_Motor_Set_Current                   0x08000f89   Thumb Code    50  can.o(.text)
    Myabs                                    0x08000fcd   Thumb Code    20  motor_control.o(.text)
    Get_RM3508_Distance                      0x08000fe1   Thumb Code   108  motor_control.o(.text)
    Reset_motors                             0x0800104d   Thumb Code   134  motor_control.o(.text)
    MotorCurrentPidInit                      0x080010d3   Thumb Code   322  motor_control.o(.text)
    MotorSpeedPidInit                        0x08001215   Thumb Code   412  motor_control.o(.text)
    MotorPositionPidInit                     0x080013b1   Thumb Code   544  motor_control.o(.text)
    PidInit                                  0x080015d1   Thumb Code    16  motor_control.o(.text)
    ClassicPidRegulate                       0x080015e1   Thumb Code   252  motor_control.o(.text)
    motor_driver                             0x080016dd   Thumb Code   740  motor_control.o(.text)
    MotorSpeedExpected                       0x080019c1   Thumb Code    98  motor_control.o(.text)
    MotorCurrentExpected                     0x08001a23   Thumb Code    98  motor_control.o(.text)
    MotorPositionExpected                    0x08001a85   Thumb Code    98  motor_control.o(.text)
    sign                                     0x08001b15   Thumb Code    34  routeplan.o(.text)
    stopCspdJudging                          0x08001b37   Thumb Code   242  routeplan.o(.text)
    CoordinatePositionMovement               0x08001c29   Thumb Code  2840  routeplan.o(.text)
    AngularRotationMovement                  0x08002741   Thumb Code   508  routeplan.o(.text)
    Lift_Drop_box                            0x0800293d   Thumb Code   180  routeplan.o(.text)
    CTransY                                  0x080029f1   Thumb Code   120  routeplan.o(.text)
    CTransX                                  0x08002a69   Thumb Code   224  routeplan.o(.text)
    routeplan                                0x08002b49   Thumb Code  4758  routeplan.o(.text)
    liftplan                                 0x08003ddf   Thumb Code   984  routeplan.o(.text)
    dropplan                                 0x080041b7   Thumb Code   644  routeplan.o(.text)
    stopCposJudging                          0x0800443b   Thumb Code   196  routeplan.o(.text)
    LED_Init                                 0x08004501   Thumb Code    60  led.o(.text)
    KEY_Init                                 0x08004541   Thumb Code    60  key.o(.text)
    KEY_Scan                                 0x0800457d   Thumb Code   188  key.o(.text)
    Servo_Angle_Set                          0x08004645   Thumb Code   110  myservo.o(.text)
    Servo_Init                               0x080046b3   Thumb Code   160  myservo.o(.text)
    GPIOCLKInit                              0x0800476d   Thumb Code    44  track.o(.text)
    RedRayInit                               0x08004799   Thumb Code   434  track.o(.text)
    wayAllBlack                              0x0800494b   Thumb Code    92  track.o(.text)
    canRotate                                0x080049a7   Thumb Code    64  track.o(.text)
    needRotateClockwise                      0x080049e7   Thumb Code    96  track.o(.text)
    needRotateCounterClockwise               0x08004a47   Thumb Code    96  track.o(.text)
    lightBlack                               0x08004aa7   Thumb Code   384  track.o(.text)
    rotateToTrack                            0x08004c27   Thumb Code   668  track.o(.text)
    way1AllWhite                             0x08004ec3   Thumb Code    84  track.o(.text)
    way2AllWhite                             0x08004f17   Thumb Code    86  track.o(.text)
    reachTarget                              0x08004f6d   Thumb Code   158  track.o(.text)
    needRight                                0x0800500b   Thumb Code    90  track.o(.text)
    needLeft                                 0x08005065   Thumb Code    90  track.o(.text)
    needForward                              0x080050bf   Thumb Code    64  track.o(.text)
    runFront                                 0x080050ff   Thumb Code    34  track.o(.text)
    runBack                                  0x08005121   Thumb Code    34  track.o(.text)
    runLeft                                  0x08005143   Thumb Code    34  track.o(.text)
    runRight                                 0x08005165   Thumb Code    34  track.o(.text)
    runStop                                  0x08005187   Thumb Code    34  track.o(.text)
    clockwiseRotate                          0x080051a9   Thumb Code    34  track.o(.text)
    clockwiseCounterRotate                   0x080051cb   Thumb Code    34  track.o(.text)
    stateInit                                0x080051ed   Thumb Code    20  track.o(.text)
    startTrack                               0x08005201   Thumb Code  1256  track.o(.text)
    cal_distance1                            0x08005709   Thumb Code   166  cal_distance.o(.text)
    cal_distance2                            0x080057af   Thumb Code   164  cal_distance.o(.text)
    cal_distance3                            0x08005853   Thumb Code   120  cal_distance.o(.text)
    delay_init                               0x080058d5   Thumb Code    52  delay.o(.text)
    delay_us                                 0x08005909   Thumb Code    72  delay.o(.text)
    delay_xms                                0x08005951   Thumb Code    72  delay.o(.text)
    delay_ms                                 0x08005999   Thumb Code    56  delay.o(.text)
    _sys_exit                                0x080059d9   Thumb Code     4  usart.o(.text)
    fputc                                    0x080059dd   Thumb Code    22  usart.o(.text)
    uart_init                                0x080059f3   Thumb Code   164  usart.o(.text)
    uart3_init                               0x08005a97   Thumb Code   166  usart.o(.text)
    uart2_init                               0x08005b3d   Thumb Code   164  usart.o(.text)
    uart6_init                               0x08005be1   Thumb Code   164  usart.o(.text)
    Read_LaserDis_Usart3                     0x08005c85   Thumb Code   242  usart.o(.text)
    Read_LaserDis_Usart2                     0x08005d77   Thumb Code   280  usart.o(.text)
    Read_LaserDis_Usart6                     0x08005e8f   Thumb Code   242  usart.o(.text)
    Set_LaserDis_Usart3                      0x08005f81   Thumb Code   154  usart.o(.text)
    Set_LaserDis_Usart2                      0x0800601b   Thumb Code   154  usart.o(.text)
    Set_LaserDis_Usart6                      0x080060b5   Thumb Code   154  usart.o(.text)
    USART1_IRQHandler                        0x0800614f   Thumb Code   122  usart.o(.text)
    USART3_IRQHandler                        0x080061c9   Thumb Code    88  usart.o(.text)
    USART2_IRQHandler                        0x08006221   Thumb Code    40  usart.o(.text)
    USART6_IRQHandler                        0x08006249   Thumb Code    40  usart.o(.text)
    Reset_Handler                            0x08006289   Thumb Code     8  startup_stm32f40_41xxx.o(.text)
    ADC_IRQHandler                           0x080062a3   Thumb Code     0  startup_stm32f40_41xxx.o(.text)
    CAN1_RX1_IRQHandler                      0x080062a3   Thumb Code     0  startup_stm32f40_41xxx.o(.text)
    CAN1_SCE_IRQHandler                      0x080062a3   Thumb Code     0  startup_stm32f40_41xxx.o(.text)
    CAN2_RX0_IRQHandler                      0x080062a3   Thumb Code     0  startup_stm32f40_41xxx.o(.text)
    CAN2_RX1_IRQHandler                      0x080062a3   Thumb Code     0  startup_stm32f40_41xxx.o(.text)
    CAN2_SCE_IRQHandler                      0x080062a3   Thumb Code     0  startup_stm32f40_41xxx.o(.text)
    CAN2_TX_IRQHandler                       0x080062a3   Thumb Code     0  startup_stm32f40_41xxx.o(.text)
    CRYP_IRQHandler                          0x080062a3   Thumb Code     0  startup_stm32f40_41xxx.o(.text)
    DCMI_IRQHandler                          0x080062a3   Thumb Code     0  startup_stm32f40_41xxx.o(.text)
    DMA1_Stream0_IRQHandler                  0x080062a3   Thumb Code     0  startup_stm32f40_41xxx.o(.text)
    DMA1_Stream1_IRQHandler                  0x080062a3   Thumb Code     0  startup_stm32f40_41xxx.o(.text)
    DMA1_Stream2_IRQHandler                  0x080062a3   Thumb Code     0  startup_stm32f40_41xxx.o(.text)
    DMA1_Stream3_IRQHandler                  0x080062a3   Thumb Code     0  startup_stm32f40_41xxx.o(.text)
    DMA1_Stream4_IRQHandler                  0x080062a3   Thumb Code     0  startup_stm32f40_41xxx.o(.text)
    DMA1_Stream5_IRQHandler                  0x080062a3   Thumb Code     0  startup_stm32f40_41xxx.o(.text)
    DMA1_Stream6_IRQHandler                  0x080062a3   Thumb Code     0  startup_stm32f40_41xxx.o(.text)
    DMA1_Stream7_IRQHandler                  0x080062a3   Thumb Code     0  startup_stm32f40_41xxx.o(.text)
    DMA2_Stream0_IRQHandler                  0x080062a3   Thumb Code     0  startup_stm32f40_41xxx.o(.text)
    DMA2_Stream1_IRQHandler                  0x080062a3   Thumb Code     0  startup_stm32f40_41xxx.o(.text)
    DMA2_Stream2_IRQHandler                  0x080062a3   Thumb Code     0  startup_stm32f40_41xxx.o(.text)
    DMA2_Stream3_IRQHandler                  0x080062a3   Thumb Code     0  startup_stm32f40_41xxx.o(.text)
    DMA2_Stream4_IRQHandler                  0x080062a3   Thumb Code     0  startup_stm32f40_41xxx.o(.text)
    DMA2_Stream5_IRQHandler                  0x080062a3   Thumb Code     0  startup_stm32f40_41xxx.o(.text)
    DMA2_Stream6_IRQHandler                  0x080062a3   Thumb Code     0  startup_stm32f40_41xxx.o(.text)
    DMA2_Stream7_IRQHandler                  0x080062a3   Thumb Code     0  startup_stm32f40_41xxx.o(.text)
    ETH_IRQHandler                           0x080062a3   Thumb Code     0  startup_stm32f40_41xxx.o(.text)
    ETH_WKUP_IRQHandler                      0x080062a3   Thumb Code     0  startup_stm32f40_41xxx.o(.text)
    EXTI0_IRQHandler                         0x080062a3   Thumb Code     0  startup_stm32f40_41xxx.o(.text)
    EXTI15_10_IRQHandler                     0x080062a3   Thumb Code     0  startup_stm32f40_41xxx.o(.text)
    EXTI1_IRQHandler                         0x080062a3   Thumb Code     0  startup_stm32f40_41xxx.o(.text)
    EXTI2_IRQHandler                         0x080062a3   Thumb Code     0  startup_stm32f40_41xxx.o(.text)
    EXTI3_IRQHandler                         0x080062a3   Thumb Code     0  startup_stm32f40_41xxx.o(.text)
    EXTI4_IRQHandler                         0x080062a3   Thumb Code     0  startup_stm32f40_41xxx.o(.text)
    EXTI9_5_IRQHandler                       0x080062a3   Thumb Code     0  startup_stm32f40_41xxx.o(.text)
    FLASH_IRQHandler                         0x080062a3   Thumb Code     0  startup_stm32f40_41xxx.o(.text)
    FPU_IRQHandler                           0x080062a3   Thumb Code     0  startup_stm32f40_41xxx.o(.text)
    FSMC_IRQHandler                          0x080062a3   Thumb Code     0  startup_stm32f40_41xxx.o(.text)
    HASH_RNG_IRQHandler                      0x080062a3   Thumb Code     0  startup_stm32f40_41xxx.o(.text)
    I2C1_ER_IRQHandler                       0x080062a3   Thumb Code     0  startup_stm32f40_41xxx.o(.text)
    I2C1_EV_IRQHandler                       0x080062a3   Thumb Code     0  startup_stm32f40_41xxx.o(.text)
    I2C2_ER_IRQHandler                       0x080062a3   Thumb Code     0  startup_stm32f40_41xxx.o(.text)
    I2C2_EV_IRQHandler                       0x080062a3   Thumb Code     0  startup_stm32f40_41xxx.o(.text)
    I2C3_ER_IRQHandler                       0x080062a3   Thumb Code     0  startup_stm32f40_41xxx.o(.text)
    I2C3_EV_IRQHandler                       0x080062a3   Thumb Code     0  startup_stm32f40_41xxx.o(.text)
    OTG_FS_IRQHandler                        0x080062a3   Thumb Code     0  startup_stm32f40_41xxx.o(.text)
    OTG_FS_WKUP_IRQHandler                   0x080062a3   Thumb Code     0  startup_stm32f40_41xxx.o(.text)
    OTG_HS_EP1_IN_IRQHandler                 0x080062a3   Thumb Code     0  startup_stm32f40_41xxx.o(.text)
    OTG_HS_EP1_OUT_IRQHandler                0x080062a3   Thumb Code     0  startup_stm32f40_41xxx.o(.text)
    OTG_HS_IRQHandler                        0x080062a3   Thumb Code     0  startup_stm32f40_41xxx.o(.text)
    OTG_HS_WKUP_IRQHandler                   0x080062a3   Thumb Code     0  startup_stm32f40_41xxx.o(.text)
    PVD_IRQHandler                           0x080062a3   Thumb Code     0  startup_stm32f40_41xxx.o(.text)
    RCC_IRQHandler                           0x080062a3   Thumb Code     0  startup_stm32f40_41xxx.o(.text)
    RTC_Alarm_IRQHandler                     0x080062a3   Thumb Code     0  startup_stm32f40_41xxx.o(.text)
    RTC_WKUP_IRQHandler                      0x080062a3   Thumb Code     0  startup_stm32f40_41xxx.o(.text)
    SDIO_IRQHandler                          0x080062a3   Thumb Code     0  startup_stm32f40_41xxx.o(.text)
    SPI1_IRQHandler                          0x080062a3   Thumb Code     0  startup_stm32f40_41xxx.o(.text)
    SPI2_IRQHandler                          0x080062a3   Thumb Code     0  startup_stm32f40_41xxx.o(.text)
    SPI3_IRQHandler                          0x080062a3   Thumb Code     0  startup_stm32f40_41xxx.o(.text)
    TAMP_STAMP_IRQHandler                    0x080062a3   Thumb Code     0  startup_stm32f40_41xxx.o(.text)
    TIM1_BRK_TIM9_IRQHandler                 0x080062a3   Thumb Code     0  startup_stm32f40_41xxx.o(.text)
    TIM1_CC_IRQHandler                       0x080062a3   Thumb Code     0  startup_stm32f40_41xxx.o(.text)
    TIM1_TRG_COM_TIM11_IRQHandler            0x080062a3   Thumb Code     0  startup_stm32f40_41xxx.o(.text)
    TIM1_UP_TIM10_IRQHandler                 0x080062a3   Thumb Code     0  startup_stm32f40_41xxx.o(.text)
    TIM2_IRQHandler                          0x080062a3   Thumb Code     0  startup_stm32f40_41xxx.o(.text)
    TIM3_IRQHandler                          0x080062a3   Thumb Code     0  startup_stm32f40_41xxx.o(.text)
    TIM4_IRQHandler                          0x080062a3   Thumb Code     0  startup_stm32f40_41xxx.o(.text)
    TIM5_IRQHandler                          0x080062a3   Thumb Code     0  startup_stm32f40_41xxx.o(.text)
    TIM6_DAC_IRQHandler                      0x080062a3   Thumb Code     0  startup_stm32f40_41xxx.o(.text)
    TIM7_IRQHandler                          0x080062a3   Thumb Code     0  startup_stm32f40_41xxx.o(.text)
    TIM8_BRK_TIM12_IRQHandler                0x080062a3   Thumb Code     0  startup_stm32f40_41xxx.o(.text)
    TIM8_CC_IRQHandler                       0x080062a3   Thumb Code     0  startup_stm32f40_41xxx.o(.text)
    TIM8_TRG_COM_TIM14_IRQHandler            0x080062a3   Thumb Code     0  startup_stm32f40_41xxx.o(.text)
    TIM8_UP_TIM13_IRQHandler                 0x080062a3   Thumb Code     0  startup_stm32f40_41xxx.o(.text)
    UART4_IRQHandler                         0x080062a3   Thumb Code     0  startup_stm32f40_41xxx.o(.text)
    UART5_IRQHandler                         0x080062a3   Thumb Code     0  startup_stm32f40_41xxx.o(.text)
    WWDG_IRQHandler                          0x080062a3   Thumb Code     0  startup_stm32f40_41xxx.o(.text)
    __user_initial_stackheap                 0x080062a5   Thumb Code     0  startup_stm32f40_41xxx.o(.text)
    NVIC_PriorityGroupConfig                 0x080062c9   Thumb Code    10  misc.o(.text)
    NVIC_Init                                0x080062d3   Thumb Code   106  misc.o(.text)
    NVIC_SetVectorTable                      0x0800633d   Thumb Code    14  misc.o(.text)
    NVIC_SystemLPConfig                      0x0800634b   Thumb Code    34  misc.o(.text)
    SysTick_CLKSourceConfig                  0x0800636d   Thumb Code    40  misc.o(.text)
    GPIO_DeInit                              0x080063a9   Thumb Code   268  stm32f4xx_gpio.o(.text)
    GPIO_Init                                0x080064b5   Thumb Code   144  stm32f4xx_gpio.o(.text)
    GPIO_StructInit                          0x08006545   Thumb Code    18  stm32f4xx_gpio.o(.text)
    GPIO_PinLockConfig                       0x08006557   Thumb Code    34  stm32f4xx_gpio.o(.text)
    GPIO_ReadInputDataBit                    0x08006579   Thumb Code    18  stm32f4xx_gpio.o(.text)
    GPIO_ReadInputData                       0x0800658b   Thumb Code     8  stm32f4xx_gpio.o(.text)
    GPIO_ReadOutputDataBit                   0x08006593   Thumb Code    18  stm32f4xx_gpio.o(.text)
    GPIO_ReadOutputData                      0x080065a5   Thumb Code     8  stm32f4xx_gpio.o(.text)
    GPIO_SetBits                             0x080065ad   Thumb Code     4  stm32f4xx_gpio.o(.text)
    GPIO_ResetBits                           0x080065b1   Thumb Code     4  stm32f4xx_gpio.o(.text)
    GPIO_WriteBit                            0x080065b5   Thumb Code    10  stm32f4xx_gpio.o(.text)
    GPIO_Write                               0x080065bf   Thumb Code     4  stm32f4xx_gpio.o(.text)
    GPIO_ToggleBits                          0x080065c3   Thumb Code     8  stm32f4xx_gpio.o(.text)
    GPIO_PinAFConfig                         0x080065cb   Thumb Code    70  stm32f4xx_gpio.o(.text)
    RCC_DeInit                               0x0800663d   Thumb Code    82  stm32f4xx_rcc.o(.text)
    RCC_HSEConfig                            0x0800668f   Thumb Code    14  stm32f4xx_rcc.o(.text)
    RCC_GetFlagStatus                        0x0800669d   Thumb Code    60  stm32f4xx_rcc.o(.text)
    RCC_WaitForHSEStartUp                    0x080066d9   Thumb Code    56  stm32f4xx_rcc.o(.text)
    RCC_AdjustHSICalibrationValue            0x08006711   Thumb Code    20  stm32f4xx_rcc.o(.text)
    RCC_HSICmd                               0x08006725   Thumb Code     6  stm32f4xx_rcc.o(.text)
    RCC_LSEConfig                            0x0800672b   Thumb Code    46  stm32f4xx_rcc.o(.text)
    RCC_LSICmd                               0x08006759   Thumb Code     6  stm32f4xx_rcc.o(.text)
    RCC_PLLConfig                            0x0800675f   Thumb Code    32  stm32f4xx_rcc.o(.text)
    RCC_PLLCmd                               0x0800677f   Thumb Code     6  stm32f4xx_rcc.o(.text)
    RCC_PLLI2SConfig                         0x08006785   Thumb Code    14  stm32f4xx_rcc.o(.text)
    RCC_PLLI2SCmd                            0x08006793   Thumb Code     6  stm32f4xx_rcc.o(.text)
    RCC_PLLSAIConfig                         0x08006799   Thumb Code    20  stm32f4xx_rcc.o(.text)
    RCC_PLLSAICmd                            0x080067ad   Thumb Code     6  stm32f4xx_rcc.o(.text)
    RCC_ClockSecuritySystemCmd               0x080067b3   Thumb Code     6  stm32f4xx_rcc.o(.text)
    RCC_MCO1Config                           0x080067b9   Thumb Code    28  stm32f4xx_rcc.o(.text)
    RCC_MCO2Config                           0x080067d5   Thumb Code    28  stm32f4xx_rcc.o(.text)
    RCC_SYSCLKConfig                         0x080067f1   Thumb Code    20  stm32f4xx_rcc.o(.text)
    RCC_GetSYSCLKSource                      0x08006805   Thumb Code    12  stm32f4xx_rcc.o(.text)
    RCC_HCLKConfig                           0x08006811   Thumb Code    20  stm32f4xx_rcc.o(.text)
    RCC_PCLK1Config                          0x08006825   Thumb Code    20  stm32f4xx_rcc.o(.text)
    RCC_PCLK2Config                          0x08006839   Thumb Code    22  stm32f4xx_rcc.o(.text)
    RCC_GetClocksFreq                        0x0800684f   Thumb Code   222  stm32f4xx_rcc.o(.text)
    RCC_RTCCLKConfig                         0x0800692d   Thumb Code    54  stm32f4xx_rcc.o(.text)
    RCC_RTCCLKCmd                            0x08006963   Thumb Code     8  stm32f4xx_rcc.o(.text)
    RCC_BackupResetCmd                       0x0800696b   Thumb Code     8  stm32f4xx_rcc.o(.text)
    RCC_I2SCLKConfig                         0x08006973   Thumb Code     6  stm32f4xx_rcc.o(.text)
    RCC_SAIPLLI2SClkDivConfig                0x08006979   Thumb Code    26  stm32f4xx_rcc.o(.text)
    RCC_SAIPLLSAIClkDivConfig                0x08006993   Thumb Code    28  stm32f4xx_rcc.o(.text)
    RCC_SAIBlockACLKConfig                   0x080069af   Thumb Code    20  stm32f4xx_rcc.o(.text)
    RCC_SAIBlockBCLKConfig                   0x080069c3   Thumb Code    20  stm32f4xx_rcc.o(.text)
    RCC_LTDCCLKDivConfig                     0x080069d7   Thumb Code    20  stm32f4xx_rcc.o(.text)
    RCC_TIMCLKPresConfig                     0x080069eb   Thumb Code     6  stm32f4xx_rcc.o(.text)
    RCC_AHB1PeriphClockCmd                   0x080069f1   Thumb Code    34  stm32f4xx_rcc.o(.text)
    RCC_AHB2PeriphClockCmd                   0x08006a13   Thumb Code    78  stm32f4xx_rcc.o(.text)
    RCC_AHB3PeriphClockCmd                   0x08006a61   Thumb Code    34  stm32f4xx_rcc.o(.text)
    RCC_APB1PeriphClockCmd                   0x08006a83   Thumb Code    34  stm32f4xx_rcc.o(.text)
    RCC_APB2PeriphClockCmd                   0x08006aa5   Thumb Code    34  stm32f4xx_rcc.o(.text)
    RCC_AHB1PeriphResetCmd                   0x08006ac7   Thumb Code    34  stm32f4xx_rcc.o(.text)
    RCC_AHB2PeriphResetCmd                   0x08006ae9   Thumb Code    34  stm32f4xx_rcc.o(.text)
    RCC_AHB3PeriphResetCmd                   0x08006b0b   Thumb Code    34  stm32f4xx_rcc.o(.text)
    RCC_APB1PeriphResetCmd                   0x08006b2d   Thumb Code    34  stm32f4xx_rcc.o(.text)
    RCC_APB2PeriphResetCmd                   0x08006b4f   Thumb Code    34  stm32f4xx_rcc.o(.text)
    RCC_AHB1PeriphClockLPModeCmd             0x08006b71   Thumb Code    34  stm32f4xx_rcc.o(.text)
    RCC_AHB2PeriphClockLPModeCmd             0x08006b93   Thumb Code    34  stm32f4xx_rcc.o(.text)
    RCC_AHB3PeriphClockLPModeCmd             0x08006bb5   Thumb Code    34  stm32f4xx_rcc.o(.text)
    RCC_APB1PeriphClockLPModeCmd             0x08006bd7   Thumb Code    34  stm32f4xx_rcc.o(.text)
    RCC_APB2PeriphClockLPModeCmd             0x08006bf9   Thumb Code    34  stm32f4xx_rcc.o(.text)
    RCC_LSEModeConfig                        0x08006c1b   Thumb Code    40  stm32f4xx_rcc.o(.text)
    RCC_ITConfig                             0x08006c43   Thumb Code    34  stm32f4xx_rcc.o(.text)
    RCC_ClearFlag                            0x08006c65   Thumb Code    18  stm32f4xx_rcc.o(.text)
    RCC_GetITStatus                          0x08006c77   Thumb Code    22  stm32f4xx_rcc.o(.text)
    RCC_ClearITPendingBit                    0x08006c8d   Thumb Code     8  stm32f4xx_rcc.o(.text)
    USART_DeInit                             0x08006c99   Thumb Code   206  stm32f4xx_usart.o(.text)
    USART_Init                               0x08006d67   Thumb Code   204  stm32f4xx_usart.o(.text)
    USART_StructInit                         0x08006e33   Thumb Code    24  stm32f4xx_usart.o(.text)
    USART_ClockInit                          0x08006e4b   Thumb Code    32  stm32f4xx_usart.o(.text)
    USART_ClockStructInit                    0x08006e6b   Thumb Code    12  stm32f4xx_usart.o(.text)
    USART_Cmd                                0x08006e77   Thumb Code    24  stm32f4xx_usart.o(.text)
    USART_SetPrescaler                       0x08006e8f   Thumb Code    16  stm32f4xx_usart.o(.text)
    USART_OverSampling8Cmd                   0x08006e9f   Thumb Code    22  stm32f4xx_usart.o(.text)
    USART_OneBitMethodCmd                    0x08006eb5   Thumb Code    24  stm32f4xx_usart.o(.text)
    USART_SendData                           0x08006ecd   Thumb Code     8  stm32f4xx_usart.o(.text)
    USART_ReceiveData                        0x08006ed5   Thumb Code    10  stm32f4xx_usart.o(.text)
    USART_SetAddress                         0x08006edf   Thumb Code    18  stm32f4xx_usart.o(.text)
    USART_ReceiverWakeUpCmd                  0x08006ef1   Thumb Code    24  stm32f4xx_usart.o(.text)
    USART_WakeUpConfig                       0x08006f09   Thumb Code    18  stm32f4xx_usart.o(.text)
    USART_LINBreakDetectLengthConfig         0x08006f1b   Thumb Code    18  stm32f4xx_usart.o(.text)
    USART_LINCmd                             0x08006f2d   Thumb Code    24  stm32f4xx_usart.o(.text)
    USART_SendBreak                          0x08006f45   Thumb Code    10  stm32f4xx_usart.o(.text)
    USART_HalfDuplexCmd                      0x08006f4f   Thumb Code    24  stm32f4xx_usart.o(.text)
    USART_SetGuardTime                       0x08006f67   Thumb Code    16  stm32f4xx_usart.o(.text)
    USART_SmartCardCmd                       0x08006f77   Thumb Code    24  stm32f4xx_usart.o(.text)
    USART_SmartCardNACKCmd                   0x08006f8f   Thumb Code    24  stm32f4xx_usart.o(.text)
    USART_IrDAConfig                         0x08006fa7   Thumb Code    18  stm32f4xx_usart.o(.text)
    USART_IrDACmd                            0x08006fb9   Thumb Code    24  stm32f4xx_usart.o(.text)
    USART_DMACmd                             0x08006fd1   Thumb Code    18  stm32f4xx_usart.o(.text)
    USART_ITConfig                           0x08006fe3   Thumb Code    74  stm32f4xx_usart.o(.text)
    USART_GetFlagStatus                      0x0800702d   Thumb Code    26  stm32f4xx_usart.o(.text)
    USART_ClearFlag                          0x08007047   Thumb Code    18  stm32f4xx_usart.o(.text)
    USART_GetITStatus                        0x08007059   Thumb Code   118  stm32f4xx_usart.o(.text)
    USART_ClearITPendingBit                  0x080070cf   Thumb Code    30  stm32f4xx_usart.o(.text)
    CAN_DeInit                               0x080070ed   Thumb Code    50  stm32f4xx_can.o(.text)
    CAN_Init                                 0x0800711f   Thumb Code   276  stm32f4xx_can.o(.text)
    CAN_FilterInit                           0x08007233   Thumb Code   258  stm32f4xx_can.o(.text)
    CAN_StructInit                           0x08007335   Thumb Code    32  stm32f4xx_can.o(.text)
    CAN_SlaveStartBank                       0x08007355   Thumb Code    48  stm32f4xx_can.o(.text)
    CAN_DBGFreeze                            0x08007385   Thumb Code    22  stm32f4xx_can.o(.text)
    CAN_TTComModeCmd                         0x0800739b   Thumb Code   118  stm32f4xx_can.o(.text)
    CAN_Transmit                             0x08007411   Thumb Code   304  stm32f4xx_can.o(.text)
    CAN_TransmitStatus                       0x08007541   Thumb Code   138  stm32f4xx_can.o(.text)
    CAN_CancelTransmit                       0x080075cb   Thumb Code    48  stm32f4xx_can.o(.text)
    CAN_Receive                              0x080075fb   Thumb Code   240  stm32f4xx_can.o(.text)
    CAN_FIFORelease                          0x080076eb   Thumb Code    22  stm32f4xx_can.o(.text)
    CAN_MessagePending                       0x08007701   Thumb Code    30  stm32f4xx_can.o(.text)
    CAN_OperatingModeRequest                 0x0800771f   Thumb Code   162  stm32f4xx_can.o(.text)
    CAN_Sleep                                0x080077c1   Thumb Code    30  stm32f4xx_can.o(.text)
    CAN_WakeUp                               0x080077df   Thumb Code    48  stm32f4xx_can.o(.text)
    CAN_GetLastErrorCode                     0x0800780f   Thumb Code    12  stm32f4xx_can.o(.text)
    CAN_GetReceiveErrorCounter               0x0800781b   Thumb Code    10  stm32f4xx_can.o(.text)
    CAN_GetLSBTransmitErrorCounter           0x08007825   Thumb Code    12  stm32f4xx_can.o(.text)
    CAN_ITConfig                             0x08007831   Thumb Code    18  stm32f4xx_can.o(.text)
    CAN_GetFlagStatus                        0x08007843   Thumb Code   120  stm32f4xx_can.o(.text)
    CAN_ClearFlag                            0x080078bb   Thumb Code    52  stm32f4xx_can.o(.text)
    CAN_GetITStatus                          0x08007901   Thumb Code   310  stm32f4xx_can.o(.text)
    CAN_ClearITPendingBit                    0x08007a37   Thumb Code   162  stm32f4xx_can.o(.text)
    TIM_DeInit                               0x08007add   Thumb Code   346  stm32f4xx_tim.o(.text)
    TIM_TimeBaseInit                         0x08007c37   Thumb Code   104  stm32f4xx_tim.o(.text)
    TIM_TimeBaseStructInit                   0x08007c9f   Thumb Code    18  stm32f4xx_tim.o(.text)
    TIM_PrescalerConfig                      0x08007cb1   Thumb Code     6  stm32f4xx_tim.o(.text)
    TIM_CounterModeConfig                    0x08007cb7   Thumb Code    18  stm32f4xx_tim.o(.text)
    TIM_SetCounter                           0x08007cc9   Thumb Code     4  stm32f4xx_tim.o(.text)
    TIM_SetAutoreload                        0x08007ccd   Thumb Code     4  stm32f4xx_tim.o(.text)
    TIM_GetCounter                           0x08007cd1   Thumb Code     6  stm32f4xx_tim.o(.text)
    TIM_GetPrescaler                         0x08007cd7   Thumb Code     6  stm32f4xx_tim.o(.text)
    TIM_UpdateDisableConfig                  0x08007cdd   Thumb Code    24  stm32f4xx_tim.o(.text)
    TIM_UpdateRequestConfig                  0x08007cf5   Thumb Code    24  stm32f4xx_tim.o(.text)
    TIM_ARRPreloadConfig                     0x08007d0d   Thumb Code    24  stm32f4xx_tim.o(.text)
    TIM_SelectOnePulseMode                   0x08007d25   Thumb Code    18  stm32f4xx_tim.o(.text)
    TIM_SetClockDivision                     0x08007d37   Thumb Code    18  stm32f4xx_tim.o(.text)
    TIM_Cmd                                  0x08007d49   Thumb Code    24  stm32f4xx_tim.o(.text)
    TIM_OC1Init                              0x08007d61   Thumb Code   114  stm32f4xx_tim.o(.text)
    TIM_OC2Init                              0x08007dd3   Thumb Code   154  stm32f4xx_tim.o(.text)
    TIM_OC3Init                              0x08007e6d   Thumb Code   204  stm32f4xx_tim.o(.text)
    TIM_OC4Init                              0x08007f39   Thumb Code   112  stm32f4xx_tim.o(.text)
    TIM_OCStructInit                         0x08007fa9   Thumb Code    20  stm32f4xx_tim.o(.text)
    TIM_SelectOCxM                           0x08007fbd   Thumb Code    86  stm32f4xx_tim.o(.text)
    TIM_SetCompare1                          0x08008013   Thumb Code     4  stm32f4xx_tim.o(.text)
    TIM_SetCompare2                          0x08008017   Thumb Code     4  stm32f4xx_tim.o(.text)
    TIM_SetCompare3                          0x0800801b   Thumb Code     4  stm32f4xx_tim.o(.text)
    TIM_SetCompare4                          0x0800801f   Thumb Code     4  stm32f4xx_tim.o(.text)
    TIM_ForcedOC1Config                      0x08008023   Thumb Code    18  stm32f4xx_tim.o(.text)
    TIM_ForcedOC2Config                      0x08008035   Thumb Code    26  stm32f4xx_tim.o(.text)
    TIM_ForcedOC3Config                      0x0800804f   Thumb Code    18  stm32f4xx_tim.o(.text)
    TIM_ForcedOC4Config                      0x08008061   Thumb Code    26  stm32f4xx_tim.o(.text)
    TIM_OC1PreloadConfig                     0x0800807b   Thumb Code    18  stm32f4xx_tim.o(.text)
    TIM_OC2PreloadConfig                     0x0800808d   Thumb Code    26  stm32f4xx_tim.o(.text)
    TIM_OC3PreloadConfig                     0x080080a7   Thumb Code    18  stm32f4xx_tim.o(.text)
    TIM_OC4PreloadConfig                     0x080080b9   Thumb Code    26  stm32f4xx_tim.o(.text)
    TIM_OC1FastConfig                        0x080080d3   Thumb Code    18  stm32f4xx_tim.o(.text)
    TIM_OC2FastConfig                        0x080080e5   Thumb Code    26  stm32f4xx_tim.o(.text)
    TIM_OC3FastConfig                        0x080080ff   Thumb Code    18  stm32f4xx_tim.o(.text)
    TIM_OC4FastConfig                        0x08008111   Thumb Code    26  stm32f4xx_tim.o(.text)
    TIM_ClearOC1Ref                          0x0800812b   Thumb Code    18  stm32f4xx_tim.o(.text)
    TIM_ClearOC2Ref                          0x0800813d   Thumb Code    24  stm32f4xx_tim.o(.text)
    TIM_ClearOC3Ref                          0x08008155   Thumb Code    18  stm32f4xx_tim.o(.text)
    TIM_ClearOC4Ref                          0x08008167   Thumb Code    24  stm32f4xx_tim.o(.text)
    TIM_OC1PolarityConfig                    0x0800817f   Thumb Code    18  stm32f4xx_tim.o(.text)
    TIM_OC1NPolarityConfig                   0x08008191   Thumb Code    18  stm32f4xx_tim.o(.text)
    TIM_OC2PolarityConfig                    0x080081a3   Thumb Code    26  stm32f4xx_tim.o(.text)
    TIM_OC2NPolarityConfig                   0x080081bd   Thumb Code    26  stm32f4xx_tim.o(.text)
    TIM_OC3PolarityConfig                    0x080081d7   Thumb Code    26  stm32f4xx_tim.o(.text)
    TIM_OC3NPolarityConfig                   0x080081f1   Thumb Code    26  stm32f4xx_tim.o(.text)
    TIM_OC4PolarityConfig                    0x0800820b   Thumb Code    26  stm32f4xx_tim.o(.text)
    TIM_CCxCmd                               0x08008225   Thumb Code    30  stm32f4xx_tim.o(.text)
    TIM_CCxNCmd                              0x08008243   Thumb Code    30  stm32f4xx_tim.o(.text)
    TIM_SetIC4Prescaler                      0x08008261   Thumb Code    26  stm32f4xx_tim.o(.text)
    TIM_SetIC3Prescaler                      0x080082cb   Thumb Code    18  stm32f4xx_tim.o(.text)
    TIM_SetIC2Prescaler                      0x08008325   Thumb Code    26  stm32f4xx_tim.o(.text)
    TIM_SetIC1Prescaler                      0x08008399   Thumb Code    18  stm32f4xx_tim.o(.text)
    TIM_ICInit                               0x080083e5   Thumb Code   110  stm32f4xx_tim.o(.text)
    TIM_ICStructInit                         0x08008453   Thumb Code    18  stm32f4xx_tim.o(.text)
    TIM_PWMIConfig                           0x08008465   Thumb Code   124  stm32f4xx_tim.o(.text)
    TIM_GetCapture1                          0x080084e1   Thumb Code     6  stm32f4xx_tim.o(.text)
    TIM_GetCapture2                          0x080084e7   Thumb Code     6  stm32f4xx_tim.o(.text)
    TIM_GetCapture3                          0x080084ed   Thumb Code     6  stm32f4xx_tim.o(.text)
    TIM_GetCapture4                          0x080084f3   Thumb Code     6  stm32f4xx_tim.o(.text)
    TIM_BDTRConfig                           0x080084f9   Thumb Code    32  stm32f4xx_tim.o(.text)
    TIM_BDTRStructInit                       0x08008519   Thumb Code    18  stm32f4xx_tim.o(.text)
    TIM_CtrlPWMOutputs                       0x0800852b   Thumb Code    30  stm32f4xx_tim.o(.text)
    TIM_SelectCOM                            0x08008549   Thumb Code    24  stm32f4xx_tim.o(.text)
    TIM_CCPreloadControl                     0x08008561   Thumb Code    24  stm32f4xx_tim.o(.text)
    TIM_ITConfig                             0x08008579   Thumb Code    18  stm32f4xx_tim.o(.text)
    TIM_GenerateEvent                        0x0800858b   Thumb Code     4  stm32f4xx_tim.o(.text)
    TIM_GetFlagStatus                        0x0800858f   Thumb Code    18  stm32f4xx_tim.o(.text)
    TIM_ClearFlag                            0x080085a1   Thumb Code     6  stm32f4xx_tim.o(.text)
    TIM_GetITStatus                          0x080085a7   Thumb Code    34  stm32f4xx_tim.o(.text)
    TIM_ClearITPendingBit                    0x080085c9   Thumb Code     6  stm32f4xx_tim.o(.text)
    TIM_DMAConfig                            0x080085cf   Thumb Code    10  stm32f4xx_tim.o(.text)
    TIM_DMACmd                               0x080085d9   Thumb Code    18  stm32f4xx_tim.o(.text)
    TIM_SelectCCDMA                          0x080085eb   Thumb Code    24  stm32f4xx_tim.o(.text)
    TIM_InternalClockConfig                  0x08008603   Thumb Code    12  stm32f4xx_tim.o(.text)
    TIM_SelectInputTrigger                   0x0800860f   Thumb Code    18  stm32f4xx_tim.o(.text)
    TIM_ITRxExternalClockConfig              0x08008621   Thumb Code    24  stm32f4xx_tim.o(.text)
    TIM_TIxExternalClockConfig               0x08008639   Thumb Code    62  stm32f4xx_tim.o(.text)
    TIM_ETRConfig                            0x08008677   Thumb Code    28  stm32f4xx_tim.o(.text)
    TIM_ETRClockMode1Config                  0x08008693   Thumb Code    54  stm32f4xx_tim.o(.text)
    TIM_ETRClockMode2Config                  0x080086c9   Thumb Code    32  stm32f4xx_tim.o(.text)
    TIM_SelectOutputTrigger                  0x080086e9   Thumb Code    18  stm32f4xx_tim.o(.text)
    TIM_SelectSlaveMode                      0x080086fb   Thumb Code    18  stm32f4xx_tim.o(.text)
    TIM_SelectMasterSlaveMode                0x0800870d   Thumb Code    18  stm32f4xx_tim.o(.text)
    TIM_EncoderInterfaceConfig               0x0800871f   Thumb Code    66  stm32f4xx_tim.o(.text)
    TIM_SelectHallSensor                     0x08008761   Thumb Code    24  stm32f4xx_tim.o(.text)
    TIM_RemapConfig                          0x08008779   Thumb Code     6  stm32f4xx_tim.o(.text)
    __use_no_semihosting                     0x0800877f   Thumb Code     2  use_no_semi_2.o(.text)
    __aeabi_memcpy4                          0x08008781   Thumb Code     0  rt_memcpy_w.o(.text)
    __aeabi_memcpy8                          0x08008781   Thumb Code     0  rt_memcpy_w.o(.text)
    __rt_memcpy_w                            0x08008781   Thumb Code   100  rt_memcpy_w.o(.text)
    _memcpy_lastbytes_aligned                0x080087c9   Thumb Code     0  rt_memcpy_w.o(.text)
    __use_two_region_memory                  0x080087e5   Thumb Code     2  heapauxi.o(.text)
    __rt_heap_escrow$2region                 0x080087e7   Thumb Code     2  heapauxi.o(.text)
    __rt_heap_expand$2region                 0x080087e9   Thumb Code     2  heapauxi.o(.text)
    __I$use$semihosting                      0x080087eb   Thumb Code     0  use_no_semi.o(.text)
    __use_no_semihosting_swi                 0x080087eb   Thumb Code     2  use_no_semi.o(.text)
    __read_errno                             0x080087ed   Thumb Code    10  _rserrno.o(.text)
    __set_errno                              0x080087f7   Thumb Code    12  _rserrno.o(.text)
    __aeabi_errno_addr                       0x08008805   Thumb Code     8  rt_errno_addr_intlibspace.o(.text)
    __errno$intlibspace                      0x08008805   Thumb Code     0  rt_errno_addr_intlibspace.o(.text)
    __rt_errno_addr$intlibspace              0x08008805   Thumb Code     0  rt_errno_addr_intlibspace.o(.text)
    __user_libspace                          0x0800880d   Thumb Code     8  libspace.o(.text)
    __user_perproc_libspace                  0x0800880d   Thumb Code     0  libspace.o(.text)
    __user_perthread_libspace                0x0800880d   Thumb Code     0  libspace.o(.text)
    __user_setup_stackheap                   0x08008815   Thumb Code    74  sys_stackheap_outer.o(.text)
    exit                                     0x0800885f   Thumb Code    18  exit.o(.text)
    __ARM_fpclassify                         0x08008871   Thumb Code    48  fpclassify.o(i.__ARM_fpclassify)
    __hardfp_cos                             0x080088a1   Thumb Code   180  cos.o(i.__hardfp_cos)
    __hardfp_fabs                            0x08008969   Thumb Code    20  fabs.o(i.__hardfp_fabs)
    __hardfp_sin                             0x08008981   Thumb Code   180  sin.o(i.__hardfp_sin)
    __ieee754_rem_pio2                       0x08008a49   Thumb Code   938  rred.o(i.__ieee754_rem_pio2)
    __kernel_cos                             0x08008e81   Thumb Code   322  cos_i.o(i.__kernel_cos)
    __kernel_poly                            0x08008ff1   Thumb Code   248  poly.o(i.__kernel_poly)
    __kernel_sin                             0x080090e9   Thumb Code   280  sin_i.o(i.__kernel_sin)
    __mathlib_dbl_infnan                     0x08009219   Thumb Code    20  dunder.o(i.__mathlib_dbl_infnan)
    __mathlib_dbl_invalid                    0x08009231   Thumb Code    24  dunder.o(i.__mathlib_dbl_invalid)
    __mathlib_dbl_underflow                  0x08009251   Thumb Code    24  dunder.o(i.__mathlib_dbl_underflow)
    fabs                                     0x08009271   Thumb Code    24  fabs.o(i.fabs)
    __aeabi_dneg                             0x08009289   Thumb Code     0  basic.o(x$fpl$basic)
    _dneg                                    0x08009289   Thumb Code     6  basic.o(x$fpl$basic)
    __aeabi_fneg                             0x0800928f   Thumb Code     0  basic.o(x$fpl$basic)
    _fneg                                    0x0800928f   Thumb Code     6  basic.o(x$fpl$basic)
    _dabs                                    0x08009295   Thumb Code     6  basic.o(x$fpl$basic)
    _fabs                                    0x0800929b   Thumb Code     6  basic.o(x$fpl$basic)
    __aeabi_d2f                              0x080092a1   Thumb Code     0  d2f.o(x$fpl$d2f)
    _d2f                                     0x080092a1   Thumb Code    98  d2f.o(x$fpl$d2f)
    __aeabi_dadd                             0x08009305   Thumb Code     0  daddsub_clz.o(x$fpl$dadd)
    _dadd                                    0x08009305   Thumb Code   332  daddsub_clz.o(x$fpl$dadd)
    __fpl_dcmp_Inf                           0x08009455   Thumb Code    24  dcmpi.o(x$fpl$dcmpinf)
    __aeabi_ddiv                             0x0800946d   Thumb Code     0  ddiv.o(x$fpl$ddiv)
    _ddiv                                    0x0800946d   Thumb Code   552  ddiv.o(x$fpl$ddiv)
    __aeabi_d2iz                             0x0800971d   Thumb Code     0  dfix.o(x$fpl$dfix)
    _dfix                                    0x0800971d   Thumb Code    94  dfix.o(x$fpl$dfix)
    __aeabi_i2d                              0x0800977b   Thumb Code     0  dflt_clz.o(x$fpl$dflt)
    _dflt                                    0x0800977b   Thumb Code    46  dflt_clz.o(x$fpl$dflt)
    __aeabi_ui2d                             0x080097a9   Thumb Code     0  dflt_clz.o(x$fpl$dfltu)
    _dfltu                                   0x080097a9   Thumb Code    38  dflt_clz.o(x$fpl$dfltu)
    __aeabi_cdcmple                          0x080097d1   Thumb Code     0  dleqf.o(x$fpl$dleqf)
    _dcmple                                  0x080097d1   Thumb Code   120  dleqf.o(x$fpl$dleqf)
    __fpl_dcmple_InfNaN                      0x08009833   Thumb Code     0  dleqf.o(x$fpl$dleqf)
    __aeabi_dmul                             0x08009849   Thumb Code     0  dmul.o(x$fpl$dmul)
    _dmul                                    0x08009849   Thumb Code   332  dmul.o(x$fpl$dmul)
    __fpl_dnaninf                            0x0800999d   Thumb Code   156  dnaninf.o(x$fpl$dnaninf)
    __fpl_dretinf                            0x08009a39   Thumb Code    12  dretinf.o(x$fpl$dretinf)
    __aeabi_drsub                            0x08009a45   Thumb Code     0  daddsub_clz.o(x$fpl$drsb)
    _drsb                                    0x08009a45   Thumb Code    22  daddsub_clz.o(x$fpl$drsb)
    __aeabi_dsub                             0x08009a5d   Thumb Code     0  daddsub_clz.o(x$fpl$dsub)
    _dsub                                    0x08009a5d   Thumb Code   464  daddsub_clz.o(x$fpl$dsub)
    __aeabi_f2d                              0x08009c31   Thumb Code     0  f2d.o(x$fpl$f2d)
    _f2d                                     0x08009c31   Thumb Code    86  f2d.o(x$fpl$f2d)
    __fpl_fnaninf                            0x08009c87   Thumb Code   140  fnaninf.o(x$fpl$fnaninf)
    _fp_init                                 0x08009d13   Thumb Code    10  fpinit.o(x$fpl$fpinit)
    __fplib_config_fpu_vfp                   0x08009d1b   Thumb Code     0  fpinit.o(x$fpl$fpinit)
    __fplib_config_pureend_doubles           0x08009d1b   Thumb Code     0  fpinit.o(x$fpl$fpinit)
    __fpl_fretinf                            0x08009d1d   Thumb Code    10  fretinf.o(x$fpl$fretinf)
    __I$use$fp                               0x08009d26   Number         0  usenofp.o(x$fpl$usenofp)
    Region$$Table$$Base                      0x08009e48   Number         0  anon$$obj.o(Region$$Table)
    Region$$Table$$Limit                     0x08009e68   Number         0  anon$$obj.o(Region$$Table)
    mobile_box_state                         0x20000000   Data           4  main.o(.data)
    motor_park_space_start                   0x20000004   Data           4  main.o(.data)
    motor_park_space_end                     0x20000008   Data           4  main.o(.data)
    motor_Location                           0x2000000c   Data           4  main.o(.data)
    k                                        0x20000010   Data           4  main.o(.data)
    SystemCoreClock                          0x20000014   Data           4  system_stm32f4xx.o(.data)
    AHBPrescTable                            0x20000018   Data          16  system_stm32f4xx.o(.data)
    i                                        0x20000028   Data           4  routeplan.o(.data)
    __stdout                                 0x20000038   Data           4  usart.o(.data)
    USART_RX_STA                             0x2000003c   Data           2  usart.o(.data)
    Num3                                     0x2000003e   Data           1  usart.o(.data)
    Num2                                     0x2000003f   Data           1  usart.o(.data)
    Num6                                     0x20000040   Data           1  usart.o(.data)
    Sbox_state                               0x20000054   Data          24  main.o(.bss)
    Ebox_state                               0x2000006c   Data          12  main.o(.bss)
    Motor_1                                  0x20000078   Data          36  motor_control.o(.bss)
    Motor_2                                  0x2000009c   Data          36  motor_control.o(.bss)
    Motor_3                                  0x200000c0   Data          36  motor_control.o(.bss)
    Motor_4                                  0x200000e4   Data          36  motor_control.o(.bss)
    Motor_5                                  0x20000108   Data          36  motor_control.o(.bss)
    MotorPositionPid1                        0x2000012c   Data          40  motor_control.o(.bss)
    MotorSpeedPid1                           0x20000154   Data          40  motor_control.o(.bss)
    MotorCurrentPid1                         0x2000017c   Data          40  motor_control.o(.bss)
    MotorPositionPid2                        0x200001a4   Data          40  motor_control.o(.bss)
    MotorSpeedPid2                           0x200001cc   Data          40  motor_control.o(.bss)
    MotorCurrentPid2                         0x200001f4   Data          40  motor_control.o(.bss)
    MotorPositionPid3                        0x2000021c   Data          40  motor_control.o(.bss)
    MotorSpeedPid3                           0x20000244   Data          40  motor_control.o(.bss)
    MotorCurrentPid3                         0x2000026c   Data          40  motor_control.o(.bss)
    MotorPositionPid4                        0x20000294   Data          40  motor_control.o(.bss)
    MotorSpeedPid4                           0x200002bc   Data          40  motor_control.o(.bss)
    MotorCurrentPid4                         0x200002e4   Data          40  motor_control.o(.bss)
    MotorPositionPid5                        0x2000030c   Data          40  motor_control.o(.bss)
    MotorSpeedPid5                           0x20000334   Data          40  motor_control.o(.bss)
    MotorCurrentPid5                         0x2000035c   Data          40  motor_control.o(.bss)
    motor_Position                           0x20000384   Data          12  routeplan.o(.bss)
    motor_circle_angle                       0x20000390   Data          20  routeplan.o(.bss)
    motor_Position_angle                     0x200003a4   Data          20  routeplan.o(.bss)
    USART_RX_BUF                             0x200003b8   Data         200  usart.o(.bss)
    USART_RX_STA0                            0x20000480   Data          32  usart.o(.bss)
    USART_RX_STA1                            0x200004a0   Data          32  usart.o(.bss)
    USART_RX_STA2                            0x200004c0   Data          32  usart.o(.bss)
    __libspace_start                         0x200004e0   Data          96  libspace.o(.bss)
    __temporary_stack_top$libspace           0x20000540   Data           0  libspace.o(.bss)



==============================================================================

Memory Map of the image

  Image Entry point : 0x08000189

  Load Region LR_IROM1 (Base: 0x08000000, Size: 0x00009ebc, Max: 0x00100000, ABSOLUTE)

    Execution Region ER_IROM1 (Exec base: 0x08000000, Load base: 0x08000000, Size: 0x00009e68, Max: 0x00100000, ABSOLUTE)

    Exec Addr    Load Addr    Size         Type   Attr      Idx    E Section Name        Object

    0x08000000   0x08000000   0x00000188   Data   RO          548    RESET               startup_stm32f40_41xxx.o
    0x08000188   0x08000188   0x00000008   Code   RO          726  * !!!main             c_w.l(__main.o)
    0x08000190   0x08000190   0x00000034   Code   RO          991    !!!scatter          c_w.l(__scatter.o)
    0x080001c4   0x080001c4   0x0000001a   Code   RO          993    !!handler_copy      c_w.l(__scatter_copy.o)
    0x080001de   0x080001de   0x00000002   PAD
    0x080001e0   0x080001e0   0x0000001c   Code   RO          995    !!handler_zi        c_w.l(__scatter_zi.o)
    0x080001fc   0x080001fc   0x00000002   Code   RO          868    .ARM.Collect$$libinit$$00000000  c_w.l(libinit.o)
    0x080001fe   0x080001fe   0x00000004   Code   RO          871    .ARM.Collect$$libinit$$00000001  c_w.l(libinit2.o)
    0x08000202   0x08000202   0x00000000   Code   RO          874    .ARM.Collect$$libinit$$00000004  c_w.l(libinit2.o)
    0x08000202   0x08000202   0x00000000   Code   RO          877    .ARM.Collect$$libinit$$0000000A  c_w.l(libinit2.o)
    0x08000202   0x08000202   0x00000000   Code   RO          879    .ARM.Collect$$libinit$$0000000C  c_w.l(libinit2.o)
    0x08000202   0x08000202   0x00000000   Code   RO          881    .ARM.Collect$$libinit$$0000000E  c_w.l(libinit2.o)
    0x08000202   0x08000202   0x00000000   Code   RO          884    .ARM.Collect$$libinit$$00000011  c_w.l(libinit2.o)
    0x08000202   0x08000202   0x00000000   Code   RO          886    .ARM.Collect$$libinit$$00000013  c_w.l(libinit2.o)
    0x08000202   0x08000202   0x00000000   Code   RO          888    .ARM.Collect$$libinit$$00000015  c_w.l(libinit2.o)
    0x08000202   0x08000202   0x00000000   Code   RO          890    .ARM.Collect$$libinit$$00000017  c_w.l(libinit2.o)
    0x08000202   0x08000202   0x00000000   Code   RO          892    .ARM.Collect$$libinit$$00000019  c_w.l(libinit2.o)
    0x08000202   0x08000202   0x00000000   Code   RO          894    .ARM.Collect$$libinit$$0000001B  c_w.l(libinit2.o)
    0x08000202   0x08000202   0x00000000   Code   RO          896    .ARM.Collect$$libinit$$0000001D  c_w.l(libinit2.o)
    0x08000202   0x08000202   0x00000000   Code   RO          898    .ARM.Collect$$libinit$$0000001F  c_w.l(libinit2.o)
    0x08000202   0x08000202   0x00000000   Code   RO          900    .ARM.Collect$$libinit$$00000021  c_w.l(libinit2.o)
    0x08000202   0x08000202   0x00000000   Code   RO          902    .ARM.Collect$$libinit$$00000023  c_w.l(libinit2.o)
    0x08000202   0x08000202   0x00000000   Code   RO          904    .ARM.Collect$$libinit$$00000025  c_w.l(libinit2.o)
    0x08000202   0x08000202   0x00000000   Code   RO          908    .ARM.Collect$$libinit$$0000002C  c_w.l(libinit2.o)
    0x08000202   0x08000202   0x00000000   Code   RO          910    .ARM.Collect$$libinit$$0000002E  c_w.l(libinit2.o)
    0x08000202   0x08000202   0x00000000   Code   RO          912    .ARM.Collect$$libinit$$00000030  c_w.l(libinit2.o)
    0x08000202   0x08000202   0x00000000   Code   RO          914    .ARM.Collect$$libinit$$00000032  c_w.l(libinit2.o)
    0x08000202   0x08000202   0x00000002   Code   RO          915    .ARM.Collect$$libinit$$00000033  c_w.l(libinit2.o)
    0x08000204   0x08000204   0x00000002   Code   RO          933    .ARM.Collect$$libshutdown$$00000000  c_w.l(libshutdown.o)
    0x08000206   0x08000206   0x00000000   Code   RO          943    .ARM.Collect$$libshutdown$$00000002  c_w.l(libshutdown2.o)
    0x08000206   0x08000206   0x00000000   Code   RO          945    .ARM.Collect$$libshutdown$$00000004  c_w.l(libshutdown2.o)
    0x08000206   0x08000206   0x00000000   Code   RO          948    .ARM.Collect$$libshutdown$$00000007  c_w.l(libshutdown2.o)
    0x08000206   0x08000206   0x00000000   Code   RO          951    .ARM.Collect$$libshutdown$$0000000A  c_w.l(libshutdown2.o)
    0x08000206   0x08000206   0x00000000   Code   RO          953    .ARM.Collect$$libshutdown$$0000000C  c_w.l(libshutdown2.o)
    0x08000206   0x08000206   0x00000000   Code   RO          956    .ARM.Collect$$libshutdown$$0000000F  c_w.l(libshutdown2.o)
    0x08000206   0x08000206   0x00000002   Code   RO          957    .ARM.Collect$$libshutdown$$00000010  c_w.l(libshutdown2.o)
    0x08000208   0x08000208   0x00000000   Code   RO          784    .ARM.Collect$$rtentry$$00000000  c_w.l(__rtentry.o)
    0x08000208   0x08000208   0x00000000   Code   RO          829    .ARM.Collect$$rtentry$$00000002  c_w.l(__rtentry2.o)
    0x08000208   0x08000208   0x00000006   Code   RO          841    .ARM.Collect$$rtentry$$00000004  c_w.l(__rtentry4.o)
    0x0800020e   0x0800020e   0x00000000   Code   RO          831    .ARM.Collect$$rtentry$$00000009  c_w.l(__rtentry2.o)
    0x0800020e   0x0800020e   0x00000004   Code   RO          832    .ARM.Collect$$rtentry$$0000000A  c_w.l(__rtentry2.o)
    0x08000212   0x08000212   0x00000000   Code   RO          834    .ARM.Collect$$rtentry$$0000000C  c_w.l(__rtentry2.o)
    0x08000212   0x08000212   0x00000008   Code   RO          835    .ARM.Collect$$rtentry$$0000000D  c_w.l(__rtentry2.o)
    0x0800021a   0x0800021a   0x00000002   Code   RO          869    .ARM.Collect$$rtexit$$00000000  c_w.l(rtexit.o)
    0x0800021c   0x0800021c   0x00000000   Code   RO          917    .ARM.Collect$$rtexit$$00000002  c_w.l(rtexit2.o)
    0x0800021c   0x0800021c   0x00000004   Code   RO          918    .ARM.Collect$$rtexit$$00000003  c_w.l(rtexit2.o)
    0x08000220   0x08000220   0x00000006   Code   RO          919    .ARM.Collect$$rtexit$$00000004  c_w.l(rtexit2.o)
    0x08000226   0x08000226   0x00000002   PAD
    0x08000228   0x08000228   0x00000414   Code   RO            3    .text               main.o
    0x0800063c   0x0800063c   0x0000001a   Code   RO          184    .text               stm32f4xx_it.o
    0x08000656   0x08000656   0x00000002   PAD
    0x08000658   0x08000658   0x00000210   Code   RO          233    .text               system_stm32f4xx.o
    0x08000868   0x08000868   0x00000764   Code   RO          259    .text               can.o
    0x08000fcc   0x08000fcc   0x00000b48   Code   RO          280    .text               motor_control.o
    0x08001b14   0x08001b14   0x000029ea   Code   RO          303    .text               routeplan.o
    0x080044fe   0x080044fe   0x00000002   PAD
    0x08004500   0x08004500   0x00000040   Code   RO          328    .text               led.o
    0x08004540   0x08004540   0x00000104   Code   RO          348    .text               key.o
    0x08004644   0x08004644   0x00000128   Code   RO          369    .text               myservo.o
    0x0800476c   0x0800476c   0x00000f9c   Code   RO          389    .text               track.o
    0x08005708   0x08005708   0x000001cc   Code   RO          411    .text               cal_distance.o
    0x080058d4   0x080058d4   0x00000104   Code   RO          477    .text               delay.o
    0x080059d8   0x080059d8   0x000008b0   Code   RO          517    .text               usart.o
    0x08006288   0x08006288   0x00000040   Code   RO          549    .text               startup_stm32f40_41xxx.o
    0x080062c8   0x080062c8   0x000000e0   Code   RO          555    .text               misc.o
    0x080063a8   0x080063a8   0x00000294   Code   RO          575    .text               stm32f4xx_gpio.o
    0x0800663c   0x0800663c   0x0000065c   Code   RO          618    .text               stm32f4xx_rcc.o
    0x08006c98   0x08006c98   0x00000454   Code   RO          660    .text               stm32f4xx_usart.o
    0x080070ec   0x080070ec   0x000009f0   Code   RO          680    .text               stm32f4xx_can.o
    0x08007adc   0x08007adc   0x00000ca2   Code   RO          700    .text               stm32f4xx_tim.o
    0x0800877e   0x0800877e   0x00000002   Code   RO          720    .text               c_w.l(use_no_semi_2.o)
    0x08008780   0x08008780   0x00000064   Code   RO          722    .text               c_w.l(rt_memcpy_w.o)
    0x080087e4   0x080087e4   0x00000006   Code   RO          724    .text               c_w.l(heapauxi.o)
    0x080087ea   0x080087ea   0x00000002   Code   RO          782    .text               c_w.l(use_no_semi.o)
    0x080087ec   0x080087ec   0x00000016   Code   RO          785    .text               c_w.l(_rserrno.o)
    0x08008802   0x08008802   0x00000002   PAD
    0x08008804   0x08008804   0x00000008   Code   RO          846    .text               c_w.l(rt_errno_addr_intlibspace.o)
    0x0800880c   0x0800880c   0x00000008   Code   RO          856    .text               c_w.l(libspace.o)
    0x08008814   0x08008814   0x0000004a   Code   RO          859    .text               c_w.l(sys_stackheap_outer.o)
    0x0800885e   0x0800885e   0x00000012   Code   RO          861    .text               c_w.l(exit.o)
    0x08008870   0x08008870   0x00000030   Code   RO          852    i.__ARM_fpclassify  m_wm.l(fpclassify.o)
    0x080088a0   0x080088a0   0x000000c8   Code   RO          752    i.__hardfp_cos      m_wm.l(cos.o)
    0x08008968   0x08008968   0x00000014   Code   RO          764    i.__hardfp_fabs     m_wm.l(fabs.o)
    0x0800897c   0x0800897c   0x00000004   PAD
    0x08008980   0x08008980   0x000000c8   Code   RO          770    i.__hardfp_sin      m_wm.l(sin.o)
    0x08008a48   0x08008a48   0x00000438   Code   RO          817    i.__ieee754_rem_pio2  m_wm.l(rred.o)
    0x08008e80   0x08008e80   0x00000170   Code   RO          800    i.__kernel_cos      m_wm.l(cos_i.o)
    0x08008ff0   0x08008ff0   0x000000f8   Code   RO          854    i.__kernel_poly     m_wm.l(poly.o)
    0x080090e8   0x080090e8   0x00000130   Code   RO          822    i.__kernel_sin      m_wm.l(sin_i.o)
    0x08009218   0x08009218   0x00000014   Code   RO          804    i.__mathlib_dbl_infnan  m_wm.l(dunder.o)
    0x0800922c   0x0800922c   0x00000004   PAD
    0x08009230   0x08009230   0x00000020   Code   RO          806    i.__mathlib_dbl_invalid  m_wm.l(dunder.o)
    0x08009250   0x08009250   0x00000020   Code   RO          809    i.__mathlib_dbl_underflow  m_wm.l(dunder.o)
    0x08009270   0x08009270   0x00000018   Code   RO          766    i.fabs              m_wm.l(fabs.o)
    0x08009288   0x08009288   0x00000018   Code   RO          787    x$fpl$basic         fz_wm.l(basic.o)
    0x080092a0   0x080092a0   0x00000062   Code   RO          728    x$fpl$d2f           fz_wm.l(d2f.o)
    0x08009302   0x08009302   0x00000002   PAD
    0x08009304   0x08009304   0x00000150   Code   RO          730    x$fpl$dadd          fz_wm.l(daddsub_clz.o)
    0x08009454   0x08009454   0x00000018   Code   RO          789    x$fpl$dcmpinf       fz_wm.l(dcmpi.o)
    0x0800946c   0x0800946c   0x000002b0   Code   RO          737    x$fpl$ddiv          fz_wm.l(ddiv.o)
    0x0800971c   0x0800971c   0x0000005e   Code   RO          848    x$fpl$dfix          fz_wm.l(dfix.o)
    0x0800977a   0x0800977a   0x0000002e   Code   RO          741    x$fpl$dflt          fz_wm.l(dflt_clz.o)
    0x080097a8   0x080097a8   0x00000026   Code   RO          740    x$fpl$dfltu         fz_wm.l(dflt_clz.o)
    0x080097ce   0x080097ce   0x00000002   PAD
    0x080097d0   0x080097d0   0x00000078   Code   RO          746    x$fpl$dleqf         fz_wm.l(dleqf.o)
    0x08009848   0x08009848   0x00000154   Code   RO          748    x$fpl$dmul          fz_wm.l(dmul.o)
    0x0800999c   0x0800999c   0x0000009c   Code   RO          791    x$fpl$dnaninf       fz_wm.l(dnaninf.o)
    0x08009a38   0x08009a38   0x0000000c   Code   RO          793    x$fpl$dretinf       fz_wm.l(dretinf.o)
    0x08009a44   0x08009a44   0x00000016   Code   RO          731    x$fpl$drsb          fz_wm.l(daddsub_clz.o)
    0x08009a5a   0x08009a5a   0x00000002   PAD
    0x08009a5c   0x08009a5c   0x000001d4   Code   RO          732    x$fpl$dsub          fz_wm.l(daddsub_clz.o)
    0x08009c30   0x08009c30   0x00000056   Code   RO          750    x$fpl$f2d           fz_wm.l(f2d.o)
    0x08009c86   0x08009c86   0x0000008c   Code   RO          795    x$fpl$fnaninf       fz_wm.l(fnaninf.o)
    0x08009d12   0x08009d12   0x0000000a   Code   RO          925    x$fpl$fpinit        fz_wm.l(fpinit.o)
    0x08009d1c   0x08009d1c   0x0000000a   Code   RO          797    x$fpl$fretinf       fz_wm.l(fretinf.o)
    0x08009d26   0x08009d26   0x00000000   Code   RO          799    x$fpl$usenofp       fz_wm.l(usenofp.o)
    0x08009d26   0x08009d26   0x00000002   PAD
    0x08009d28   0x08009d28   0x00000030   Data   RO          801    .constdata          m_wm.l(cos_i.o)
    0x08009d58   0x08009d58   0x000000c8   Data   RO          819    .constdata          m_wm.l(rred.o)
    0x08009e20   0x08009e20   0x00000028   Data   RO          823    .constdata          m_wm.l(sin_i.o)
    0x08009e48   0x08009e48   0x00000020   Data   RO          989    Region$$Table       anon$$obj.o


    Execution Region RW_IRAM1 (Exec base: 0x20000000, Load base: 0x08009e68, Size: 0x00000b40, Max: 0x00020000, ABSOLUTE)

    Exec Addr    Load Addr    Size         Type   Attr      Idx    E Section Name        Object

    0x20000000   0x08009e68   0x00000014   Data   RW            5    .data               main.o
    0x20000014   0x08009e7c   0x00000014   Data   RW          234    .data               system_stm32f4xx.o
    0x20000028   0x08009e90   0x00000004   Data   RW          305    .data               routeplan.o
    0x2000002c   0x08009e94   0x00000001   Data   RW          349    .data               key.o
    0x2000002d   0x08009e95   0x00000004   Data   RW          390    .data               track.o
    0x20000031   0x08009e99   0x00000001   PAD
    0x20000032   0x08009e9a   0x00000004   Data   RW          478    .data               delay.o
    0x20000036   0x08009e9e   0x00000002   PAD
    0x20000038   0x08009ea0   0x00000009   Data   RW          519    .data               usart.o
    0x20000041   0x08009ea9   0x00000010   Data   RW          619    .data               stm32f4xx_rcc.o
    0x20000051   0x08009eb9   0x00000003   PAD
    0x20000054        -       0x00000024   Zero   RW            4    .bss                main.o
    0x20000078        -       0x0000030c   Zero   RW          281    .bss                motor_control.o
    0x20000384        -       0x00000034   Zero   RW          304    .bss                routeplan.o
    0x200003b8        -       0x00000128   Zero   RW          518    .bss                usart.o
    0x200004e0        -       0x00000060   Zero   RW          857    .bss                c_w.l(libspace.o)
    0x20000540        -       0x00000200   Zero   RW          547    HEAP                startup_stm32f40_41xxx.o
    0x20000740        -       0x00000400   Zero   RW          546    STACK               startup_stm32f40_41xxx.o


==============================================================================

Image component sizes


      Code (inc. data)   RO Data    RW Data    ZI Data      Debug   Object Name

       460         10          0          0          0       1796   cal_distance.o
      1892         46          0          0          0       2105   can.o
       260          8          0          4          0       1501   delay.o
       260         12          0          1          0        888   key.o
        64          4          0          0          0        535   led.o
      1044         64          0         20         36     294204   main.o
       224         20          0          0          0       1837   misc.o
      2888        244          0          0        780       6370   motor_control.o
       296         26          0          0          0        949   myservo.o
     10730        380          0          4         52       6653   routeplan.o
        64         26        392          0       1536        840   startup_stm32f40_41xxx.o
      2544         38          0          0          0       8164   stm32f4xx_can.o
       660         44          0          0          0       4177   stm32f4xx_gpio.o
        26          0          0          0          0       1230   stm32f4xx_it.o
      1628         52          0         16          0      13064   stm32f4xx_rcc.o
      3234         60          0          0          0      23032   stm32f4xx_tim.o
      1108         34          0          0          0       7900   stm32f4xx_usart.o
       528         46          0         20          0       1807   system_stm32f4xx.o
      3996        138          0          4          0       6618   track.o
      2224        110          0          9        296       7625   usart.o

    ----------------------------------------------------------------------
     34134       1362        424         84       2700     391295   Object Totals
         0          0         32          0          0          0   (incl. Generated)
         4          0          0          6          0          0   (incl. Padding)

    ----------------------------------------------------------------------

      Code (inc. data)   RO Data    RW Data    ZI Data      Debug   Library Member Name

         8          0          0          0          0         68   __main.o
         0          0          0          0          0          0   __rtentry.o
        12          0          0          0          0          0   __rtentry2.o
         6          0          0          0          0          0   __rtentry4.o
        52          8          0          0          0          0   __scatter.o
        26          0          0          0          0          0   __scatter_copy.o
        28          0          0          0          0          0   __scatter_zi.o
        22          0          0          0          0        100   _rserrno.o
        18          0          0          0          0         80   exit.o
         6          0          0          0          0        152   heapauxi.o
         2          0          0          0          0          0   libinit.o
         6          0          0          0          0          0   libinit2.o
         2          0          0          0          0          0   libshutdown.o
         2          0          0          0          0          0   libshutdown2.o
         8          4          0          0         96         68   libspace.o
         8          4          0          0          0         68   rt_errno_addr_intlibspace.o
       100          0          0          0          0         80   rt_memcpy_w.o
         2          0          0          0          0          0   rtexit.o
        10          0          0          0          0          0   rtexit2.o
        74          0          0          0          0         80   sys_stackheap_outer.o
         2          0          0          0          0         68   use_no_semi.o
         2          0          0          0          0         68   use_no_semi_2.o
        24          0          0          0          0        164   basic.o
        98          4          0          0          0        140   d2f.o
       826         16          0          0          0        492   daddsub_clz.o
        24          0          0          0          0        116   dcmpi.o
       688        140          0          0          0        256   ddiv.o
        94          4          0          0          0        140   dfix.o
        84          0          0          0          0        232   dflt_clz.o
       120          4          0          0          0        140   dleqf.o
       340         12          0          0          0        152   dmul.o
       156          4          0          0          0        140   dnaninf.o
        12          0          0          0          0        116   dretinf.o
        86          4          0          0          0        132   f2d.o
       140          4          0          0          0        132   fnaninf.o
        10          0          0          0          0        116   fpinit.o
        10          0          0          0          0        116   fretinf.o
         0          0          0          0          0          0   usenofp.o
       200         20          0          0          0        164   cos.o
       368         46         48          0          0        200   cos_i.o
        84         16          0          0          0        372   dunder.o
        44          0          0          0          0        248   fabs.o
        48          0          0          0          0        124   fpclassify.o
       248          0          0          0          0        152   poly.o
      1080        142        200          0          0        188   rred.o
       200         20          0          0          0        164   sin.o
       304         24         40          0          0        208   sin_i.o

    ----------------------------------------------------------------------
      5706        476        288          0         96       5236   Library Totals
        22          0          0          0          0          0   (incl. Padding)

    ----------------------------------------------------------------------

      Code (inc. data)   RO Data    RW Data    ZI Data      Debug   Library Name

       396         16          0          0         96        832   c_w.l
      2712        192          0          0          0       2584   fz_wm.l
      2576        268        288          0          0       1820   m_wm.l

    ----------------------------------------------------------------------
      5706        476        288          0         96       5236   Library Totals

    ----------------------------------------------------------------------

==============================================================================


      Code (inc. data)   RO Data    RW Data    ZI Data      Debug   

     39840       1838        712         84       2796     389719   Grand Totals
     39840       1838        712         84       2796     389719   ELF Image Totals
     39840       1838        712         84          0          0   ROM Totals

==============================================================================

    Total RO  Size (Code + RO Data)                40552 (  39.60kB)
    Total RW  Size (RW Data + ZI Data)              2880 (   2.81kB)
    Total ROM Size (Code + RO Data + RW Data)      40636 (  39.68kB)

==============================================================================

